{"mode": "full", "cpu_s": 3.218611, "peak_rss_bytes": 506200064, "sched_rows": 0, "sched_frontier": 0, "completion_frontier": 0, "thread_state_rows": 0, "thread_state_frontier": 0, "thread_state_ts_capacity_bytes": 0, "slice_rows": 4000001, "slice_frontier": 0, "arg_rows": 200, "arg_frontier": 0, "inserts": 0, "updates": 0, "checksum": "0", "repeat": 0, "count": 4000000}
{"mode": "slice", "cpu_s": 3.359, "peak_rss_bytes": 13975552, "sched_rows": 0, "sched_frontier": 0, "completion_frontier": 0, "thread_state_rows": 0, "thread_state_frontier": 0, "thread_state_ts_capacity_bytes": 0, "slice_rows": 4000001, "slice_frontier": 3999744, "arg_rows": 200, "arg_frontier": 0, "inserts": 4004305, "updates": 8000015, "checksum": "d11f50af358e8d4d", "repeat": 0, "count": 4000000}
{"mode": "slice", "cpu_s": 3.356935, "peak_rss_bytes": 13975552, "sched_rows": 0, "sched_frontier": 0, "completion_frontier": 0, "thread_state_rows": 0, "thread_state_frontier": 0, "thread_state_ts_capacity_bytes": 0, "slice_rows": 4000001, "slice_frontier": 3999744, "arg_rows": 200, "arg_frontier": 0, "inserts": 4004305, "updates": 8000015, "checksum": "d11f50af358e8d4d", "repeat": 1, "count": 4000000}
{"mode": "full", "cpu_s": 3.215917, "peak_rss_bytes": 506232832, "sched_rows": 0, "sched_frontier": 0, "completion_frontier": 0, "thread_state_rows": 0, "thread_state_frontier": 0, "thread_state_ts_capacity_bytes": 0, "slice_rows": 4000001, "slice_frontier": 0, "arg_rows": 200, "arg_frontier": 0, "inserts": 0, "updates": 0, "checksum": "0", "repeat": 1, "count": 4000000}
{"mode": "full", "cpu_s": 3.218285, "peak_rss_bytes": 506200064, "sched_rows": 0, "sched_frontier": 0, "completion_frontier": 0, "thread_state_rows": 0, "thread_state_frontier": 0, "thread_state_ts_capacity_bytes": 0, "slice_rows": 4000001, "slice_frontier": 0, "arg_rows": 200, "arg_frontier": 0, "inserts": 0, "updates": 0, "checksum": "0", "repeat": 2, "count": 4000000}
{"mode": "slice", "cpu_s": 3.386695, "peak_rss_bytes": 13991936, "sched_rows": 0, "sched_frontier": 0, "completion_frontier": 0, "thread_state_rows": 0, "thread_state_frontier": 0, "thread_state_ts_capacity_bytes": 0, "slice_rows": 4000001, "slice_frontier": 3999744, "arg_rows": 200, "arg_frontier": 0, "inserts": 4004305, "updates": 8000015, "checksum": "d11f50af358e8d4d", "repeat": 2, "count": 4000000}
{"mode": "slice", "cpu_s": 3.364899, "peak_rss_bytes": 14008320, "sched_rows": 0, "sched_frontier": 0, "completion_frontier": 0, "thread_state_rows": 0, "thread_state_frontier": 0, "thread_state_ts_capacity_bytes": 0, "slice_rows": 4000001, "slice_frontier": 3999744, "arg_rows": 200, "arg_frontier": 0, "inserts": 4004305, "updates": 8000015, "checksum": "d11f50af358e8d4d", "repeat": 3, "count": 4000000}
{"mode": "full", "cpu_s": 3.182913, "peak_rss_bytes": 506216448, "sched_rows": 0, "sched_frontier": 0, "completion_frontier": 0, "thread_state_rows": 0, "thread_state_frontier": 0, "thread_state_ts_capacity_bytes": 0, "slice_rows": 4000001, "slice_frontier": 0, "arg_rows": 200, "arg_frontier": 0, "inserts": 0, "updates": 0, "checksum": "0", "repeat": 3, "count": 4000000}
{"mode": "full", "cpu_s": 3.205785, "peak_rss_bytes": 506232832, "sched_rows": 0, "sched_frontier": 0, "completion_frontier": 0, "thread_state_rows": 0, "thread_state_frontier": 0, "thread_state_ts_capacity_bytes": 0, "slice_rows": 4000001, "slice_frontier": 0, "arg_rows": 200, "arg_frontier": 0, "inserts": 0, "updates": 0, "checksum": "0", "repeat": 4, "count": 4000000}
{"mode": "slice", "cpu_s": 3.325174, "peak_rss_bytes": 14057472, "sched_rows": 0, "sched_frontier": 0, "completion_frontier": 0, "thread_state_rows": 0, "thread_state_frontier": 0, "thread_state_ts_capacity_bytes": 0, "slice_rows": 4000001, "slice_frontier": 3999744, "arg_rows": 200, "arg_frontier": 0, "inserts": 4004305, "updates": 8000015, "checksum": "d11f50af358e8d4d", "repeat": 4, "count": 4000000}
[
  {
    "count": 1000000,
    "mode": "full",
    "cpu_s": 0.804608,
    "peak_rss_mib": 100.078125
  },
  {
    "count": 4000000,
    "mode": "full",
    "cpu_s": 3.215917,
    "peak_rss_mib": 482.765625,
    "slice_rows": 4000001,
    "slice_frontier": 0
  },
  {
    "count": 1000000,
    "mode": "slice",
    "cpu_s": 0.846658,
    "peak_rss_mib": 13.296875
  },
  {
    "count": 4000000,
    "mode": "slice",
    "cpu_s": 3.359,
    "peak_rss_mib": 13.34375,
    "slice_rows": 4000001,
    "slice_frontier": 3999744
  }
]
