{"mode": "full", "cpu_s": 3.262532, "peak_rss_bytes": 506331136, "sched_rows": 0, "sched_frontier": 0, "completion_frontier": 0, "thread_state_rows": 0, "thread_state_frontier": 0, "thread_state_ts_capacity_bytes": 0, "slice_rows": 4000001, "slice_frontier": 0, "arg_rows": 200, "arg_frontier": 0, "inserts": 0, "updates": 0, "checksum": "0", "repeat": 0, "count": 4000000}
{"mode": "slice", "cpu_s": 3.414069, "peak_rss_bytes": 13975552, "sched_rows": 0, "sched_frontier": 0, "completion_frontier": 0, "thread_state_rows": 0, "thread_state_frontier": 0, "thread_state_ts_capacity_bytes": 0, "slice_rows": 4000001, "slice_frontier": 3999744, "arg_rows": 200, "arg_frontier": 0, "inserts": 4004305, "updates": 8000015, "checksum": "d11f50af358e8d4d", "repeat": 0, "count": 4000000}
{"mode": "slice", "cpu_s": 3.414183, "peak_rss_bytes": 14057472, "sched_rows": 0, "sched_frontier": 0, "completion_frontier": 0, "thread_state_rows": 0, "thread_state_frontier": 0, "thread_state_ts_capacity_bytes": 0, "slice_rows": 4000001, "slice_frontier": 3999744, "arg_rows": 200, "arg_frontier": 0, "inserts": 4004305, "updates": 8000015, "checksum": "d11f50af358e8d4d", "repeat": 1, "count": 4000000}
{"mode": "full", "cpu_s": 3.247737, "peak_rss_bytes": 506281984, "sched_rows": 0, "sched_frontier": 0, "completion_frontier": 0, "thread_state_rows": 0, "thread_state_frontier": 0, "thread_state_ts_capacity_bytes": 0, "slice_rows": 4000001, "slice_frontier": 0, "arg_rows": 200, "arg_frontier": 0, "inserts": 0, "updates": 0, "checksum": "0", "repeat": 1, "count": 4000000}
{"mode": "full", "cpu_s": 3.236913, "peak_rss_bytes": 506265600, "sched_rows": 0, "sched_frontier": 0, "completion_frontier": 0, "thread_state_rows": 0, "thread_state_frontier": 0, "thread_state_ts_capacity_bytes": 0, "slice_rows": 4000001, "slice_frontier": 0, "arg_rows": 200, "arg_frontier": 0, "inserts": 0, "updates": 0, "checksum": "0", "repeat": 2, "count": 4000000}
{"mode": "slice", "cpu_s": 3.396177, "peak_rss_bytes": 14090240, "sched_rows": 0, "sched_frontier": 0, "completion_frontier": 0, "thread_state_rows": 0, "thread_state_frontier": 0, "thread_state_ts_capacity_bytes": 0, "slice_rows": 4000001, "slice_frontier": 3999744, "arg_rows": 200, "arg_frontier": 0, "inserts": 4004305, "updates": 8000015, "checksum": "d11f50af358e8d4d", "repeat": 2, "count": 4000000}
{"mode": "slice", "cpu_s": 3.410128, "peak_rss_bytes": 14041088, "sched_rows": 0, "sched_frontier": 0, "completion_frontier": 0, "thread_state_rows": 0, "thread_state_frontier": 0, "thread_state_ts_capacity_bytes": 0, "slice_rows": 4000001, "slice_frontier": 3999744, "arg_rows": 200, "arg_frontier": 0, "inserts": 4004305, "updates": 8000015, "checksum": "d11f50af358e8d4d", "repeat": 3, "count": 4000000}
{"mode": "full", "cpu_s": 3.257599, "peak_rss_bytes": 506298368, "sched_rows": 0, "sched_frontier": 0, "completion_frontier": 0, "thread_state_rows": 0, "thread_state_frontier": 0, "thread_state_ts_capacity_bytes": 0, "slice_rows": 4000001, "slice_frontier": 0, "arg_rows": 200, "arg_frontier": 0, "inserts": 0, "updates": 0, "checksum": "0", "repeat": 3, "count": 4000000}
{"mode": "full", "cpu_s": 3.285323, "peak_rss_bytes": 506314752, "sched_rows": 0, "sched_frontier": 0, "completion_frontier": 0, "thread_state_rows": 0, "thread_state_frontier": 0, "thread_state_ts_capacity_bytes": 0, "slice_rows": 4000001, "slice_frontier": 0, "arg_rows": 200, "arg_frontier": 0, "inserts": 0, "updates": 0, "checksum": "0", "repeat": 4, "count": 4000000}
{"mode": "slice", "cpu_s": 3.401545, "peak_rss_bytes": 13975552, "sched_rows": 0, "sched_frontier": 0, "completion_frontier": 0, "thread_state_rows": 0, "thread_state_frontier": 0, "thread_state_ts_capacity_bytes": 0, "slice_rows": 4000001, "slice_frontier": 3999744, "arg_rows": 200, "arg_frontier": 0, "inserts": 4004305, "updates": 8000015, "checksum": "d11f50af358e8d4d", "repeat": 4, "count": 4000000}
[
  {
    "count": 1000000,
    "mode": "full",
    "cpu_s": 0.812148,
    "peak_rss_mib": 100.140625
  },
  {
    "count": 4000000,
    "mode": "full",
    "cpu_s": 3.257599,
    "peak_rss_mib": 482.84375,
    "slice_rows": 4000001,
    "slice_frontier": 0
  },
  {
    "count": 1000000,
    "mode": "slice",
    "cpu_s": 0.855975,
    "peak_rss_mib": 13.359375
  },
  {
    "count": 4000000,
    "mode": "slice",
    "cpu_s": 3.410128,
    "peak_rss_mib": 13.390625,
    "slice_rows": 4000001,
    "slice_frontier": 3999744
  }
]
