ninja: Entering directory `out/mac_debug'
[0/1] Regenerating ninja files
[1/465] compile ../../src/traceconv/utils.cc
[2/465] compile ../../src/trace_processor/util/trace_enrichment/trace_enrichment.cc
[3/465] compile ../../src/trace_processor/rpc/query_result_deserializer.cc
[4/465] ACTION //python:trace_processor_table_generator(//gn/standalone/toolchain:gcc_like)
[5/465] ACTION //src/trace_processor/plugins/critical_path:tables(//gn/standalone/toolchain:gcc_like)
[6/465] ACTION //src/trace_processor/plugins/developer_functions:tables(//gn/standalone/toolchain:gcc_like)
[7/465] ACTION //src/trace_processor/plugins/dfs_weight_bounded:tables(//gn/standalone/toolchain:gcc_like)
[8/465] compile ../../src/trace_processor/util/sql_argument.cc
[9/465] compile ../../src/trace_processor/plugins/flamechart/flamechart.cc
[10/465] ACTION //src/trace_processor/plugins/dominator_tree:tables(//gn/standalone/toolchain:gcc_like)
[11/465] ACTION //src/trace_processor/plugins/graph_traversal:tables(//gn/standalone/toolchain:gcc_like)
[12/465] ACTION //src/trace_processor/plugins/stdlib_docs:tables(//gn/standalone/toolchain:gcc_like)
[13/465] compile ../../src/trace_processor/util/symbolizer/symbolize_database.cc
[14/465] ACTION //src/trace_processor/plugins/structural_tree_partition:tables(//gn/standalone/toolchain:gcc_like)
[15/465] ACTION //src/trace_processor/plugins/table_info:tables(//gn/standalone/toolchain:gcc_like)
[16/465] ACTION //src/trace_processor/plugins/video_frame_importer:tables(//gn/standalone/toolchain:gcc_like)
[17/465] ACTION //src/trace_processor/plugins/winscope_proto_to_args_with_defaults:tables(//gn/standalone/toolchain:gcc_like)
[18/465] ACTION //src/trace_processor/plugins/winscope_surfaceflinger_hierarchy_paths:tables(//gn/standalone/toolchain:gcc_like)
[19/465] ACTION //src/trace_processor/tables:tables_python(//gn/standalone/toolchain:gcc_like)
[20/465] compile ../../src/traceconv/pprof_builder.cc
[21/465] compile ../../src/trace_processor/util/symbolizer/symbolize_database_unittest.cc
[22/465] compile ../../src/trace_processor/core/dataframe/adhoc_dataframe_builder.cc
[23/465] compile ../../src/trace_processor/util/sql_argument_unittest.cc
[24/465] compile ../../src/trace_processor/core/dataframe/arrow_serializer.cc
[25/465] compile ../../src/trace_processor/core/dataframe/arrow_deserializer.cc
[26/465] compile ../../src/trace_processor/core/dataframe/bytecode_lowering.cc
[27/465] compile ../../src/trace_processor/plugins/flamechart/flamechart_unittest.cc
[28/465] compile ../../src/trace_processor/importers/proto/android_kernel_wakelocks_state.cc
[29/465] compile ../../src/trace_processor/importers/proto/android_cpu_per_uid_state.cc
[30/465] compile ../../src/trace_processor/util/proto_to_args_parser_unittest.cc
[31/465] compile ../../src/trace_processor/importers/proto/android_cpu_per_uid_module.cc
[32/465] compile ../../src/trace_processor/importers/proto/android_probes_tracker.cc
[33/465] compile ../../src/trace_processor/importers/proto/android_kernel_wakelocks_module.cc
[34/465] compile ../../src/trace_processor/importers/proto/android_probes_module.cc
[35/465] compile ../../src/trace_processor/importers/proto/gpu_counter_sequence_state.cc
[36/465] compile ../../src/trace_processor/importers/proto/content_analyzer.cc
[37/465] compile ../../src/trace_processor/importers/proto/additional_modules.cc
[38/465] compile ../../src/trace_processor/importers/proto/android_probes_parser.cc
[39/465] compile ../../src/trace_processor/importers/proto/deobfuscation_module.cc
[40/465] compile ../../src/trace_processor/importers/proto/deobfuscation_tracker.cc
[41/465] compile ../../src/trace_processor/importers/proto/frame_timeline_event_parser.cc
[42/465] compile ../../src/trace_processor/importers/proto/linux_probes_module.cc
[43/465] compile ../../src/trace_processor/importers/proto/jit_tracker.cc
[44/465] compile ../../src/trace_processor/importers/proto/graphics_frame_event_parser.cc
[45/465] compile ../../src/trace_processor/importers/proto/heap_graph_module.cc
[46/465] compile ../../src/trace_processor/importers/proto/graphics_event_module.cc
[47/465] compile ../../src/trace_processor/importers/proto/gpu_event_parser.cc
[48/465] compile ../../src/trace_processor/importers/proto/heap_graph_tracker.cc
[49/465] compile ../../src/trace_processor/importers/proto/linux_probes_parser.cc
[50/465] compile ../../src/trace_processor/importers/proto/pixel_modem_module.cc
[51/465] compile ../../src/trace_processor/importers/proto/system_probes_module.cc
[52/465] compile ../../src/trace_processor/importers/proto/pixel_modem_parser.cc
[53/465] compile ../../src/trace_processor/importers/proto/metadata_module.cc
[54/465] compile ../../src/trace_processor/importers/proto/profile_module.cc
[55/465] compile ../../src/trace_processor/importers/proto/statsd_module.cc
[56/465] compile ../../src/trace_processor/importers/proto/translation_table_module.cc
[57/465] compile ../../src/trace_processor/importers/proto/v8_sequence_state.cc
[58/465] compile ../../src/trace_processor/importers/proto/system_probes_parser.cc
[59/465] compile ../../src/trace_processor/importers/proto/vulkan_memory_tracker.cc
[60/465] compile ../../src/trace_processor/importers/proto/v8_module.cc
[61/465] compile ../../src/trace_processor/importers/proto/chrome_string_lookup.cc
[62/465] compile ../../src/trace_processor/importers/proto/active_chrome_processes_tracker.cc
[63/465] compile ../../src/trace_processor/importers/proto/v8_tracker.cc
[64/465] compile ../../src/trace_processor/importers/proto/chrome_system_probes_module.cc
[65/465] compile ../../src/trace_processor/importers/proto/app_wakelock_module.cc
[66/465] compile ../../src/trace_processor/importers/proto/args_parser.cc
[67/465] compile ../../src/trace_processor/importers/proto/chrome_system_probes_parser.cc
[68/465] compile ../../src/trace_processor/importers/proto/incremental_state.cc
[69/465] compile ../../src/trace_processor/importers/proto/concurrent_sessions_module.cc
[70/465] compile ../../src/trace_processor/importers/proto/metadata_minimal_module.cc
[71/465] compile ../../src/trace_processor/importers/proto/packet_analyzer.cc
[72/465] compile ../../src/trace_processor/importers/proto/default_modules.cc
[73/465] compile ../../src/trace_processor/importers/proto/network_trace_module.cc
[74/465] compile ../../src/trace_processor/importers/proto/packet_sequence_state_generation.cc
[75/465] compile ../../src/trace_processor/importers/proto/memory_tracker_snapshot_module.cc
[76/465] compile ../../src/trace_processor/importers/proto/memory_tracker_snapshot_parser.cc
[77/465] compile ../../src/trace_processor/importers/proto/perf_sample_tracker.cc
[78/465] compile ../../src/trace_processor/importers/proto/profile_packet_utils.cc
[79/465] compile ../../src/trace_processor/importers/proto/profile_packet_sequence_state.cc
[80/465] compile ../../src/trace_processor/importers/proto/protovm_incremental_tracing.cc
[81/465] compile ../../src/trace_processor/importers/proto/proto_trace_parser_impl.cc
[82/465] compile ../../src/trace_processor/importers/proto/tracing_service_module.cc
[83/465] compile ../../src/trace_processor/importers/proto/stack_profile_sequence_state.cc
[84/465] compile ../../src/trace_processor/importers/proto/proto_trace_reader.cc
[85/465] compile ../../src/trace_processor/importers/proto/track_event_arg_fields.cc
[86/465] compile ../../src/trace_processor/importers/proto/track_event_extension_parser.cc
[87/465] compile ../../src/trace_processor/importers/proto/track_event_module.cc
[88/465] compile ../../src/trace_processor/importers/proto/proto_importer_module.cc
[89/465] compile ../../src/trace_processor/importers/proto/user_tracker.cc
[90/465] compile ../../src/trace_processor/importers/proto/track_event_tracker.cc
[91/465] compile ../../src/trace_processor/importers/proto/track_event_tokenizer.cc
[92/465] compile ../../src/trace_processor/importers/proto/active_chrome_processes_tracker_unittest.cc
[93/465] compile ../../src/trace_processor/importers/proto/track_event_parser.cc
[94/465] compile ../../src/trace_processor/importers/proto/heap_graph_tracker_unittest.cc
[95/465] compile ../../src/trace_processor/importers/proto/chrome_string_lookup_unittest.cc
[96/465] compile ../../src/trace_processor/importers/proto/jit_tracker_unittest.cc
[97/465] compile ../../src/trace_processor/importers/proto/packet_sequence_state_generation_unittest.cc
[98/465] compile ../../src/trace_processor/importers/proto/profile_packet_sequence_state_unittest.cc
[99/465] compile ../../src/trace_processor/importers/proto/perf_sample_tracker_unittest.cc
[100/465] compile ../../src/trace_processor/importers/syscalls/syscall_tracker.cc
[101/465] compile ../../src/trace_processor/importers/systrace/systrace_line_parser.cc
[102/465] compile ../../src/trace_processor/importers/proto/network_trace_module_unittest.cc
[103/465] compile ../../src/trace_processor/importers/proto/proto_trace_reader_unittest.cc
[104/465] compile ../../src/trace_processor/importers/simpleperf_proto/simpleperf_proto_tokenizer.cc
[105/465] ACTION //src/trace_processor/plugins/android_framework_track_event:tables(//gn/standalone/toolchain:gcc_like)
[106/465] compile ../../src/trace_processor/metrics/metrics.cc
[107/465] compile ../../src/trace_processor/importers/systrace/systrace_parser_unittest.cc
[108/465] compile ../../src/trace_processor/importers/simpleperf_proto/simpleperf_proto_parser.cc
[109/465] compile ../../src/trace_processor/importers/proto/proto_trace_parser_impl_unittest.cc
[110/465] compile ../../src/trace_processor/importers/systrace/systrace_trace_parser.cc
[111/465] compile ../../src/trace_processor/perfetto_sql/engine/connection_catalog.cc
[112/465] compile ../../src/trace_processor/importers/systrace/systrace_parser.cc
[113/465] compile ../../src/trace_processor/perfetto_sql/engine/created_function.cc
[114/465] compile ../../src/trace_processor/importers/syscalls/syscall_tracker_unittest.cc
[115/465] compile ../../src/trace_processor/perfetto_sql/engine/perfetto_sql_database.cc
[116/465] compile ../../src/trace_processor/perfetto_sql/engine/sqlite_dataframe_builder.cc
[117/465] compile ../../src/trace_processor/perfetto_sql/engine/perfetto_sql_connection.cc
[118/465] compile ../../src/trace_processor/perfetto_sql/engine/pipeline_module.cc
[119/465] compile ../../src/trace_processor/perfetto_sql/engine/runtime_table_function.cc
[120/465] compile ../../src/trace_processor/perfetto_sql/engine/static_table_function_module.cc
[121/465] compile ../../src/trace_processor/perfetto_sql/parser/function_util.cc
[122/465] compile ../../src/trace_processor/perfetto_sql/engine/dataframe_module.cc
[123/465] compile ../../src/trace_processor/perfetto_sql/pipeline/catalog.cc
[124/465] compile ../../src/trace_processor/perfetto_sql/engine/connection_catalog_unittest.cc
[125/465] compile ../../src/trace_processor/perfetto_sql/parser/perfetto_sql_parser.cc
[126/465] compile ../../src/trace_processor/perfetto_sql/pipeline/pipeline_sql.cc
[127/465] ACTION //src/trace_processor/plugins/ancestor:tables(//gn/standalone/toolchain:gcc_like)
[128/465] compile ../../src/trace_processor/perfetto_sql/engine/perfetto_sql_connection_unittest.cc
[129/465] compile ../../src/trace_processor/perfetto_sql/pipeline/compiler.cc
[130/465] compile ../../src/trace_processor/perfetto_sql/pipeline/plan_serialization.cc
[131/465] compile ../../src/trace_processor/perfetto_sql/parser/perfetto_sql_parser_unittest.cc
[132/465] compile ../../src/trace_processor/perfetto_sql/pipeline/plan_serialization_unittest.cc
[133/465] ACTION //src/trace_processor/plugins/android_process_state:tables(//gn/standalone/toolchain:gcc_like)
[134/465] compile ../../src/trace_processor/perfetto_sql/pipeline/physical_plan_unittest.cc
[135/465] compile ../../src/trace_processor/plugins/ancestor/ancestor.cc
[136/465] compile ../../src/trace_processor/plugins/ancestor/ancestor_unittest.cc
[137/465] compile ../../src/trace_processor/plugins/android_job_scheduler/android_job_scheduler.cc
[138/465] compile ../../src/trace_processor/plugins/android_framework_track_event/android_framework_track_event.cc
[139/465] compile ../../src/trace_processor/plugins/art_process_metadata_importer/art_process_metadata_importer.cc
[140/465] compile ../../src/trace_processor/plugins/android_job_scheduler/android_job_scheduler_tracker.cc
[141/465] compile ../../src/trace_processor/plugins/android_job_scheduler/android_job_scheduler_tracker_unittest.cc
[142/465] compile ../../src/trace_processor/plugins/android_process_state/android_process_state.cc
[143/465] ACTION //src/trace_processor/plugins/connected_flow:tables(//gn/standalone/toolchain:gcc_like)
[144/465] compile ../../src/trace_processor/plugins/args/args.cc
[145/465] compile ../../src/trace_processor/plugins/base64_functions/base64.cc
[146/465] compile ../../src/trace_processor/plugins/android_process_state/android_process_state_module.cc
[147/465] compile ../../src/trace_processor/plugins/android_process_state/android_process_state_tracker.cc
[148/465] compile ../../src/trace_processor/plugins/core_functions/plugin.cc
[149/465] compile ../../src/trace_processor/plugins/create_function/create_function.cc
[150/465] compile ../../src/trace_processor/plugins/art_heap_graph_functions/art_heap_graph_functions.cc
[151/465] compile ../../src/trace_processor/plugins/art_process_metadata_importer/art_process_metadata_module.cc
[152/465] compile ../../src/trace_processor/plugins/counter_mipmap_operator/counter_mipmap_operator.cc
[153/465] compile ../../src/trace_processor/plugins/connected_flow/connected_flow.cc
[154/465] compile ../../src/trace_processor/plugins/counter_intervals/counter_intervals.cc
[155/465] compile ../../src/trace_processor/plugins/connected_flow/connected_flow_unittest.cc
[156/465] compile ../../src/trace_processor/plugins/create_view_function/create_view_function.cc
[157/465] compile ../../src/trace_processor/plugins/critical_path/critical_path.cc
[158/465] ACTION //src/trace_processor/plugins/experimental_annotated_stack:tables(//gn/standalone/toolchain:gcc_like)
[159/465] ACTION //src/trace_processor/plugins/experimental_flat_slice:tables(//gn/standalone/toolchain:gcc_like)
[160/465] compile ../../src/trace_processor/plugins/create_intervals/create_intervals.cc
[161/465] compile ../../src/trace_processor/plugins/descendant/descendant.cc
[162/465] compile ../../src/trace_processor/plugins/developer_functions/dataframe_query_plan_decoder.cc
[163/465] compile ../../src/trace_processor/plugins/dfs_weight_bounded/dfs_weight_bounded.cc
[164/465] ACTION //src/trace_processor/plugins/experimental_slice_layout:tables(//gn/standalone/toolchain:gcc_like)
[165/465] compile ../../src/trace_processor/plugins/descendant/descendant_unittest.cc
[166/465] compile ../../src/trace_processor/plugins/dominator_tree/dominator_tree.cc
[167/465] compile ../../src/trace_processor/plugins/experimental_annotated_stack/experimental_annotated_stack.cc
[168/465] compile ../../src/traceconv/deobfuscate_profile.cc
[169/465] compile ../../src/traceconv/symbolize_profile.cc
[170/465] compile ../../src/traceconv/trace_to_firefox.cc
[171/465] compile ../../src/trace_processor/plugins/experimental_flamegraph/experimental_flamegraph.cc
[172/465] compile ../../src/traceconv/trace_to_systrace.cc
[173/465] compile ../../src/traceconv/trace_to_profile.cc
[174/465] compile ../../src/traceconv/trace_to_json.cc
[175/465] compile ../../src/traceconv/trace_to_bundle.cc
[176/465] compile ../../src/trace_processor/plugins/experimental_flamegraph/flamegraph_construction_algorithms.cc
[177/465] compile ../../src/trace_processor/plugins/experimental_flat_slice/experimental_flat_slice.cc
[178/465] compile ../../src/trace_processor/plugins/experimental_flat_slice/experimental_flat_slice_unittest.cc
[179/465] compile ../../src/trace_processor/metrics/metrics_unittest.cc
[180/465] compile ../../src/trace_processor/plugins/import/import.cc
[181/465] compile ../../src/trace_processor/plugins/flamechart/flamechart_function.cc
[182/465] compile ../../src/trace_processor/plugins/experimental_slice_layout/experimental_slice_layout_unittest.cc
[183/465] compile ../../src/trace_processor/plugins/experimental_slice_layout/experimental_slice_layout.cc
[184/465] compile ../../src/trace_processor/plugins/graph_traversal/graph_traversal.cc
[185/465] compile ../../src/trace_processor/plugins/flamegraph/flamegraph_function.cc
[186/465] compile ../../src/trace_processor/plugins/math_functions/math.cc
[187/465] compile ../../src/trace_processor/plugins/graph_scan/graph_scan.cc
[188/465] compile ../../src/trace_processor/plugins/layout_functions/layout_functions.cc
[189/465] compile ../../src/trace_processor/plugins/perfetto_manifest/perfetto_manifest.cc
[190/465] compile ../../src/trace_processor/plugins/metadata/metadata.cc
[191/465] compile ../../src/trace_processor/plugins/interval_intersect/interval_intersect.cc
[192/465] compile ../../src/trace_processor/plugins/package_lookup/package_lookup.cc
[193/465] compile ../../src/trace_processor/plugins/perf_text/perf_text.cc
[194/465] compile ../../src/trace_processor/plugins/perf_counter/perf_counter.cc
[195/465] compile ../../src/trace_processor/plugins/perf_text/perf_text_trace_tokenizer.cc
[196/465] compile ../../src/trace_processor/plugins/perf_text/perf_text_trace_parser.cc
[197/465] compile ../../src/trace_processor/plugins/slice_mipmap_operator/slice_mipmap_operator.cc
[198/465] compile ../../src/trace_processor/plugins/perfetto_manifest/perfetto_manifest_reader.cc
[199/465] compile ../../src/trace_processor/plugins/span_join_operator/span_join_operator.cc
[200/465] compile ../../src/trace_processor/plugins/span_join_operator/span_join_operator_unittest.cc
[201/465] compile ../../src/trace_processor/plugins/pprof_functions/pprof_functions.cc
[202/465] compile ../../src/trace_processor/plugins/stdlib_docs/stdlib_docs.cc
[203/465] compile ../../src/trace_processor/plugins/sql_stats_table/sql_stats_table.cc
[204/465] compile ../../src/trace_processor/plugins/stack_functions/stack_functions.cc
[205/465] compile ../../src/trace_processor/plugins/strace/strace.cc
[206/465] compile ../../src/trace_processor/plugins/stack_sample_importer/plugin.cc
[207/465] compile ../../src/trace_processor/plugins/string_functions/replace_numbers_function.cc
[208/465] compile ../../src/trace_processor/plugins/string_functions/sqlite3_str_split.cc
[209/465] compile ../../src/trace_processor/plugins/stack_sample_importer/module.cc
[210/465] compile ../../src/trace_processor/plugins/storage_tables/storage_tables.cc
[211/465] compile ../../src/trace_processor/plugins/symbolize/symbolize.cc
[212/465] compile ../../src/trace_processor/plugins/strace/strace_trace_tokenizer_unittest.cc
[213/465] compile ../../src/trace_processor/plugins/strace/strace_trace_parser.cc
[214/465] compile ../../src/trace_processor/plugins/string_functions/sqlite3_str_split_unittest.cc
[215/465] compile ../../src/trace_processor/plugins/strace/strace_trace_tokenizer.cc
[216/465] compile ../../src/trace_processor/plugins/structural_tree_partition/structural_tree_partition.cc
[217/465] compile ../../src/trace_processor/plugins/trace_export/trace_export.cc
[218/465] compile ../../src/trace_processor/plugins/trace_export/perfetto_export_manifest.cc
[219/465] compile ../../src/trace_processor/plugins/table_pointer_module/table_pointer_module.cc
[220/465] compile ../../src/trace_processor/plugins/table_info/table_info.cc
[221/465] compile ../../src/trace_processor/plugins/time_functions/plugin.cc
[222/465] compile ../../src/trace_processor/plugins/trace_export/perfetto_export_reader.cc
[223/465] compile ../../src/trace_processor/plugins/to_ftrace/to_ftrace.cc
[224/465] compile ../../src/trace_processor/plugins/video_frame_importer/video_frame_importer.cc
[225/465] compile ../../src/trace_processor/plugins/utils_functions/utils_functions.cc
[226/465] compile ../../src/trace_processor/plugins/tree_functions/tree_conversion.cc
[227/465] compile ../../src/trace_processor/plugins/type_builder_functions/type_builders.cc
[228/465] compile ../../src/trace_processor/plugins/wattson/plugin.cc
[229/465] compile ../../src/trace_processor/plugins/wattson/table_function.cc
[230/465] compile ../../src/trace_processor/plugins/window_operator/window_operator.cc
[231/465] compile ../../src/trace_processor/plugins/video_frame_importer/video_frame_module.cc
[232/465] compile ../../src/trace_processor/plugins/video_frame_importer/video_frame_module_unittest.cc
[233/465] compile ../../src/trace_processor/plugins/winscope_importer/protolog_message_decoder.cc
[234/465] compile ../../src/trace_processor/plugins/winscope_importer/protolog_parser.cc
[235/465] compile ../../src/trace_processor/plugins/winscope_importer/surfaceflinger_transactions_parser.cc
[236/465] compile ../../src/trace_processor/plugins/winscope_importer/android_input_event_parser.cc
[237/465] compile ../../src/trace_processor/plugins/winscope_importer/surfaceflinger_layers_parser.cc
[238/465] compile ../../src/trace_processor/plugins/winscope_importer/viewcapture_rect_computation.cc
[239/465] compile ../../src/trace_processor/plugins/winscope_importer/surfaceflinger_layers_rect_computation.cc
[240/465] compile ../../src/trace_processor/plugins/winscope_importer/shell_transitions_parser.cc
[241/465] compile ../../src/trace_processor/plugins/winscope_importer/shell_transitions_tracker.cc
[242/465] compile ../../src/trace_processor/trace_summary/summary.cc
[243/465] compile ../../src/trace_processor/plugins/winscope_importer/winscope_transform_tracker.cc
[244/465] compile ../../src/trace_processor/plugins/winscope_importer/viewcapture_args_parser.cc
[245/465] compile ../../src/trace_processor/trace_summary/summarizer_unittest.cc
[246/465] compile ../../src/trace_processor/plugins/winscope_importer/winscope_rect_tracker.cc
[247/465] compile ../../src/trace_processor/plugins/winscope_importer/viewcapture_parser.cc
[248/465] compile ../../src/trace_processor/trace_summary/summarizer.cc
[249/465] compile ../../src/trace_processor/plugins/winscope_importer/windowmanager_parser.cc
[250/465] compile ../../src/trace_processor/plugins/winscope_importer/winscope_importer.cc
[251/465] compile ../../src/trace_processor/plugins/winscope_importer/winscope_module.cc
[252/465] compile ../../src/trace_processor/plugins/zstd_functions/zstd.cc
[253/465] compile ../../src/trace_processor/rpc/query_result_serializer_unittest.cc
[254/465] compile ../../src/trace_processor/rpc/rpc.cc
[255/465] compile ../../src/trace_processor/shell/interactive.cc
[256/465] compile ../../src/trace_processor/shell/query.cc
[257/465] compile ../../src/trace_processor/rpc/query_result_serializer.cc
[258/465] compile ../../src/trace_processor/rpc/httpd.cc
[259/465] compile ../../src/trace_processor/plugins/winscope_surfaceflinger_hierarchy_paths/winscope_surfaceflinger_hierarchy_paths.cc
[260/465] compile ../../src/trace_processor/shell/shell_utils.cc
[261/465] compile ../../src/trace_processor/shell/query_subcommand.cc
[262/465] compile ../../src/trace_processor/shell/util_subcommand.cc
[263/465] compile ../../src/trace_processor/rpc/unixd.cc
[264/465] compile ../../src/trace_processor/plugins/winscope_proto_to_args_with_defaults/winscope_proto_to_args_with_defaults.cc
[265/465] compile ../../src/trace_processor/shell/export_subcommand.cc
[266/465] compile ../../src/trace_processor/rpc/remote_trace_processor.cc
[267/465] compile ../../src/trace_processor/rpc/stdiod.cc
[268/465] compile ../../src/trace_processor/shell/server_subcommand.cc
[269/465] compile ../../src/trace_processor/shell/subcommand_flags_unittest.cc
[270/465] compile ../../src/trace_processor/shell/shell_utils_unittest.cc
[271/465] compile ../../src/trace_processor/rpc/rpc_unittest.cc
[272/465] compile ../../src/trace_processor/sqlite/sqlite_utils_unittest.cc
[273/465] compile ../../src/trace_processor/shell/metatrace.cc
[274/465] compile ../../src/trace_processor/shell/interactive_subcommand.cc
[275/465] compile ../../src/trace_processor/shell/sql_packages.cc
[276/465] compile ../../src/trace_processor/shell/metrics_subcommand.cc
[277/465] compile ../../src/trace_processor/shell/convert_subcommand.cc
[278/465] compile ../../src/trace_processor/shell/bundle_subcommand.cc
[279/465] compile ../../src/trace_processor/sqlite/sqlite_export.cc
[280/465] compile ../../src/trace_processor/sqlite/sqlite_utils.cc
[281/465] compile ../../src/trace_processor/shell/metrics.cc
[282/465] compile ../../src/trace_processor/shell/common_flags.cc
[283/465] compile ../../src/trace_processor/shell/summarize_subcommand.cc
[284/465] compile ../../src/trace_processor/sorter/trace_sorter.cc
[285/465] compile ../../src/trace_processor/sorter/trace_token_buffer_unittest.cc
[286/465] compile ../../src/trace_processor/util/args_utils.cc
[287/465] compile ../../src/trace_processor/storage/trace_storage.cc
[288/465] compile ../../src/trace_processor/sorter/trace_sorter_unittest.cc
[289/465] compile ../../src/trace_processor/util/annotated_callsites.cc
[290/465] compile ../../src/trace_processor/util/json_args.cc
[291/465] compile ../../src/trace_processor/util/profiler_util.cc
[292/465] compile ../../src/trace_processor/importers/common/clock_converter.cc
[293/465] compile ../../src/trace_processor/importers/common/cpu_tracker.cc
[294/465] compile ../../src/trace_processor/util/profile_builder.cc
[295/465] compile ../../src/trace_processor/importers/common/deobfuscation_mapping_table.cc
[296/465] compile ../../src/trace_processor/importers/common/args_translation_table.cc
[297/465] compile ../../src/trace_processor/trace_processor_storage.cc
[298/465] compile ../../src/trace_processor/importers/common/clock_tracker.cc
[299/465] compile ../../src/trace_processor/importers/etw/etw_tokenizer.cc
[300/465] compile ../../src/trace_processor/importers/common/flow_tracker.cc
[301/465] compile ../../src/trace_processor/importers/common/global_stats_tracker.cc
[302/465] compile ../../src/trace_processor/forwarding_trace_parser.cc
[303/465] compile ../../src/trace_processor/importers/etw/etw_module_impl.cc
[304/465] compile ../../src/trace_processor/importers/pprof/pprof_trace_reader.cc
[305/465] compile ../../src/trace_processor/trace_processor_context.cc
[306/465] compile ../../src/trace_processor/trace_processor_storage_impl.cc
[307/465] compile ../../src/trace_processor/importers/common/global_args_tracker.cc
[308/465] compile ../../src/trace_processor/importers/common/global_metadata_tracker.cc
[309/465] compile ../../src/trace_processor/importers/common/import_logs_tracker.cc
[310/465] compile ../../src/trace_processor/importers/common/slice_translation_table_unittest.cc
[311/465] compile ../../src/trace_processor/importers/common/slice_tracker_unittest.cc
[312/465] compile ../../src/trace_processor/importers/etw/etw_parser.cc
[313/465] compile ../../src/trace_processor/importers/common/gpu_tracker.cc
[314/465] compile ../../src/trace_processor/importers/common/sparse_counter_tracker_unittest.cc
[315/465] compile ../../src/trace_processor/importers/common/thread_state_tracker_unittest.cc
[316/465] compile ../../src/trace_processor/importers/common/state_tracker.cc
[317/465] compile ../../src/trace_processor/importers/common/jit_cache.cc
[318/465] compile ../../src/trace_processor/importers/common/metadata_tracker.cc
[319/465] compile ../../src/trace_processor/importers/common/mapping_tracker.cc
[320/465] compile ../../src/trace_processor/importers/collapsed_stack/collapsed_stack_trace_reader.cc
[321/465] compile ../../src/trace_processor/importers/common/clock_converter_unittest.cc
[322/465] compile ../../src/trace_processor/importers/common/deobfuscation_mapping_table_unittest.cc
[323/465] compile ../../src/trace_processor/importers/common/process_track_translation_table_unittest.cc
[324/465] compile ../../src/trace_processor/importers/common/clock_tracker_unittest.cc
[325/465] compile ../../src/trace_processor/importers/common/args_translation_table_unittest.cc
[326/465] compile ../../src/trace_processor/importers/common/global_stats_tracker_unittest.cc
[327/465] compile ../../src/trace_processor/importers/common/event_tracker_unittest.cc
[328/465] compile ../../src/trace_processor/importers/common/flow_tracker_unittest.cc
[329/465] compile ../../src/trace_processor/importers/common/state_tracker_unittest.cc
[330/465] compile ../../src/trace_processor/virtual_destructors.cc
[331/465] compile ../../src/trace_processor/importers/common/stack_profile_tracker.cc
[332/465] compile ../../src/trace_processor/importers/common/process_tracker_unittest.cc
[333/465] compile ../../src/trace_processor/importers/common/profiler_sample_tracker.cc
[334/465] compile ../../src/trace_processor/importers/common/trace_diagnostics_tracker_helper.cc
[335/465] compile ../../src/trace_processor/importers/common/sched_event_tracker.cc
[336/465] compile ../../src/trace_processor/importers/common/track_compressor_unittest.cc
[337/465] compile ../../src/trace_processor/importers/common/slice_tracker.cc
[338/465] compile ../../src/trace_processor/importers/common/trace_file_tracker.cc
[339/465] compile ../../src/trace_processor/importers/common/args_tracker.cc
[340/465] compile ../../src/trace_processor/importers/common/system_info_tracker.cc
[341/465] compile ../../src/trace_processor/importers/common/slice_translation_table.cc
[342/465] compile ../../src/trace_processor/importers/common/track_compressor.cc
[343/465] compile ../../src/trace_processor/importers/common/symbol_tracker.cc
[344/465] compile ../../src/trace_processor/importers/common/thread_state_tracker.cc
[345/465] compile ../../src/trace_processor/importers/common/registered_file_tracker.cc
[346/465] compile ../../src/trace_processor/importers/common/machine_tracker.cc
[347/465] compile ../../src/trace_processor/importers/common/process_track_translation_table.cc
[348/465] compile ../../src/trace_processor/importers/common/process_tracker.cc
[349/465] compile ../../src/trace_processor/importers/common/legacy_v8_cpu_profile_tracker.cc
[350/465] compile ../../src/trace_processor/importers/common/virtual_memory_mapping.cc
[351/465] compile ../../src/trace_processor/importers/common/event_tracker.cc
[352/465] compile ../../src/trace_processor/importers/common/sparse_counter_tracker.cc
[353/465] compile ../../src/trace_processor/importers/common/track_tracker.cc
[354/465] compile ../../src/trace_processor/read_trace.cc
[355/465] compile ../../src/trace_processor/iterator_impl.cc
[356/465] compile ../../src/trace_processor/importers/perf/perf_invocation_unittest.cc
[357/465] compile ../../src/trace_processor/importers/archive/zip_trace_reader.cc
[358/465] compile ../../src/trace_processor/importers/perf/aux_stream_manager_unittest.cc
[359/465] compile ../../src/trace_processor/importers/art_hprof/art_heap_graph_builder.cc
[360/465] compile ../../src/trace_processor/sqlite_iterator_impl.cc
[361/465] compile ../../src/trace_processor/importers/archive/tar_trace_reader.cc
[362/465] compile ../../src/trace_processor/importers/art_method/art_method_v2_tokenizer.cc
[363/465] compile ../../src/trace_processor/importers/art_hprof/art_heap_graph_resolver.cc
[364/465] compile ../../src/trace_processor/read_trace_internal.cc
[365/465] compile ../../src/trace_processor/trace_processor.cc
[366/465] compile ../../src/trace_processor/importers/art_method/art_method_tokenizer.cc
[367/465] compile ../../src/trace_processor/export_json.cc
[368/465] compile ../../src/trace_processor/importers/archive/decompressing_trace_reader.cc
[369/465] compile ../../src/trace_processor/importers/android_bugreport/android_log_reader.cc
[370/465] compile ../../src/trace_processor/trace_processor_shell_main.cc
[371/465] compile ../../src/trace_processor/importers/art_method/art_method_parser.cc
[372/465] compile ../../src/trace_processor/importers/fuchsia/fuchsia_trace_utils_unittest.cc
[373/465] compile ../../src/trace_processor/importers/android_bugreport/android_log_unittest.cc
[374/465] compile ../../src/trace_processor/importers/ftrace/binder_tracker.cc
[375/465] compile ../../src/trace_processor/importers/art_hprof/art_hprof_parser.cc
[376/465] compile ../../src/trace_processor/importers/gecko/gecko_trace_parser.cc
[377/465] compile ../../src/trace_processor/trace_processor_impl.cc
[378/465] compile ../../src/trace_processor/local_file_system_unittest.cc
[379/465] compile ../../src/trace_processor/forwarding_trace_parser_unittest.cc
[380/465] compile ../../src/trace_processor/importers/gecko/gecko_trace_tokenizer.cc
[381/465] compile ../../src/trace_processor/importers/ftrace/virtio_video_tracker.cc
[382/465] compile ../../src/trace_processor/importers/etw/file_io_tracker.cc
[383/465] compile ../../src/trace_processor/importers/fuchsia/fuchsia_parser_unittest.cc
[384/465] compile ../../src/trace_processor/streaming_tables_unittest.cc
../../src/trace_processor/streaming_tables_unittest.cc:256:22: warning: implicit conversion changes signedness: 'int32_t' (aka 'int') to 'uint32_t' (aka 'unsigned int') [-Wsign-conversion]
  256 |       event->set_pid(static_cast<int32_t>(i < 4 ? 0 : 1 + cpu));
      |              ~~~~~~~ ^~~~~~~~~~~~~~~~~~~~~~~~~~~~~~~~~~~~~~~~~
1 warning generated.
[385/465] compile ../../src/trace_processor/importers/ftrace/ftrace_module_impl.cc
[386/465] compile ../../src/trace_processor/importers/ftrace/drm_tracker.cc
[387/465] compile ../../src/trace_processor/importers/ftrace/virtio_gpu_tracker.cc
[388/465] compile ../../src/trace_processor/export_json_unittest.cc
[389/465] compile ../../src/trace_processor/importers/ftrace/v4l2_tracker.cc
[390/465] compile ../../src/trace_processor/importers/ftrace/thermal_tracker.cc
[391/465] compile ../../src/trace_processor/importers/ftrace/rss_stat_tracker.cc
[392/465] compile ../../src/trace_processor/importers/ftrace/ftrace_parser.cc
[393/465] compile ../../src/trace_processor/importers/ftrace/pkvm_hyp_cpu_tracker.cc
[394/465] compile ../../src/trace_processor/importers/ftrace/pixel_mm_kswapd_event_tracker.cc
[395/465] compile ../../src/trace_processor/importers/ftrace/pixel_display_tracker.cc
[396/465] compile ../../src/trace_processor/importers/ftrace/gpu_work_period_tracker.cc
[397/465] compile ../../src/trace_processor/importers/ftrace/ftrace_sched_event_tracker.cc
[398/465] compile ../../src/trace_processor/importers/ftrace/ftrace_tokenizer.cc
[399/465] compile ../../src/trace_processor/importers/fuchsia/fuchsia_trace_utils.cc
[400/465] compile ../../src/trace_processor/importers/ftrace/iostat_tracker.cc
[401/465] compile ../../src/trace_processor/importers/ftrace/mali_gpu_event_tracker.cc
[402/465] compile ../../src/trace_processor/importers/generic_kernel/generic_kernel_module.cc
[403/465] compile ../../src/trace_processor/importers/ftrace/generic_ftrace_tracker.cc
[404/465] compile ../../src/trace_processor/importers/fuchsia/fuchsia_trace_tokenizer.cc
[405/465] compile ../../src/trace_processor/importers/ftrace/ftrace_module.cc
[406/465] compile ../../src/trace_processor/importers/fuchsia/fuchsia_trace_parser.cc
[407/465] compile ../../src/trace_processor/importers/i2c/i2c_tracker.cc
[408/465] compile ../../src/trace_processor/importers/generic_kernel/generic_kernel_parser.cc
[409/465] compile ../../src/trace_processor/importers/ftrace/ftrace_sched_event_tracker_unittest.cc
[410/465] compile ../../src/trace_processor/importers/instruments/row_parser.cc
[411/465] compile ../../src/trace_processor/importers/ftrace/binder_tracker_unittest.cc
[412/465] compile ../../src/trace_processor/importers/instruments/instruments_xml_tokenizer.cc
[413/465] compile ../../src/trace_processor/importers/perf/aux_record.cc
[414/465] compile ../../src/trace_processor/importers/json/json_trace_tokenizer_unittest.cc
[415/465] compile ../../src/trace_processor/importers/json/json_trace_tokenizer.cc
[416/465] compile ../../src/trace_processor/importers/json/json_trace_parser.cc
[417/465] compile ../../src/trace_processor/importers/ninja/ninja_log_parser.cc
[418/465] compile ../../src/trace_processor/importers/perf/aux_data_tokenizer.cc
[419/465] compile ../../src/trace_processor/importers/perf/aux_stream_manager.cc
[420/465] compile ../../src/trace_processor/importers/perf/auxtrace_info_record.cc
[421/465] compile ../../src/trace_processor/importers/perf/auxtrace_record.cc
[422/465] compile ../../src/trace_processor/importers/perf/itrace_start_record.cc
[423/465] compile ../../src/trace_processor/importers/perf/mmap_record.cc
[424/465] compile ../../src/trace_processor/importers/perf/sample.cc
[425/465] compile ../../src/trace_processor/importers/perf/perf_tracker.cc
[426/465] compile ../../src/trace_processor/importers/perf/sample_id.cc
[427/465] compile ../../src/trace_processor/importers/perf/perf_counter.cc
[428/465] compile ../../src/trace_processor/importers/perf/record_parser.cc
[429/465] compile ../../src/trace_processor/importers/perf/perf_data_tokenizer.cc
[430/465] compile ../../src/trace_processor/importers/perf/spe_tokenizer.cc
[431/465] compile ../../src/trace_processor/importers/perf/perf_invocation.cc
[432/465] compile ../../src/trace_processor/importers/perf/spe_record_parser.cc
[433/465] compile ../../src/trace_processor/core/dataframe/dataframe.cc
[434/465] compile ../../src/trace_processor/importers/etw/etw_module.cc
[435/465] compile ../../src/trace_processor/importers/perf/perf_event_attr.cc
[436/465] compile ../../src/trace_processor/importers/primes/primes_trace_tokenizer.cc
[437/465] compile ../../src/trace_processor/importers/etw/disk_io_tracker.cc
[438/465] compile ../../src/trace_processor/core/dataframe/query_plan.cc
[439/465] compile ../../src/trace_processor/core/dataframe/adhoc_dataframe_builder_unittest.cc
[440/465] compile ../../src/trace_processor/core/dataframe/arrow_serializer_unittest.cc
[441/465] compile ../../src/trace_processor/core/dataframe/dataframe_unittest.cc
FAILED: obj/src/trace_processor/core/dataframe/unittests.dataframe_unittest.o 
ccache clang++ -MMD -MF obj/src/trace_processor/core/dataframe/unittests.dataframe_unittest.o.d -DGTEST_LANG_CXX11=1 -DPERFETTO_IMPLEMENTATION -DRE2_USE_ABSL -I../../buildtools/googletest/googletest/include -I../../buildtools/googletest/googlemock/include -I../.. -I../../src/profiling/memory/include -I../../include -Igen/build_config -Igen -I../../buildtools/re2 -I../../buildtools/abseil-cpp -fstrict-aliasing -Wformat -g -fPIC -fstack-protector-strong -fcolor-diagnostics -fdiagnostics-show-template-tree -fno-omit-frame-pointer -Wall -Wextra -Wpedantic -Wextra-semi -Wsign-conversion -Wno-c++98-compat-pedantic -Wno-c++98-compat -Wno-c2y-extensions -Wno-disabled-macro-expansion -Wno-documentation-unknown-command -Wno-gnu-include-next -Wno-gnu-statement-expression -Wno-gnu-zero-variadic-macro-arguments -Wno-padded -Wno-poison-system-directories -Wno-pre-c11-compat -Wno-c2y-extensions -Wno-reserved-id-macro -Wno-reserved-identifier -Wno-shadow-uncaptured-local -Wno-unknown-sanitizers -Wno-unknown-warning-option -Wno-unsafe-buffer-usage -Wno-lifetime-safety-intra-tu-suggestions -Wno-lifetime-safety-cross-tu-suggestions -Wno-lifetime-safety-invalidation -Wno-lifetime-safety-lifetimebound-violation -Wno-lifetime-safety-intra-tu-misplaced-lifetimebound -Wno-lifetime-safety-return-stack-addr -Wno-lifetime-safety-return-stack-addr-moved -Wno-lifetime-safety-dangling-field-moved -Wno-lifetime-safety-use-after-scope-moved -Wno-lifetime-safety-dangling-global -Wno-unique-object-duplication -Wno-nrvo -Wno-switch-default -fvisibility=hidden -O0 -Wno-covered-switch-default -Wno-deprecated-copy-dtor -Wno-global-constructors -Wno-inconsistent-missing-override -Wno-language-extension-token -Wno-suggest-destructor-override -Wno-suggest-override -Wno-undef -Wno-unknown-warning-option -Wno-unused-member-function -Wno-used-but-marked-unused -Wno-weak-vtables -Wno-zero-as-null-pointer-constant -Wno-ms-bitfield-padding -Wno-deprecated-builtins -Wno-deprecated-pragma -Wno-gcc-compat -Wno-nullability-extension -Wno-unknown-warning-option -Wno-redundant-parens -Wno-double-promotion -Wno-thread-safety-negative -Wno-used-but-marked-unused -fno-exceptions -fno-rtti -std=c++17      -c ../../src/trace_processor/core/dataframe/dataframe_unittest.cc -o obj/src/trace_processor/core/dataframe/unittests.dataframe_unittest.o
In file included from ../../src/trace_processor/core/dataframe/dataframe_unittest.cc:17:
../../src/trace_processor/core/dataframe/dataframe.h:801:30: error: no member named 'has_value' in 'std::nullopt_t'
  801 |       bool has_value = value.has_value();
      |                        ~~~~~ ^
../../src/trace_processor/core/dataframe/dataframe.h:494:5: note: in instantiation of function template specialization 'perfetto::trace_processor::core::dataframe::Dataframe::SetCellUncheckedInternal<perfetto::trace_processor::core::Uint32, perfetto::trace_processor::core::DenseNull, std::nullopt_t>' requested here
  494 |     SetCellUncheckedInternal<T, N, M>(row, *column_ptrs_[col], value);
      |     ^
../../src/trace_processor/core/dataframe/dataframe_unittest.cc:2272:6: note: in instantiation of function template specialization 'perfetto::trace_processor::core::dataframe::Dataframe::SetCellUncheckedLegacy<perfetto::trace_processor::core::Uint32, perfetto::trace_processor::core::DenseNull, std::nullopt_t>' requested here
 2272 |   df.SetCellUncheckedLegacy<Uint32, DenseNull>(2, 1, std::nullopt);
      |      ^
1 error generated.
[442/465] compile ../../src/trace_processor/core/plugin/static_table_function.cc
[443/465] compile ../../src/trace_processor/core/dataframe/arrow_deserializer_unittest.cc
[444/465] compile ../../src/trace_processor/core/exec/dataframe_scan.cc
[445/465] compile ../../src/trace_processor/core/dataframe/typed_cursor.cc
[446/465] compile ../../src/trace_processor/core/exec/dataframe_scan_unittest.cc
[447/465] compile ../../src/trace_processor/trace_processor_shell.cc
[448/465] compile ../../src/trace_processor/importers/android_bugreport/android_log_event_parser.cc
ninja: build stopped: subcommand failed.
ninja: Entering directory `out/mac_debug'
[1/19] compile ../../src/trace_processor/core/plugin/plugin.cc
[2/19] compile ../../src/trace_processor/core/tree/tree_from_dataframe.cc
[3/19] compile ../../src/trace_processor/core/tree/tree_algorithms_unittest.cc
[4/19] compile ../../src/trace_processor/core/exec/tree_order_unittest.cc
[5/19] compile ../../src/trace_processor/core/exec/tree_number_nodes_unittest.cc
[6/19] compile ../../src/trace_processor/streaming_tables_unittest.cc
[7/19] compile ../../src/trace_processor/core/dataframe/dataframe_concurrency_unittest.cc
[8/19] compile ../../src/trace_processor/core/dataframe/runtime_dataframe_builder_unittest.cc
[9/19] compile ../../src/trace_processor/importers/primes/primes_trace_parser.cc
[10/19] compile ../../src/trace_processor/importers/android_bugreport/android_bugreport_reader.cc
[11/19] compile ../../src/trace_processor/importers/android_bugreport/android_dumpstate_reader.cc
[12/19] compile ../../src/trace_processor/importers/android_bugreport/android_battery_stats_history_string_tracker.cc
[13/19] compile ../../src/trace_processor/core/dataframe/dataframe_unittest.cc
[14/19] compile ../../src/trace_processor/importers/android_bugreport/android_battery_stats_reader.cc
[15/19] compile ../../src/trace_processor/importers/android_bugreport/android_dumpstate_event_parser.cc
[16/19] link libtrace_processor_shell_lib.a
[17/19] link ./trace_processor_shell
[18/19] link ./perfetto_trace_processor_unittests
[19/19] link ./perfetto_unittests
ninja: Entering directory `out/mac_debug'
[1/3] compile ../../src/trace_processor/core/dataframe/dataframe_unittest.cc
[2/3] link ./perfetto_trace_processor_unittests
[3/3] link ./perfetto_unittests
