ninja: Entering directory `out/mac_debug'
[0/1] Regenerating ninja files
[1/303] compile ../../src/traceconv/trace_to_firefox.cc
[2/303] compile ../../src/traceconv/trace_to_json.cc
[3/303] compile ../../src/traceconv/trace_to_bundle.cc
[4/303] compile ../../src/traceconv/trace_to_systrace.cc
[5/303] compile ../../src/traceconv/trace_to_profile.cc
[6/303] compile ../../src/traceconv/symbolize_profile.cc
[7/303] compile ../../src/traceconv/deobfuscate_profile.cc
[8/303] compile ../../src/traceconv/utils.cc
[9/303] compile ../../src/traceconv/pprof_builder.cc
[10/303] compile ../../src/trace_processor/plugins/wattson/table_function.cc
[11/303] compile ../../src/trace_processor/plugins/window_operator/window_operator.cc
[12/303] compile ../../src/trace_processor/plugins/wattson/plugin.cc
[13/303] compile ../../src/trace_processor/plugins/video_frame_importer/video_frame_importer.cc
[14/303] compile ../../src/trace_processor/plugins/winscope_importer/protolog_message_decoder.cc
[15/303] compile ../../src/trace_processor/plugins/video_frame_importer/video_frame_module.cc
[16/303] compile ../../src/trace_processor/plugins/winscope_importer/surfaceflinger_layers_parser.cc
[17/303] compile ../../src/trace_processor/plugins/winscope_importer/surfaceflinger_transactions_parser.cc
[18/303] compile ../../src/trace_processor/plugins/winscope_importer/android_input_event_parser.cc
[19/303] compile ../../src/trace_processor/plugins/winscope_importer/protolog_parser.cc
[20/303] compile ../../src/trace_processor/plugins/winscope_importer/shell_transitions_parser.cc
[21/303] compile ../../src/trace_processor/plugins/winscope_importer/shell_transitions_tracker.cc
[22/303] compile ../../src/trace_processor/plugins/winscope_importer/viewcapture_rect_computation.cc
[23/303] compile ../../src/trace_processor/plugins/winscope_importer/surfaceflinger_layers_rect_computation.cc
[24/303] compile ../../src/trace_processor/plugins/winscope_importer/winscope_transform_tracker.cc
[25/303] compile ../../src/trace_processor/plugins/winscope_importer/viewcapture_args_parser.cc
[26/303] compile ../../src/trace_processor/plugins/winscope_importer/viewcapture_parser.cc
[27/303] compile ../../src/trace_processor/plugins/winscope_importer/windowmanager_parser.cc
[28/303] compile ../../src/trace_processor/plugins/zstd_functions/zstd.cc
[29/303] compile ../../src/trace_processor/plugins/winscope_importer/winscope_rect_tracker.cc
[30/303] compile ../../src/trace_processor/plugins/winscope_importer/winscope_importer.cc
[31/303] compile ../../src/trace_processor/rpc/httpd.cc
[32/303] compile ../../src/trace_processor/plugins/winscope_importer/winscope_module.cc
[33/303] compile ../../src/trace_processor/rpc/remote_trace_processor.cc
[34/303] compile ../../src/trace_processor/rpc/query_result_deserializer.cc
[35/303] compile ../../src/trace_processor/plugins/winscope_surfaceflinger_hierarchy_paths/winscope_surfaceflinger_hierarchy_paths.cc
[36/303] compile ../../src/trace_processor/plugins/winscope_proto_to_args_with_defaults/winscope_proto_to_args_with_defaults.cc
[37/303] compile ../../src/trace_processor/plugins/metadata/metadata.cc
[38/303] compile ../../src/trace_processor/plugins/perfetto_manifest/perfetto_manifest.cc
[39/303] compile ../../src/trace_processor/plugins/package_lookup/package_lookup.cc
[40/303] compile ../../src/trace_processor/plugins/perf_text/perf_text.cc
[41/303] compile ../../src/trace_processor/plugins/perf_counter/perf_counter.cc
[42/303] compile ../../src/trace_processor/plugins/perf_text/perf_text_trace_tokenizer.cc
[43/303] compile ../../src/trace_processor/plugins/slice_mipmap_operator/slice_mipmap_operator.cc
[44/303] compile ../../src/trace_processor/plugins/span_join_operator/span_join_operator.cc
[45/303] compile ../../src/trace_processor/plugins/span_join_operator/span_join_operator_unittest.cc
[46/303] compile ../../src/trace_processor/plugins/perf_text/perf_text_trace_parser.cc
[47/303] compile ../../src/trace_processor/plugins/perfetto_manifest/perfetto_manifest_reader.cc
[48/303] compile ../../src/trace_processor/plugins/pprof_functions/pprof_functions.cc
[49/303] compile ../../src/trace_processor/plugins/sql_stats_table/sql_stats_table.cc
[50/303] compile ../../src/trace_processor/plugins/stdlib_docs/stdlib_docs.cc
[51/303] compile ../../src/trace_processor/plugins/stack_sample_importer/plugin.cc
[52/303] compile ../../src/trace_processor/plugins/stack_functions/stack_functions.cc
[53/303] compile ../../src/trace_processor/plugins/strace/strace.cc
[54/303] compile ../../src/trace_processor/plugins/stack_sample_importer/module.cc
[55/303] compile ../../src/trace_processor/plugins/storage_tables/storage_tables.cc
[56/303] compile ../../src/trace_processor/plugins/string_functions/sqlite3_str_split.cc
[57/303] compile ../../src/trace_processor/plugins/string_functions/replace_numbers_function.cc
[58/303] compile ../../src/trace_processor/plugins/strace/strace_trace_tokenizer.cc
[59/303] compile ../../src/trace_processor/plugins/symbolize/symbolize.cc
[60/303] compile ../../src/trace_processor/plugins/string_functions/sqlite3_str_split_unittest.cc
[61/303] compile ../../src/trace_processor/plugins/strace/strace_trace_parser.cc
[62/303] compile ../../src/trace_processor/plugins/strace/strace_trace_tokenizer_unittest.cc
[63/303] compile ../../src/trace_processor/plugins/structural_tree_partition/structural_tree_partition.cc
[64/303] compile ../../src/trace_processor/plugins/trace_export/trace_export.cc
[65/303] compile ../../src/trace_processor/plugins/table_pointer_module/table_pointer_module.cc
[66/303] compile ../../src/trace_processor/plugins/table_info/table_info.cc
[67/303] compile ../../src/trace_processor/plugins/trace_export/perfetto_export_manifest.cc
[68/303] compile ../../src/trace_processor/plugins/time_functions/plugin.cc
[69/303] compile ../../src/trace_processor/plugins/to_ftrace/to_ftrace.cc
[70/303] compile ../../src/trace_processor/plugins/trace_export/perfetto_export_reader.cc
[71/303] compile ../../src/trace_processor/plugins/utils_functions/utils_functions.cc
[72/303] compile ../../src/trace_processor/plugins/tree_functions/tree_conversion.cc
[73/303] compile ../../src/trace_processor/plugins/type_builder_functions/type_builders.cc
[74/303] compile ../../src/trace_processor/util/sql_argument.cc
[75/303] compile ../../src/trace_processor/util/annotated_callsites.cc
[76/303] compile ../../src/trace_processor/util/profiler_util.cc
[77/303] compile ../../src/trace_processor/plugins/video_frame_importer/video_frame_module_unittest.cc
[78/303] compile ../../src/trace_processor/util/json_args.cc
[79/303] compile ../../src/trace_processor/util/sql_argument_unittest.cc
[80/303] compile ../../src/trace_processor/util/trace_enrichment/trace_enrichment.cc
[81/303] compile ../../src/trace_processor/util/symbolizer/symbolize_database.cc
[82/303] compile ../../src/trace_processor/util/profile_builder.cc
[83/303] compile ../../src/trace_processor/util/symbolizer/symbolize_database_unittest.cc
[84/303] compile ../../src/trace_processor/shell/shell_utils_unittest.cc
[85/303] compile ../../src/trace_processor/rpc/rpc_unittest.cc
[86/303] compile ../../src/trace_processor/rpc/rpc.cc
[87/303] compile ../../src/trace_processor/rpc/query_result_serializer.cc
[88/303] compile ../../src/trace_processor/util/proto_to_args_parser_unittest.cc
[89/303] compile ../../src/trace_processor/rpc/query_result_serializer_unittest.cc
[90/303] compile ../../src/trace_processor/shell/util_subcommand.cc
[91/303] compile ../../src/trace_processor/shell/export_subcommand.cc
[92/303] compile ../../src/trace_processor/shell/query.cc
[93/303] compile ../../src/trace_processor/shell/subcommand_flags_unittest.cc
[94/303] compile ../../src/trace_processor/shell/shell_utils.cc
[95/303] compile ../../src/trace_processor/shell/server_subcommand.cc
[96/303] compile ../../src/trace_processor/shell/query_subcommand.cc
[97/303] compile ../../src/trace_processor/rpc/stdiod.cc
[98/303] compile ../../src/trace_processor/shell/interactive.cc
[99/303] compile ../../src/trace_processor/rpc/unixd.cc
[100/303] compile ../../src/trace_processor/shell/interactive_subcommand.cc
[101/303] compile ../../src/trace_processor/sqlite/sqlite_utils_unittest.cc
[102/303] compile ../../src/trace_processor/shell/metatrace.cc
[103/303] compile ../../src/trace_processor/shell/convert_subcommand.cc
[104/303] compile ../../src/trace_processor/shell/bundle_subcommand.cc
[105/303] compile ../../src/trace_processor/shell/sql_packages.cc
[106/303] compile ../../src/trace_processor/shell/metrics_subcommand.cc
[107/303] compile ../../src/trace_processor/sqlite/sqlite_export.cc
[108/303] compile ../../src/trace_processor/shell/metrics.cc
[109/303] compile ../../src/trace_processor/sqlite/sqlite_utils.cc
[110/303] compile ../../src/trace_processor/shell/common_flags.cc
[111/303] compile ../../src/trace_processor/shell/summarize_subcommand.cc
[112/303] compile ../../src/trace_processor/trace_summary/summarizer.cc
[113/303] compile ../../src/trace_processor/sorter/trace_sorter.cc
[114/303] compile ../../src/trace_processor/sorter/trace_token_buffer_unittest.cc
[115/303] compile ../../src/trace_processor/storage/trace_storage.cc
[116/303] compile ../../src/trace_processor/trace_summary/summary.cc
[117/303] compile ../../src/trace_processor/sorter/trace_sorter_unittest.cc
[118/303] compile ../../src/trace_processor/trace_summary/summarizer_unittest.cc
[119/303] compile ../../src/trace_processor/util/args_utils.cc
[120/303] compile ../../src/trace_processor/plugins/math_functions/math.cc
[121/303] compile ../../src/trace_processor/importers/proto/packet_sequence_state_generation.cc
[122/303] compile ../../src/trace_processor/plugins/counter_mipmap_operator/counter_mipmap_operator.cc
[123/303] compile ../../src/trace_processor/plugins/create_function/create_function.cc
[124/303] compile ../../src/trace_processor/plugins/critical_path/critical_path.cc
[125/303] compile ../../src/trace_processor/plugins/create_view_function/create_view_function.cc
[126/303] compile ../../src/trace_processor/importers/proto/profile_packet_sequence_state.cc
[127/303] compile ../../src/trace_processor/plugins/create_intervals/create_intervals.cc
[128/303] compile ../../src/trace_processor/plugins/descendant/descendant.cc
[129/303] compile ../../src/trace_processor/plugins/developer_functions/dataframe_query_plan_decoder.cc
[130/303] compile ../../src/trace_processor/plugins/dfs_weight_bounded/dfs_weight_bounded.cc
[131/303] compile ../../src/trace_processor/plugins/descendant/descendant_unittest.cc
[132/303] compile ../../src/trace_processor/plugins/dominator_tree/dominator_tree.cc
[133/303] compile ../../src/trace_processor/plugins/experimental_annotated_stack/experimental_annotated_stack.cc
[134/303] compile ../../src/trace_processor/plugins/experimental_flamegraph/experimental_flamegraph.cc
[135/303] compile ../../src/trace_processor/plugins/experimental_flat_slice/experimental_flat_slice.cc
[136/303] compile ../../src/trace_processor/plugins/experimental_flamegraph/flamegraph_construction_algorithms.cc
[137/303] compile ../../src/trace_processor/plugins/experimental_flat_slice/experimental_flat_slice_unittest.cc
[138/303] compile ../../src/trace_processor/plugins/experimental_slice_layout/experimental_slice_layout_unittest.cc
[139/303] compile ../../src/trace_processor/plugins/experimental_slice_layout/experimental_slice_layout.cc
[140/303] compile ../../src/trace_processor/plugins/import/import.cc
[141/303] compile ../../src/trace_processor/plugins/flamechart/flamechart_function.cc
[142/303] compile ../../src/trace_processor/plugins/graph_traversal/graph_traversal.cc
[143/303] compile ../../src/trace_processor/plugins/flamegraph/flamegraph_function.cc
[144/303] compile ../../src/trace_processor/plugins/graph_scan/graph_scan.cc
[145/303] compile ../../src/trace_processor/plugins/interval_intersect/interval_intersect.cc
[146/303] compile ../../src/trace_processor/plugins/ancestor/ancestor.cc
[147/303] compile ../../src/trace_processor/plugins/ancestor/ancestor_unittest.cc
[148/303] compile ../../src/trace_processor/plugins/android_job_scheduler/android_job_scheduler.cc
[149/303] compile ../../src/trace_processor/plugins/android_framework_track_event/android_framework_track_event.cc
[150/303] compile ../../src/trace_processor/plugins/android_job_scheduler/android_job_scheduler_tracker.cc
[151/303] compile ../../src/trace_processor/plugins/art_process_metadata_importer/art_process_metadata_importer.cc
[152/303] compile ../../src/trace_processor/plugins/android_process_state/android_process_state.cc
[153/303] compile ../../src/trace_processor/plugins/android_job_scheduler/android_job_scheduler_tracker_unittest.cc
[154/303] compile ../../src/trace_processor/plugins/args/args.cc
[155/303] compile ../../src/trace_processor/plugins/base64_functions/base64.cc
[156/303] compile ../../src/trace_processor/plugins/android_process_state/android_process_state_module.cc
[157/303] compile ../../src/trace_processor/plugins/android_process_state/android_process_state_tracker.cc
[158/303] compile ../../src/trace_processor/plugins/core_functions/plugin.cc
[159/303] compile ../../src/trace_processor/plugins/art_heap_graph_functions/art_heap_graph_functions.cc
[160/303] compile ../../src/trace_processor/plugins/art_process_metadata_importer/art_process_metadata_module.cc
[161/303] compile ../../src/trace_processor/plugins/connected_flow/connected_flow.cc
[162/303] compile ../../src/trace_processor/plugins/layout_functions/layout_functions.cc
[163/303] compile ../../src/trace_processor/plugins/counter_intervals/counter_intervals.cc
[164/303] compile ../../src/trace_processor/plugins/connected_flow/connected_flow_unittest.cc
[165/303] compile ../../src/trace_processor/importers/collapsed_stack/collapsed_stack_trace_reader.cc
[166/303] compile ../../src/trace_processor/importers/art_method/art_method_v2_tokenizer.cc
[167/303] compile ../../src/trace_processor/importers/art_hprof/art_heap_graph_resolver.cc
[168/303] compile ../../src/trace_processor/importers/generic_kernel/generic_kernel_module.cc
[169/303] compile ../../src/trace_processor/importers/art_hprof/art_heap_graph_builder.cc
[170/303] compile ../../src/trace_processor/importers/art_hprof/art_hprof_parser.cc
[171/303] compile ../../src/trace_processor/importers/generic_kernel/generic_kernel_parser.cc
[172/303] compile ../../src/trace_processor/importers/i2c/i2c_tracker.cc
[173/303] compile ../../src/trace_processor/importers/instruments/instruments_xml_tokenizer.cc
[174/303] compile ../../src/trace_processor/importers/instruments/row_parser.cc
[175/303] compile ../../src/trace_processor/importers/json/json_trace_parser.cc
../../src/trace_processor/importers/json/json_trace_parser.cc:370:18: warning: unused variable 'rr' [-Wunused-variable]
  370 |             auto rr = (*context_->storage->mutable_slice_table())[*slice_id];
      |                  ^~
1 warning generated.
[176/303] compile ../../src/trace_processor/importers/json/json_trace_tokenizer.cc
[177/303] compile ../../src/trace_processor/importers/perf/aux_record.cc
[178/303] compile ../../src/trace_processor/importers/perf/aux_data_tokenizer.cc
[179/303] compile ../../src/trace_processor/importers/ninja/ninja_log_parser.cc
[180/303] compile ../../src/trace_processor/importers/json/json_trace_tokenizer_unittest.cc
[181/303] compile ../../src/trace_processor/importers/perf/aux_stream_manager.cc
[182/303] compile ../../src/trace_processor/importers/perf/auxtrace_info_record.cc
[183/303] compile ../../src/trace_processor/importers/perf/auxtrace_record.cc
[184/303] compile ../../src/trace_processor/importers/perf/itrace_start_record.cc
[185/303] compile ../../src/trace_processor/importers/perf/mmap_record.cc
[186/303] compile ../../src/trace_processor/importers/perf/perf_tracker.cc
[187/303] compile ../../src/trace_processor/importers/perf/sample.cc
[188/303] compile ../../src/trace_processor/importers/perf/perf_data_tokenizer.cc
[189/303] compile ../../src/trace_processor/importers/perf/sample_id.cc
[190/303] compile ../../src/trace_processor/importers/perf/record_parser.cc
[191/303] compile ../../src/trace_processor/importers/perf/spe_record_parser.cc
[192/303] compile ../../src/trace_processor/importers/perf/spe_tokenizer.cc
[193/303] compile ../../src/trace_processor/importers/perf/perf_invocation.cc
[194/303] compile ../../src/trace_processor/importers/perf/aux_stream_manager_unittest.cc
[195/303] compile ../../src/trace_processor/importers/perf/perf_invocation_unittest.cc
[196/303] compile ../../src/trace_processor/importers/perf/perf_event_attr.cc
[197/303] compile ../../src/trace_processor/importers/pprof/pprof_trace_reader.cc
[198/303] compile ../../src/trace_processor/importers/proto/android_kernel_wakelocks_state.cc
[199/303] compile ../../src/trace_processor/importers/primes/primes_trace_parser.cc
[200/303] compile ../../src/trace_processor/importers/primes/primes_trace_tokenizer.cc
[201/303] compile ../../src/trace_processor/importers/proto/android_cpu_per_uid_state.cc
[202/303] compile ../../src/trace_processor/importers/proto/android_kernel_wakelocks_module.cc
[203/303] compile ../../src/trace_processor/importers/proto/android_cpu_per_uid_module.cc
[204/303] compile ../../src/trace_processor/importers/proto/android_probes_tracker.cc
[205/303] compile ../../src/trace_processor/importers/proto/android_probes_module.cc
[206/303] compile ../../src/trace_processor/importers/proto/additional_modules.cc
[207/303] compile ../../src/trace_processor/importers/proto/android_probes_parser.cc
[208/303] compile ../../src/trace_processor/importers/proto/content_analyzer.cc
[209/303] compile ../../src/trace_processor/importers/proto/deobfuscation_module.cc
[210/303] compile ../../src/trace_processor/importers/proto/deobfuscation_tracker.cc
[211/303] compile ../../src/trace_processor/importers/proto/gpu_counter_sequence_state.cc
[212/303] compile ../../src/trace_processor/importers/proto/frame_timeline_event_parser.cc
[213/303] compile ../../src/trace_processor/importers/proto/graphics_frame_event_parser.cc
[214/303] compile ../../src/trace_processor/importers/proto/graphics_event_module.cc
[215/303] compile ../../src/trace_processor/importers/proto/heap_graph_module.cc
[216/303] compile ../../src/trace_processor/importers/proto/gpu_event_parser.cc
[217/303] compile ../../src/trace_processor/importers/proto/heap_graph_tracker.cc
[218/303] compile ../../src/trace_processor/importers/proto/jit_tracker.cc
[219/303] compile ../../src/trace_processor/importers/proto/linux_probes_module.cc
[220/303] compile ../../src/trace_processor/importers/proto/pixel_modem_module.cc
[221/303] compile ../../src/trace_processor/importers/proto/linux_probes_parser.cc
[222/303] compile ../../src/trace_processor/importers/proto/metadata_module.cc
[223/303] compile ../../src/trace_processor/importers/proto/system_probes_module.cc
[224/303] compile ../../src/trace_processor/importers/proto/pixel_modem_parser.cc
[225/303] compile ../../src/trace_processor/importers/proto/profile_module.cc
[226/303] compile ../../src/trace_processor/importers/proto/statsd_module.cc
[227/303] compile ../../src/trace_processor/importers/proto/translation_table_module.cc
[228/303] compile ../../src/trace_processor/importers/ftrace/mali_gpu_event_tracker.cc
[229/303] compile ../../src/trace_processor/importers/ftrace/binder_tracker.cc
[230/303] compile ../../src/trace_processor/importers/ftrace/rss_stat_tracker.cc
[231/303] compile ../../src/trace_processor/importers/ftrace/ftrace_parser.cc
[232/303] compile ../../src/trace_processor/importers/ftrace/pkvm_hyp_cpu_tracker.cc
[233/303] compile ../../src/trace_processor/importers/ftrace/ftrace_sched_event_tracker_unittest.cc
[234/303] compile ../../src/trace_processor/trace_processor_storage_impl.cc
[235/303] compile ../../src/trace_processor/importers/ftrace/ftrace_module_impl.cc
[236/303] compile ../../src/trace_processor/importers/ftrace/thermal_tracker.cc
[237/303] compile ../../src/trace_processor/importers/ftrace/v4l2_tracker.cc
[238/303] compile ../../src/trace_processor/importers/ftrace/pixel_mm_kswapd_event_tracker.cc
[239/303] compile ../../src/trace_processor/trace_processor_storage.cc
[240/303] compile ../../src/trace_processor/trace_processor_context.cc
[241/303] compile ../../src/trace_processor/trace_parser_impl.cc
[242/303] compile ../../src/trace_processor/importers/ftrace/pixel_display_tracker.cc
[243/303] compile ../../src/trace_processor/read_trace.cc
[244/303] compile ../../src/trace_processor/iterator_impl.cc
[245/303] compile ../../src/trace_processor/export_json.cc
[246/303] compile ../../src/trace_processor/forwarding_trace_parser.cc
[247/303] compile ../../src/trace_processor/virtual_destructors.cc
[248/303] compile ../../src/trace_processor/read_trace_internal.cc
[249/303] compile ../../src/trace_processor/trace_parser.cc
[250/303] compile ../../src/trace_processor/sqlite_iterator_impl.cc
[251/303] compile ../../src/trace_processor/trace_processor.cc
[252/303] compile ../../src/trace_processor/importers/ftrace/ftrace_module.cc
[253/303] compile ../../src/trace_processor/importers/ftrace/generic_ftrace_tracker.cc
[254/303] compile ../../src/trace_processor/importers/ftrace/virtio_video_tracker.cc
[255/303] compile ../../src/trace_processor/importers/ftrace/virtio_gpu_tracker.cc
[256/303] compile ../../src/trace_processor/importers/etw/file_io_tracker.cc
[257/303] compile ../../src/trace_processor/importers/ftrace/binder_tracker_unittest.cc
[258/303] compile ../../src/trace_processor/importers/ftrace/gpu_work_period_tracker.cc
[259/303] compile ../../src/trace_processor/trace_processor_impl.cc
[260/303] compile ../../src/trace_processor/importers/ftrace/drm_tracker.cc
[261/303] compile ../../src/trace_processor/importers/ftrace/iostat_tracker.cc
[262/303] compile ../../src/trace_processor/importers/fuchsia/fuchsia_trace_utils.cc
[263/303] compile ../../src/trace_processor/importers/ftrace/ftrace_tokenizer.cc
[264/303] compile ../../src/trace_processor/importers/ftrace/ftrace_sched_event_tracker.cc
[265/303] compile ../../src/trace_processor/importers/common/deobfuscation_mapping_table_unittest.cc
[266/303] compile ../../src/trace_processor/importers/fuchsia/fuchsia_trace_parser.cc
[267/303] compile ../../src/trace_processor/importers/etw/etw_tokenizer.cc
[268/303] compile ../../src/trace_processor/importers/fuchsia/fuchsia_trace_tokenizer.cc
[269/303] compile ../../src/trace_processor/importers/common/flow_tracker_unittest.cc
[270/303] compile ../../src/trace_processor/importers/common/slice_tracker_unittest.cc
[271/303] compile ../../src/trace_processor/importers/etw/etw_parser.cc
[272/303] compile ../../src/trace_processor/importers/common/slice_translation_table_unittest.cc
[273/303] compile ../../src/trace_processor/importers/common/thread_state_tracker_unittest.cc
[274/303] compile ../../src/trace_processor/importers/common/process_track_translation_table_unittest.cc
[275/303] compile ../../src/trace_processor/importers/common/sparse_counter_tracker_unittest.cc
[276/303] compile ../../src/trace_processor/importers/common/global_stats_tracker_unittest.cc
[277/303] compile ../../src/trace_processor/importers/common/track_compressor_unittest.cc
[278/303] compile ../../src/trace_processor/importers/common/process_tracker_unittest.cc
[279/303] compile ../../src/trace_processor/importers/etw/etw_module.cc
[280/303] compile ../../src/trace_processor/local_file_system_unittest.cc
[281/303] compile ../../src/trace_processor/importers/common/state_tracker_unittest.cc
[282/303] compile ../../src/trace_processor/importers/common/event_tracker_unittest.cc
[283/303] compile ../../src/trace_processor/importers/etw/disk_io_tracker.cc
[284/303] compile ../../src/trace_processor/importers/etw/etw_module_impl.cc
[285/303] compile ../../src/trace_processor/importers/android_bugreport/android_bugreport_reader.cc
[286/303] compile ../../src/trace_processor/importers/archive/zip_trace_reader.cc
[287/303] compile ../../src/trace_processor/importers/archive/tar_trace_reader.cc
[288/303] compile ../../src/trace_processor/streaming_tables_unittest.cc
[289/303] compile ../../src/trace_processor/export_json_unittest.cc
[290/303] compile ../../src/trace_processor/importers/android_bugreport/android_dumpstate_event_parser.cc
[291/303] compile ../../src/trace_processor/importers/android_bugreport/android_dumpstate_reader.cc
[292/303] compile ../../src/trace_processor/importers/android_bugreport/android_log_reader.cc
[293/303] compile ../../src/trace_processor/core/plugin/static_table_function.cc
[294/303] compile ../../src/trace_processor/core/plugin/plugin.cc
[295/303] compile ../../src/trace_processor/trace_processor_shell_main.cc
[296/303] compile ../../src/trace_processor/importers/android_bugreport/android_log_event_parser.cc
[297/303] compile ../../src/trace_processor/trace_processor_shell.cc
[298/303] compile ../../src/trace_processor/importers/android_bugreport/android_log_unittest.cc
[299/303] compile ../../src/trace_processor/importers/android_bugreport/android_battery_stats_reader.cc
[300/303] link libtrace_processor_shell_lib.a
[301/303] link ./trace_processor_shell
[302/303] link ./perfetto_trace_processor_unittests
[303/303] link ./perfetto_unittests
