ninja: Entering directory `out/mac_release'
[1/112] compile ../../src/trace_processor/core/dataframe/query_plan.cc
[2/112] compile ../../src/trace_processor/core/dataframe/arrow_serializer.cc
[3/112] ACTION //python:trace_processor_table_generator(//gn/standalone/toolchain:gcc_like)
[4/112] compile ../../src/trace_processor/core/dataframe/bytecode_lowering.cc
[5/112] ACTION //src/trace_processor/tables:tables_python(//gn/standalone/toolchain:gcc_like)
[6/112] compile ../../src/trace_processor/core/dataframe/adhoc_dataframe_builder.cc
[7/112] compile ../../src/trace_processor/core/dataframe/arrow_deserializer.cc
[8/112] compile ../../src/trace_processor/core/dataframe/dataframe.cc
[9/112] compile ../../src/trace_processor/importers/common/global_metadata_tracker.cc
[10/112] compile ../../src/trace_processor/importers/proto/proto_importer_module.cc
[11/112] compile ../../src/trace_processor/importers/common/gpu_tracker.cc
[12/112] compile ../../src/trace_processor/importers/common/system_info_tracker.cc
[13/112] compile ../../src/trace_processor/importers/systrace/systrace_parser.cc
[14/112] compile ../../src/trace_processor/importers/common/import_logs_tracker.cc
[15/112] compile ../../src/trace_processor/importers/common/jit_cache.cc
[16/112] compile ../../src/trace_processor/importers/common/legacy_v8_cpu_profile_tracker.cc
[17/112] compile ../../src/trace_processor/importers/common/symbol_tracker.cc
[18/112] compile ../../src/trace_processor/core/dataframe/typed_cursor.cc
[19/112] compile ../../src/trace_processor/importers/common/state_tracker.cc
[20/112] compile ../../src/trace_processor/importers/common/stack_profile_tracker.cc
[21/112] compile ../../src/trace_processor/importers/common/global_args_tracker.cc
[22/112] compile ../../src/trace_processor/importers/common/deobfuscation_mapping_table.cc
[23/112] compile ../../src/trace_processor/importers/common/args_tracker.cc
[24/112] compile ../../src/trace_processor/importers/common/cpu_tracker.cc
[25/112] compile ../../src/trace_processor/importers/common/flow_tracker.cc
[26/112] compile ../../src/trace_processor/importers/common/process_track_translation_table.cc
[27/112] compile ../../src/trace_processor/importers/common/clock_converter.cc
[28/112] compile ../../src/trace_processor/importers/common/event_tracker.cc
[29/112] compile ../../src/trace_processor/importers/common/global_stats_tracker.cc
[30/112] compile ../../src/trace_processor/importers/common/clock_tracker.cc
[31/112] compile ../../src/trace_processor/importers/common/virtual_memory_mapping.cc
[32/112] compile ../../src/trace_processor/importers/common/trace_diagnostics_tracker_helper.cc
[33/112] compile ../../src/trace_processor/importers/common/trace_file_tracker.cc
[34/112] compile ../../src/trace_processor/importers/common/track_tracker.cc
[35/112] compile ../../src/trace_processor/importers/common/track_compressor.cc
[36/112] compile ../../src/trace_processor/importers/common/machine_tracker.cc
[37/112] compile ../../src/trace_processor/importers/common/thread_state_tracker.cc
[38/112] compile ../../src/trace_processor/importers/common/metadata_tracker.cc
[39/112] compile ../../src/trace_processor/importers/common/slice_translation_table.cc
[40/112] compile ../../src/trace_processor/importers/common/mapping_tracker.cc
[41/112] compile ../../src/trace_processor/importers/common/sparse_counter_tracker.cc
[42/112] compile ../../src/trace_processor/importers/ftrace/ftrace_module.cc
[43/112] compile ../../src/trace_processor/importers/common/registered_file_tracker.cc
[44/112] compile ../../src/trace_processor/importers/common/sched_event_tracker.cc
[45/112] compile ../../src/trace_processor/importers/common/process_tracker.cc
[46/112] compile ../../src/trace_processor/importers/common/slice_tracker.cc
[47/112] compile ../../src/trace_processor/importers/common/profiler_sample_tracker.cc
[48/112] compile ../../src/trace_processor/importers/common/args_translation_table.cc
[49/112] compile ../../src/trace_processor/importers/ftrace/binder_tracker.cc
[50/112] compile ../../src/trace_processor/importers/ftrace/drm_tracker.cc
[51/112] compile ../../src/trace_processor/importers/ftrace/ftrace_module_impl.cc
[52/112] compile ../../src/trace_processor/importers/etw/disk_io_tracker.cc
[53/112] compile ../../src/trace_processor/importers/etw/etw_module.cc
[54/112] compile ../../src/trace_processor/importers/etw/file_io_tracker.cc
[55/112] compile ../../src/trace_processor/importers/ftrace/ftrace_tokenizer.cc
[56/112] compile ../../src/trace_processor/importers/ftrace/ftrace_sched_event_tracker.cc
[57/112] compile ../../src/trace_processor/importers/ftrace/generic_ftrace_tracker.cc
[58/112] compile ../../src/trace_processor/importers/ftrace/gpu_work_period_tracker.cc
[59/112] compile ../../src/trace_processor/importers/ftrace/iostat_tracker.cc
[60/112] compile ../../src/trace_processor/importers/ftrace/mali_gpu_event_tracker.cc
[61/112] compile ../../src/trace_processor/importers/ftrace/pixel_display_tracker.cc
[62/112] compile ../../src/trace_processor/importers/ftrace/pixel_mm_kswapd_event_tracker.cc
[63/112] compile ../../src/trace_processor/importers/ftrace/ftrace_parser.cc
[64/112] compile ../../src/trace_processor/importers/ftrace/pkvm_hyp_cpu_tracker.cc
[65/112] compile ../../src/trace_processor/importers/ftrace/rss_stat_tracker.cc
[66/112] compile ../../src/trace_processor/importers/ftrace/thermal_tracker.cc
[67/112] compile ../../src/trace_processor/importers/ftrace/v4l2_tracker.cc
[68/112] compile ../../src/trace_processor/virtual_destructors.cc
[69/112] compile ../../src/trace_processor/importers/ftrace/virtio_gpu_tracker.cc
[70/112] compile ../../src/trace_processor/importers/ftrace/virtio_video_tracker.cc
[71/112] compile ../../src/trace_processor/trace_processor_storage_impl.cc
[72/112] compile ../../src/trace_processor/trace_processor_storage.cc
[73/112] compile ../../streaming-parser-audit/benchmark.cc
[74/112] compile ../../src/trace_processor/importers/proto/active_chrome_processes_tracker.cc
[75/112] compile ../../src/trace_processor/importers/proto/chrome_string_lookup.cc
[76/112] compile ../../src/trace_processor/forwarding_trace_parser.cc
[77/112] compile ../../src/trace_processor/importers/proto/app_wakelock_module.cc
[78/112] compile ../../src/trace_processor/importers/proto/args_parser.cc
[79/112] compile ../../src/trace_processor/importers/proto/chrome_system_probes_module.cc
[80/112] compile ../../src/trace_processor/trace_processor_context.cc
[81/112] compile ../../src/trace_processor/importers/proto/chrome_system_probes_parser.cc
[82/112] compile ../../src/trace_processor/importers/proto/concurrent_sessions_module.cc
[83/112] compile ../../src/trace_processor/importers/proto/incremental_state.cc
[84/112] compile ../../src/trace_processor/importers/proto/metadata_minimal_module.cc
[85/112] compile ../../src/trace_processor/importers/proto/default_modules.cc
[86/112] compile ../../src/trace_processor/importers/proto/packet_analyzer.cc
[87/112] compile ../../src/trace_processor/importers/proto/network_trace_module.cc
[88/112] compile ../../src/trace_processor/importers/proto/memory_tracker_snapshot_module.cc
[89/112] compile ../../src/trace_processor/importers/proto/packet_sequence_state_generation.cc
[90/112] compile ../../src/trace_processor/importers/proto/perf_sample_tracker.cc
[91/112] compile ../../src/trace_processor/importers/proto/memory_tracker_snapshot_parser.cc
[92/112] compile ../../src/trace_processor/importers/proto/profile_packet_sequence_state.cc
[93/112] compile ../../src/trace_processor/importers/proto/profile_packet_utils.cc
[94/112] compile ../../src/trace_processor/importers/proto/protovm_incremental_tracing.cc
[95/112] compile ../../src/trace_processor/importers/proto/tracing_service_module.cc
[96/112] compile ../../src/trace_processor/importers/proto/proto_trace_parser_impl.cc
[97/112] compile ../../src/trace_processor/importers/proto/stack_profile_sequence_state.cc
[98/112] compile ../../src/trace_processor/importers/proto/track_event_arg_fields.cc
[99/112] compile ../../src/trace_processor/importers/proto/proto_trace_reader.cc
[100/112] compile ../../src/trace_processor/importers/proto/track_event_extension_parser.cc
[101/112] compile ../../src/trace_processor/importers/proto/track_event_module.cc
[102/112] compile ../../src/trace_processor/importers/proto/track_event_tokenizer.cc
[103/112] compile ../../src/trace_processor/importers/proto/user_tracker.cc
[104/112] compile ../../src/trace_processor/importers/proto/track_event_tracker.cc
[105/112] compile ../../src/trace_processor/importers/syscalls/syscall_tracker.cc
[106/112] compile ../../src/trace_processor/importers/proto/track_event_parser.cc
[107/112] compile ../../src/trace_processor/sorter/trace_sorter.cc
[108/112] compile ../../src/trace_processor/storage/trace_storage.cc
[109/112] compile ../../src/trace_processor/util/profiler_util.cc
[110/112] compile ../../src/trace_processor/util/json_args.cc
[111/112] compile ../../src/trace_processor/importers/i2c/i2c_tracker.cc
[112/112] link ./streaming_parser_benchmark
ninja: Entering directory `out/mac_release'
ninja: no work to do.
