ninja: Entering directory `out/mac_release'
[0/1] Regenerating ninja files
[1/110] compile ../../src/trace_processor/virtual_destructors.cc
[2/110] compile ../../src/trace_processor/trace_parser.cc
[3/110] compile ../../src/trace_processor/trace_processor_storage.cc
[4/110] compile ../../src/trace_processor/util/profiler_util.cc
[5/110] compile ../../src/trace_processor/sorter/trace_sorter.cc
[6/110] compile ../../src/trace_processor/util/json_args.cc
[7/110] compile ../../src/trace_processor/storage/trace_storage.cc
[8/110] compile ../../src/trace_processor/trace_processor_storage_impl.cc
[9/110] compile ../../src/trace_processor/forwarding_trace_parser.cc
[10/110] compile ../../src/trace_processor/importers/ftrace/ftrace_module.cc
[11/110] compile ../../src/trace_processor/trace_parser_impl.cc
[12/110] compile ../../streaming-parser-audit/benchmark.cc
[13/110] compile ../../src/trace_processor/trace_processor_context.cc
[14/110] compile ../../src/trace_processor/importers/i2c/i2c_tracker.cc
[15/110] compile ../../src/trace_processor/importers/common/profiler_sample_tracker.cc
[16/110] compile ../../src/trace_processor/importers/common/process_track_translation_table.cc
[17/110] compile ../../src/trace_processor/importers/json/json_trace_tokenizer.cc
[18/110] compile ../../src/trace_processor/importers/json/json_trace_parser.cc
../../src/trace_processor/importers/json/json_trace_parser.cc:370:18: warning: unused variable 'rr' [-Wunused-variable]
  370 |             auto rr = (*context_->storage->mutable_slice_table())[*slice_id];
      |                  ^~
1 warning generated.
[19/110] compile ../../src/trace_processor/importers/common/process_tracker.cc
[20/110] compile ../../src/trace_processor/importers/common/registered_file_tracker.cc
[21/110] compile ../../src/trace_processor/importers/common/sched_event_tracker.cc
[22/110] compile ../../src/trace_processor/importers/common/trace_diagnostics_tracker_helper.cc
[23/110] compile ../../src/trace_processor/importers/common/global_metadata_tracker.cc
[24/110] compile ../../src/trace_processor/importers/common/gpu_tracker.cc
[25/110] compile ../../src/trace_processor/importers/common/metadata_tracker.cc
[26/110] compile ../../src/trace_processor/importers/common/track_compressor.cc
[27/110] compile ../../src/trace_processor/importers/common/cpu_tracker.cc
[28/110] compile ../../src/trace_processor/importers/common/legacy_v8_cpu_profile_tracker.cc
[29/110] compile ../../src/trace_processor/importers/common/mapping_tracker.cc
[30/110] compile ../../src/trace_processor/importers/common/machine_tracker.cc
[31/110] compile ../../src/trace_processor/importers/common/virtual_memory_mapping.cc
[32/110] compile ../../src/trace_processor/importers/common/track_tracker.cc
[33/110] compile ../../src/trace_processor/importers/common/args_tracker.cc
[34/110] compile ../../src/trace_processor/importers/common/jit_cache.cc
[35/110] compile ../../src/trace_processor/importers/common/clock_tracker.cc
[36/110] compile ../../src/trace_processor/importers/common/slice_tracker.cc
[37/110] compile ../../src/trace_processor/importers/common/global_args_tracker.cc
[38/110] compile ../../src/trace_processor/importers/common/sparse_counter_tracker.cc
[39/110] compile ../../src/trace_processor/importers/common/import_logs_tracker.cc
[40/110] compile ../../src/trace_processor/importers/common/global_stats_tracker.cc
[41/110] compile ../../src/trace_processor/importers/common/slice_translation_table.cc
[42/110] compile ../../src/trace_processor/importers/common/event_tracker.cc
[43/110] compile ../../src/trace_processor/importers/common/flow_tracker.cc
[44/110] compile ../../src/trace_processor/importers/common/system_info_tracker.cc
[45/110] compile ../../src/trace_processor/importers/common/stack_profile_tracker.cc
[46/110] compile ../../src/trace_processor/importers/common/symbol_tracker.cc
[47/110] compile ../../src/trace_processor/importers/common/state_tracker.cc
[48/110] compile ../../src/trace_processor/importers/common/trace_file_tracker.cc
[49/110] compile ../../src/trace_processor/importers/common/clock_converter.cc
[50/110] compile ../../src/trace_processor/importers/common/deobfuscation_mapping_table.cc
[51/110] compile ../../src/trace_processor/importers/common/thread_state_tracker.cc
[52/110] compile ../../src/trace_processor/importers/common/args_translation_table.cc
[53/110] compile ../../src/trace_processor/importers/ftrace/generic_ftrace_tracker.cc
[54/110] compile ../../src/trace_processor/importers/ftrace/pixel_display_tracker.cc
[55/110] compile ../../src/trace_processor/importers/ftrace/iostat_tracker.cc
[56/110] compile ../../src/trace_processor/importers/ftrace/v4l2_tracker.cc
[57/110] compile ../../src/trace_processor/importers/ftrace/mali_gpu_event_tracker.cc
[58/110] compile ../../src/trace_processor/importers/ftrace/gpu_work_period_tracker.cc
[59/110] compile ../../src/trace_processor/importers/ftrace/ftrace_tokenizer.cc
[60/110] compile ../../src/trace_processor/importers/etw/file_io_tracker.cc
[61/110] compile ../../src/trace_processor/importers/ftrace/binder_tracker.cc
[62/110] compile ../../src/trace_processor/importers/ftrace/ftrace_sched_event_tracker.cc
[63/110] compile ../../src/trace_processor/importers/ftrace/ftrace_module_impl.cc
[64/110] compile ../../src/trace_processor/importers/etw/etw_module.cc
[65/110] compile ../../src/trace_processor/importers/ftrace/virtio_gpu_tracker.cc
[66/110] compile ../../src/trace_processor/importers/etw/disk_io_tracker.cc
[67/110] compile ../../src/trace_processor/importers/ftrace/ftrace_parser.cc
[68/110] compile ../../src/trace_processor/importers/ftrace/thermal_tracker.cc
[69/110] compile ../../src/trace_processor/importers/ftrace/rss_stat_tracker.cc
[70/110] compile ../../src/trace_processor/importers/systrace/systrace_line_tokenizer.cc
[71/110] compile ../../src/trace_processor/importers/ftrace/pkvm_hyp_cpu_tracker.cc
[72/110] compile ../../src/trace_processor/importers/ftrace/drm_tracker.cc
[73/110] compile ../../src/trace_processor/importers/ftrace/pixel_mm_kswapd_event_tracker.cc
[74/110] compile ../../src/trace_processor/importers/syscalls/syscall_tracker.cc
[75/110] compile ../../src/trace_processor/importers/systrace/systrace_line_parser.cc
[76/110] compile ../../src/trace_processor/importers/proto/active_chrome_processes_tracker.cc
[77/110] compile ../../src/trace_processor/importers/systrace/systrace_trace_parser.cc
[78/110] compile ../../src/trace_processor/importers/systrace/systrace_parser.cc
[79/110] compile ../../src/trace_processor/importers/proto/app_wakelock_module.cc
[80/110] compile ../../src/trace_processor/importers/proto/chrome_string_lookup.cc
[81/110] compile ../../src/trace_processor/importers/proto/args_parser.cc
[82/110] compile ../../src/trace_processor/importers/proto/chrome_system_probes_module.cc
[83/110] compile ../../src/trace_processor/importers/proto/incremental_state.cc
[84/110] compile ../../src/trace_processor/importers/proto/chrome_system_probes_parser.cc
[85/110] compile ../../src/trace_processor/importers/proto/metadata_minimal_module.cc
[86/110] compile ../../src/trace_processor/importers/proto/concurrent_sessions_module.cc
[87/110] compile ../../src/trace_processor/importers/proto/default_modules.cc
[88/110] compile ../../src/trace_processor/importers/proto/packet_analyzer.cc
[89/110] compile ../../src/trace_processor/importers/proto/network_trace_module.cc
[90/110] compile ../../src/trace_processor/importers/proto/memory_tracker_snapshot_module.cc
[91/110] compile ../../src/trace_processor/importers/proto/packet_sequence_state_generation.cc
[92/110] compile ../../src/trace_processor/importers/proto/memory_tracker_snapshot_parser.cc
[93/110] compile ../../src/trace_processor/importers/proto/perf_sample_tracker.cc
[94/110] compile ../../src/trace_processor/importers/proto/profile_packet_utils.cc
[95/110] compile ../../src/trace_processor/importers/proto/profile_packet_sequence_state.cc
[96/110] compile ../../src/trace_processor/importers/proto/tracing_service_module.cc
[97/110] compile ../../src/trace_processor/importers/proto/protovm_incremental_tracing.cc
[98/110] compile ../../src/trace_processor/importers/proto/proto_trace_parser_impl.cc
[99/110] compile ../../src/trace_processor/importers/proto/stack_profile_sequence_state.cc
[100/110] compile ../../src/trace_processor/importers/proto/track_event_arg_fields.cc
[101/110] compile ../../src/trace_processor/importers/proto/proto_trace_reader.cc
[102/110] compile ../../src/trace_processor/importers/proto/track_event_extension_parser.cc
[103/110] compile ../../src/trace_processor/importers/proto/track_event_module.cc
[104/110] compile ../../src/trace_processor/importers/proto/user_tracker.cc
[105/110] compile ../../src/trace_processor/importers/proto/proto_importer_module.cc
[106/110] compile ../../src/trace_processor/importers/proto/track_event_tokenizer.cc
[107/110] compile ../../src/trace_processor/importers/proto/track_event_tracker.cc
[108/110] compile ../../src/trace_processor/importers/proto/track_event_parser.cc
[109/110] compile ../../src/trace_processor/importers/ftrace/virtio_video_tracker.cc
[110/110] link ./streaming_parser_benchmark
