ninja: Entering directory `out/mac_debug'
[1/399] compile ../../src/traceconv/utils.cc
[2/399] compile ../../src/trace_processor/shell/shell_utils_unittest.cc
[3/399] compile ../../src/trace_processor/rpc/rpc.cc
[4/399] compile ../../src/trace_processor/rpc/rpc_unittest.cc
[5/399] compile ../../src/trace_processor/rpc/query_result_serializer.cc
[6/399] compile ../../src/trace_processor/shell/util_subcommand.cc
[7/399] compile ../../src/trace_processor/rpc/query_result_serializer_unittest.cc
[8/399] compile ../../src/trace_processor/shell/query.cc
[9/399] compile ../../src/trace_processor/shell/export_subcommand.cc
[10/399] compile ../../src/trace_processor/shell/server_subcommand.cc
[11/399] compile ../../src/trace_processor/shell/subcommand_flags_unittest.cc
[12/399] compile ../../src/trace_processor/shell/query_subcommand.cc
[13/399] compile ../../src/trace_processor/shell/shell_utils.cc
[14/399] compile ../../src/trace_processor/rpc/stdiod.cc
[15/399] compile ../../src/trace_processor/shell/interactive.cc
[16/399] compile ../../src/trace_processor/rpc/unixd.cc
[17/399] compile ../../src/trace_processor/sqlite/sqlite_utils_unittest.cc
[18/399] compile ../../src/trace_processor/shell/interactive_subcommand.cc
[19/399] compile ../../src/trace_processor/shell/metatrace.cc
[20/399] compile ../../src/trace_processor/shell/convert_subcommand.cc
[21/399] compile ../../src/trace_processor/shell/sql_packages.cc
[22/399] compile ../../src/trace_processor/shell/bundle_subcommand.cc
[23/399] compile ../../src/trace_processor/shell/metrics_subcommand.cc
[24/399] compile ../../src/trace_processor/sqlite/sqlite_export.cc
[25/399] compile ../../src/trace_processor/shell/metrics.cc
[26/399] compile ../../src/trace_processor/sqlite/sqlite_utils.cc
[27/399] compile ../../src/trace_processor/shell/common_flags.cc
[28/399] compile ../../src/trace_processor/shell/summarize_subcommand.cc
[29/399] compile ../../src/trace_processor/trace_summary/summarizer.cc
[30/399] compile ../../src/trace_processor/sorter/trace_sorter.cc
[31/399] compile ../../src/trace_processor/sorter/trace_token_buffer_unittest.cc
[32/399] compile ../../src/trace_processor/storage/trace_storage.cc
[33/399] compile ../../src/trace_processor/trace_summary/summary.cc
[34/399] compile ../../src/trace_processor/trace_summary/summarizer_unittest.cc
[35/399] compile ../../src/trace_processor/sorter/trace_sorter_unittest.cc
[36/399] compile ../../src/trace_processor/util/sql_argument.cc
[37/399] compile ../../src/trace_processor/util/args_utils.cc
[38/399] compile ../../src/trace_processor/util/profiler_util.cc
[39/399] compile ../../src/trace_processor/util/annotated_callsites.cc
[40/399] compile ../../src/trace_processor/util/sql_argument_unittest.cc
[41/399] compile ../../src/trace_processor/util/json_args.cc
[42/399] compile ../../src/trace_processor/util/symbolizer/symbolize_database.cc
[43/399] compile ../../src/trace_processor/util/trace_enrichment/trace_enrichment.cc
[44/399] compile ../../src/traceconv/trace_to_json.cc
[45/399] compile ../../src/trace_processor/util/profile_builder.cc
[46/399] compile ../../src/traceconv/trace_to_bundle.cc
[47/399] compile ../../src/trace_processor/util/symbolizer/symbolize_database_unittest.cc
[48/399] compile ../../src/traceconv/trace_to_firefox.cc
[49/399] compile ../../src/traceconv/trace_to_profile.cc
[50/399] compile ../../src/traceconv/trace_to_systrace.cc
[51/399] compile ../../src/trace_processor/util/proto_to_args_parser_unittest.cc
[52/399] compile ../../src/traceconv/symbolize_profile.cc
[53/399] compile ../../src/traceconv/deobfuscate_profile.cc
[54/399] compile ../../src/traceconv/pprof_builder.cc
[55/399] compile ../../src/trace_processor/plugins/ancestor/ancestor.cc
[56/399] compile ../../src/trace_processor/plugins/ancestor/ancestor_unittest.cc
[57/399] compile ../../src/trace_processor/plugins/android_job_scheduler/android_job_scheduler.cc
[58/399] compile ../../src/trace_processor/plugins/android_framework_track_event/android_framework_track_event.cc
[59/399] compile ../../src/trace_processor/plugins/android_job_scheduler/android_job_scheduler_tracker.cc
[60/399] compile ../../src/trace_processor/plugins/art_process_metadata_importer/art_process_metadata_importer.cc
[61/399] compile ../../src/trace_processor/plugins/android_process_state/android_process_state.cc
[62/399] compile ../../src/trace_processor/plugins/android_job_scheduler/android_job_scheduler_tracker_unittest.cc
[63/399] compile ../../src/trace_processor/plugins/args/args.cc
[64/399] compile ../../src/trace_processor/plugins/android_process_state/android_process_state_module.cc
[65/399] compile ../../src/trace_processor/plugins/base64_functions/base64.cc
[66/399] compile ../../src/trace_processor/plugins/android_process_state/android_process_state_tracker.cc
[67/399] compile ../../src/trace_processor/plugins/art_heap_graph_functions/art_heap_graph_functions.cc
[68/399] compile ../../src/trace_processor/plugins/core_functions/plugin.cc
[69/399] compile ../../src/trace_processor/plugins/art_process_metadata_importer/art_process_metadata_module.cc
[70/399] compile ../../src/trace_processor/plugins/connected_flow/connected_flow.cc
[71/399] compile ../../src/trace_processor/plugins/connected_flow/connected_flow_unittest.cc
[72/399] compile ../../src/trace_processor/plugins/counter_intervals/counter_intervals.cc
[73/399] compile ../../src/trace_processor/plugins/counter_mipmap_operator/counter_mipmap_operator.cc
[74/399] compile ../../src/trace_processor/plugins/metadata/metadata.cc
[75/399] compile ../../src/trace_processor/plugins/create_function/create_function.cc
[76/399] compile ../../src/trace_processor/plugins/create_view_function/create_view_function.cc
[77/399] compile ../../src/trace_processor/plugins/critical_path/critical_path.cc
[78/399] compile ../../src/trace_processor/plugins/create_intervals/create_intervals.cc
[79/399] compile ../../src/trace_processor/plugins/developer_functions/dataframe_query_plan_decoder.cc
[80/399] compile ../../src/trace_processor/plugins/descendant/descendant.cc
[81/399] compile ../../src/trace_processor/plugins/dfs_weight_bounded/dfs_weight_bounded.cc
[82/399] compile ../../src/trace_processor/plugins/descendant/descendant_unittest.cc
[83/399] compile ../../src/trace_processor/plugins/dominator_tree/dominator_tree.cc
[84/399] compile ../../src/trace_processor/plugins/experimental_annotated_stack/experimental_annotated_stack.cc
[85/399] compile ../../src/trace_processor/plugins/experimental_flamegraph/experimental_flamegraph.cc
[86/399] compile ../../src/trace_processor/plugins/experimental_flat_slice/experimental_flat_slice.cc
[87/399] compile ../../src/trace_processor/plugins/experimental_flamegraph/flamegraph_construction_algorithms.cc
[88/399] compile ../../src/trace_processor/plugins/experimental_slice_layout/experimental_slice_layout_unittest.cc
[89/399] compile ../../src/trace_processor/plugins/experimental_flat_slice/experimental_flat_slice_unittest.cc
[90/399] compile ../../src/trace_processor/plugins/experimental_slice_layout/experimental_slice_layout.cc
[91/399] compile ../../src/trace_processor/plugins/import/import.cc
[92/399] compile ../../src/trace_processor/plugins/flamechart/flamechart_function.cc
[93/399] compile ../../src/trace_processor/plugins/math_functions/math.cc
[94/399] compile ../../src/trace_processor/plugins/graph_traversal/graph_traversal.cc
[95/399] compile ../../src/trace_processor/plugins/flamegraph/flamegraph_function.cc
[96/399] compile ../../src/trace_processor/plugins/graph_scan/graph_scan.cc
[97/399] compile ../../src/trace_processor/plugins/layout_functions/layout_functions.cc
[98/399] compile ../../src/trace_processor/plugins/interval_intersect/interval_intersect.cc
[99/399] compile ../../src/trace_processor/plugins/perf_text/perf_text.cc
[100/399] compile ../../src/trace_processor/plugins/perfetto_manifest/perfetto_manifest.cc
[101/399] compile ../../src/trace_processor/plugins/package_lookup/package_lookup.cc
[102/399] compile ../../src/trace_processor/plugins/perf_counter/perf_counter.cc
[103/399] compile ../../src/trace_processor/plugins/perf_text/perf_text_trace_tokenizer.cc
[104/399] compile ../../src/trace_processor/plugins/perf_text/perf_text_trace_parser.cc
[105/399] compile ../../src/trace_processor/plugins/slice_mipmap_operator/slice_mipmap_operator.cc
[106/399] compile ../../src/trace_processor/plugins/span_join_operator/span_join_operator.cc
[107/399] compile ../../src/trace_processor/plugins/span_join_operator/span_join_operator_unittest.cc
[108/399] compile ../../src/trace_processor/plugins/perfetto_manifest/perfetto_manifest_reader.cc
[109/399] compile ../../src/trace_processor/plugins/pprof_functions/pprof_functions.cc
[110/399] compile ../../src/trace_processor/plugins/sql_stats_table/sql_stats_table.cc
[111/399] compile ../../src/trace_processor/plugins/stdlib_docs/stdlib_docs.cc
[112/399] compile ../../src/trace_processor/plugins/stack_functions/stack_functions.cc
[113/399] compile ../../src/trace_processor/plugins/stack_sample_importer/plugin.cc
[114/399] compile ../../src/trace_processor/plugins/strace/strace.cc
[115/399] compile ../../src/trace_processor/plugins/storage_tables/storage_tables.cc
[116/399] compile ../../src/trace_processor/plugins/stack_sample_importer/module.cc
[117/399] compile ../../src/trace_processor/plugins/string_functions/sqlite3_str_split.cc
[118/399] compile ../../src/trace_processor/plugins/string_functions/replace_numbers_function.cc
[119/399] compile ../../src/trace_processor/plugins/strace/strace_trace_tokenizer.cc
[120/399] compile ../../src/trace_processor/plugins/symbolize/symbolize.cc
[121/399] compile ../../src/trace_processor/plugins/strace/strace_trace_parser.cc
[122/399] compile ../../src/trace_processor/plugins/string_functions/sqlite3_str_split_unittest.cc
[123/399] compile ../../src/trace_processor/plugins/strace/strace_trace_tokenizer_unittest.cc
[124/399] compile ../../src/trace_processor/plugins/structural_tree_partition/structural_tree_partition.cc
[125/399] compile ../../src/trace_processor/plugins/trace_export/trace_export.cc
[126/399] compile ../../src/trace_processor/plugins/table_pointer_module/table_pointer_module.cc
[127/399] compile ../../src/trace_processor/plugins/table_info/table_info.cc
[128/399] compile ../../src/trace_processor/plugins/trace_export/perfetto_export_manifest.cc
[129/399] compile ../../src/trace_processor/plugins/time_functions/plugin.cc
[130/399] compile ../../src/trace_processor/plugins/to_ftrace/to_ftrace.cc
[131/399] compile ../../src/trace_processor/plugins/trace_export/perfetto_export_reader.cc
[132/399] compile ../../src/trace_processor/plugins/utils_functions/utils_functions.cc
[133/399] compile ../../src/trace_processor/plugins/tree_functions/tree_conversion.cc
[134/399] compile ../../src/trace_processor/plugins/video_frame_importer/video_frame_importer.cc
[135/399] compile ../../src/trace_processor/plugins/type_builder_functions/type_builders.cc
[136/399] compile ../../src/trace_processor/plugins/wattson/table_function.cc
[137/399] compile ../../src/trace_processor/plugins/wattson/plugin.cc
[138/399] compile ../../src/trace_processor/plugins/window_operator/window_operator.cc
[139/399] compile ../../src/trace_processor/plugins/video_frame_importer/video_frame_module_unittest.cc
[140/399] compile ../../src/trace_processor/plugins/winscope_importer/protolog_message_decoder.cc
[141/399] compile ../../src/trace_processor/plugins/video_frame_importer/video_frame_module.cc
[142/399] compile ../../src/trace_processor/plugins/winscope_importer/surfaceflinger_layers_parser.cc
[143/399] compile ../../src/trace_processor/plugins/winscope_importer/surfaceflinger_transactions_parser.cc
[144/399] compile ../../src/trace_processor/plugins/winscope_importer/android_input_event_parser.cc
[145/399] compile ../../src/trace_processor/plugins/winscope_importer/protolog_parser.cc
[146/399] compile ../../src/trace_processor/plugins/winscope_importer/shell_transitions_tracker.cc
[147/399] compile ../../src/trace_processor/plugins/winscope_importer/shell_transitions_parser.cc
[148/399] compile ../../src/trace_processor/plugins/winscope_importer/surfaceflinger_layers_rect_computation.cc
[149/399] compile ../../src/trace_processor/plugins/winscope_importer/viewcapture_rect_computation.cc
[150/399] compile ../../src/trace_processor/plugins/winscope_importer/winscope_transform_tracker.cc
[151/399] compile ../../src/trace_processor/plugins/winscope_importer/viewcapture_args_parser.cc
[152/399] compile ../../src/trace_processor/plugins/winscope_importer/viewcapture_parser.cc
[153/399] compile ../../src/trace_processor/plugins/winscope_importer/windowmanager_parser.cc
[154/399] compile ../../src/trace_processor/plugins/zstd_functions/zstd.cc
[155/399] compile ../../src/trace_processor/plugins/winscope_importer/winscope_rect_tracker.cc
[156/399] compile ../../src/trace_processor/rpc/httpd.cc
[157/399] compile ../../src/trace_processor/plugins/winscope_importer/winscope_importer.cc
[158/399] compile ../../src/trace_processor/plugins/winscope_importer/winscope_module.cc
[159/399] compile ../../src/trace_processor/rpc/remote_trace_processor.cc
[160/399] compile ../../src/trace_processor/rpc/query_result_deserializer.cc
[161/399] compile ../../src/trace_processor/plugins/winscope_surfaceflinger_hierarchy_paths/winscope_surfaceflinger_hierarchy_paths.cc
[162/399] compile ../../src/trace_processor/importers/fuchsia/fuchsia_trace_utils.cc
[163/399] compile ../../src/trace_processor/plugins/winscope_proto_to_args_with_defaults/winscope_proto_to_args_with_defaults.cc
[164/399] compile ../../src/trace_processor/importers/ftrace/ftrace_sched_event_tracker.cc
[165/399] compile ../../src/trace_processor/importers/ftrace/ftrace_tokenizer.cc
[166/399] compile ../../src/trace_processor/trace_processor_storage_impl.cc
[167/399] compile ../../src/trace_processor/importers/fuchsia/fuchsia_trace_parser.cc
[168/399] compile ../../src/trace_processor/importers/ftrace/gpu_work_period_tracker.cc
[169/399] compile ../../src/trace_processor/trace_parser_impl.cc
[170/399] compile ../../src/trace_processor/trace_processor_context.cc
[171/399] compile ../../src/trace_processor/importers/ftrace/virtio_video_tracker.cc
[172/399] compile ../../src/trace_processor/export_json.cc
[173/399] compile ../../src/trace_processor/forwarding_trace_parser.cc
[174/399] compile ../../src/trace_processor/read_trace.cc
[175/399] compile ../../src/trace_processor/iterator_impl.cc
[176/399] compile ../../src/trace_processor/trace_processor_storage.cc
[177/399] compile ../../src/trace_processor/virtual_destructors.cc
[178/399] compile ../../src/trace_processor/importers/ftrace/ftrace_parser.cc
[179/399] compile ../../src/trace_processor/read_trace_internal.cc
[180/399] compile ../../src/trace_processor/trace_parser.cc
[181/399] compile ../../src/trace_processor/sqlite_iterator_impl.cc
[182/399] compile ../../src/trace_processor/trace_processor.cc
[183/399] compile ../../src/trace_processor/importers/ftrace/pkvm_hyp_cpu_tracker.cc
[184/399] compile ../../src/trace_processor/importers/ftrace/virtio_gpu_tracker.cc
[185/399] compile ../../src/trace_processor/importers/ftrace/v4l2_tracker.cc
[186/399] compile ../../src/trace_processor/importers/ftrace/thermal_tracker.cc
[187/399] compile ../../src/trace_processor/importers/ftrace/ftrace_module.cc
[188/399] compile ../../src/trace_processor/importers/ftrace/ftrace_sched_event_tracker_unittest.cc
[189/399] compile ../../src/trace_processor/trace_processor_impl.cc
[190/399] compile ../../src/trace_processor/importers/ftrace/binder_tracker_unittest.cc
[191/399] compile ../../src/trace_processor/importers/ftrace/iostat_tracker.cc
[192/399] compile ../../src/trace_processor/importers/ftrace/pixel_mm_kswapd_event_tracker.cc
[193/399] compile ../../src/trace_processor/importers/ftrace/generic_ftrace_tracker.cc
[194/399] compile ../../src/trace_processor/importers/ftrace/rss_stat_tracker.cc
[195/399] compile ../../src/trace_processor/importers/ftrace/mali_gpu_event_tracker.cc
[196/399] compile ../../src/trace_processor/importers/ftrace/pixel_display_tracker.cc
[197/399] compile ../../src/trace_processor/importers/common/deobfuscation_mapping_table_unittest.cc
[198/399] compile ../../src/trace_processor/importers/fuchsia/fuchsia_trace_tokenizer.cc
[199/399] compile ../../src/trace_processor/importers/common/slice_tracker_unittest.cc
[200/399] compile ../../src/trace_processor/importers/proto/packet_sequence_state_generation.cc
[201/399] compile ../../src/trace_processor/importers/proto/profile_packet_sequence_state.cc
[202/399] compile ../../src/trace_processor/importers/etw/etw_tokenizer.cc
[203/399] compile ../../src/trace_processor/importers/common/flow_tracker_unittest.cc
[204/399] compile ../../src/trace_processor/importers/etw/etw_module_impl.cc
[205/399] compile ../../src/trace_processor/importers/common/slice_translation_table_unittest.cc
[206/399] compile ../../src/trace_processor/importers/etw/etw_parser.cc
[207/399] compile ../../src/trace_processor/importers/common/thread_state_tracker_unittest.cc
[208/399] compile ../../src/trace_processor/importers/common/sparse_counter_tracker_unittest.cc
[209/399] compile ../../src/trace_processor/importers/common/process_track_translation_table_unittest.cc
[210/399] compile ../../src/trace_processor/importers/common/track_compressor_unittest.cc
[211/399] compile ../../src/trace_processor/importers/common/global_stats_tracker_unittest.cc
[212/399] compile ../../src/trace_processor/importers/common/process_tracker_unittest.cc
[213/399] compile ../../src/trace_processor/importers/etw/etw_module.cc
[214/399] compile ../../src/trace_processor/importers/common/state_tracker_unittest.cc
[215/399] compile ../../src/trace_processor/importers/common/event_tracker_unittest.cc
[216/399] compile ../../src/trace_processor/importers/etw/file_io_tracker.cc
[217/399] compile ../../src/trace_processor/importers/ftrace/binder_tracker.cc
[218/399] compile ../../src/trace_processor/importers/ftrace/ftrace_module_impl.cc
[219/399] compile ../../src/trace_processor/importers/generic_kernel/generic_kernel_module.cc
[220/399] compile ../../src/trace_processor/importers/ftrace/drm_tracker.cc
[221/399] compile ../../src/trace_processor/importers/etw/disk_io_tracker.cc
[222/399] compile ../../src/trace_processor/streaming_tables_unittest.cc
[223/399] compile ../../src/trace_processor/importers/i2c/i2c_tracker.cc
[224/399] compile ../../src/trace_processor/importers/generic_kernel/generic_kernel_parser.cc
[225/399] compile ../../src/trace_processor/importers/instruments/row_parser.cc
[226/399] compile ../../src/trace_processor/importers/instruments/instruments_xml_tokenizer.cc
[227/399] compile ../../src/trace_processor/importers/json/json_trace_parser.cc
../../src/trace_processor/importers/json/json_trace_parser.cc:370:18: warning: unused variable 'rr' [-Wunused-variable]
  370 |             auto rr = (*context_->storage->mutable_slice_table())[*slice_id];
      |                  ^~
1 warning generated.
[228/399] compile ../../src/trace_processor/importers/json/json_trace_tokenizer.cc
[229/399] compile ../../src/trace_processor/importers/perf/aux_record.cc
[230/399] compile ../../src/trace_processor/importers/perf/aux_data_tokenizer.cc
[231/399] compile ../../src/trace_processor/importers/json/json_trace_tokenizer_unittest.cc
[232/399] compile ../../src/trace_processor/importers/ninja/ninja_log_parser.cc
[233/399] compile ../../src/trace_processor/importers/perf/aux_stream_manager.cc
[234/399] compile ../../src/trace_processor/importers/perf/auxtrace_info_record.cc
[235/399] compile ../../src/trace_processor/importers/perf/auxtrace_record.cc
[236/399] compile ../../src/trace_processor/importers/perf/itrace_start_record.cc
[237/399] compile ../../src/trace_processor/importers/perf/mmap_record.cc
[238/399] compile ../../src/trace_processor/importers/perf/perf_data_tokenizer.cc
[239/399] compile ../../src/trace_processor/importers/perf/perf_tracker.cc
[240/399] compile ../../src/trace_processor/importers/perf/sample.cc
[241/399] compile ../../src/trace_processor/importers/perf/sample_id.cc
[242/399] compile ../../src/trace_processor/importers/perf/record_parser.cc
[243/399] compile ../../src/trace_processor/importers/perf/spe_record_parser.cc
[244/399] compile ../../src/trace_processor/importers/perf/spe_tokenizer.cc
[245/399] compile ../../src/trace_processor/importers/perf/perf_invocation.cc
[246/399] compile ../../src/trace_processor/importers/perf/perf_event_attr.cc
[247/399] compile ../../src/trace_processor/importers/perf/aux_stream_manager_unittest.cc
[248/399] compile ../../src/trace_processor/importers/perf/perf_invocation_unittest.cc
[249/399] compile ../../src/trace_processor/importers/pprof/pprof_trace_reader.cc
[250/399] compile ../../src/trace_processor/importers/proto/android_kernel_wakelocks_state.cc
[251/399] compile ../../src/trace_processor/importers/primes/primes_trace_parser.cc
[252/399] compile ../../src/trace_processor/importers/proto/android_cpu_per_uid_state.cc
[253/399] compile ../../src/trace_processor/importers/primes/primes_trace_tokenizer.cc
[254/399] compile ../../src/trace_processor/importers/proto/android_cpu_per_uid_module.cc
[255/399] compile ../../src/trace_processor/importers/proto/android_kernel_wakelocks_module.cc
[256/399] compile ../../src/trace_processor/importers/proto/android_probes_tracker.cc
[257/399] compile ../../src/trace_processor/importers/proto/android_probes_module.cc
[258/399] compile ../../src/trace_processor/importers/proto/content_analyzer.cc
[259/399] compile ../../src/trace_processor/importers/proto/android_probes_parser.cc
[260/399] compile ../../src/trace_processor/importers/proto/deobfuscation_module.cc
[261/399] compile ../../src/trace_processor/importers/proto/deobfuscation_tracker.cc
[262/399] compile ../../src/trace_processor/importers/proto/additional_modules.cc
[263/399] compile ../../src/trace_processor/importers/proto/gpu_counter_sequence_state.cc
[264/399] compile ../../src/trace_processor/importers/proto/frame_timeline_event_parser.cc
[265/399] compile ../../src/trace_processor/importers/proto/graphics_frame_event_parser.cc
[266/399] compile ../../src/trace_processor/importers/proto/heap_graph_module.cc
[267/399] compile ../../src/trace_processor/importers/proto/graphics_event_module.cc
[268/399] compile ../../src/trace_processor/importers/proto/gpu_event_parser.cc
[269/399] compile ../../src/trace_processor/importers/proto/heap_graph_tracker.cc
[270/399] compile ../../src/trace_processor/importers/proto/linux_probes_module.cc
[271/399] compile ../../src/trace_processor/importers/proto/jit_tracker.cc
[272/399] compile ../../src/trace_processor/importers/proto/pixel_modem_module.cc
[273/399] compile ../../src/trace_processor/importers/proto/linux_probes_parser.cc
[274/399] compile ../../src/trace_processor/importers/proto/metadata_module.cc
[275/399] compile ../../src/trace_processor/importers/proto/system_probes_module.cc
[276/399] compile ../../src/trace_processor/importers/proto/pixel_modem_parser.cc
[277/399] compile ../../src/trace_processor/importers/proto/profile_module.cc
[278/399] compile ../../src/trace_processor/importers/proto/statsd_module.cc
[279/399] compile ../../src/trace_processor/importers/proto/translation_table_module.cc
[280/399] compile ../../src/trace_processor/importers/proto/system_probes_parser.cc
[281/399] compile ../../src/trace_processor/importers/proto/v8_sequence_state.cc
[282/399] compile ../../src/trace_processor/importers/proto/v8_module.cc
[283/399] compile ../../src/trace_processor/importers/proto/vulkan_memory_tracker.cc
[284/399] compile ../../src/trace_processor/importers/proto/active_chrome_processes_tracker.cc
[285/399] compile ../../src/trace_processor/importers/proto/chrome_string_lookup.cc
[286/399] compile ../../src/trace_processor/importers/proto/v8_tracker.cc
[287/399] compile ../../src/trace_processor/importers/proto/chrome_system_probes_module.cc
[288/399] compile ../../src/trace_processor/importers/proto/app_wakelock_module.cc
[289/399] compile ../../src/trace_processor/importers/proto/args_parser.cc
[290/399] compile ../../src/trace_processor/importers/proto/incremental_state.cc
[291/399] compile ../../src/trace_processor/importers/proto/metadata_minimal_module.cc
[292/399] compile ../../src/trace_processor/importers/proto/chrome_system_probes_parser.cc
[293/399] compile ../../src/trace_processor/importers/proto/concurrent_sessions_module.cc
[294/399] compile ../../src/trace_processor/importers/proto/default_modules.cc
[295/399] compile ../../src/trace_processor/importers/proto/packet_analyzer.cc
[296/399] compile ../../src/trace_processor/importers/proto/network_trace_module.cc
[297/399] compile ../../src/trace_processor/importers/proto/memory_tracker_snapshot_module.cc
[298/399] compile ../../src/trace_processor/importers/proto/profile_packet_utils.cc
[299/399] compile ../../src/trace_processor/importers/proto/perf_sample_tracker.cc
[300/399] compile ../../src/trace_processor/importers/proto/memory_tracker_snapshot_parser.cc
[301/399] compile ../../src/trace_processor/importers/proto/tracing_service_module.cc
[302/399] compile ../../src/trace_processor/importers/proto/proto_trace_parser_impl.cc
[303/399] compile ../../src/trace_processor/importers/proto/protovm_incremental_tracing.cc
[304/399] compile ../../src/trace_processor/importers/proto/proto_trace_reader.cc
[305/399] compile ../../src/trace_processor/importers/proto/stack_profile_sequence_state.cc
[306/399] compile ../../src/trace_processor/importers/proto/track_event_arg_fields.cc
[307/399] compile ../../src/trace_processor/importers/proto/track_event_extension_parser.cc
[308/399] compile ../../src/trace_processor/importers/proto/user_tracker.cc
[309/399] compile ../../src/trace_processor/importers/proto/track_event_module.cc
[310/399] compile ../../src/trace_processor/importers/proto/track_event_tokenizer.cc
[311/399] compile ../../src/trace_processor/importers/proto/track_event_tracker.cc
[312/399] compile ../../src/trace_processor/importers/proto/track_event_parser.cc
[313/399] compile ../../src/trace_processor/importers/proto/proto_importer_module.cc
[314/399] compile ../../src/trace_processor/importers/proto/heap_graph_tracker_unittest.cc
[315/399] compile ../../src/trace_processor/importers/proto/chrome_string_lookup_unittest.cc
[316/399] compile ../../src/trace_processor/importers/proto/active_chrome_processes_tracker_unittest.cc
[317/399] compile ../../src/trace_processor/importers/proto/jit_tracker_unittest.cc
[318/399] compile ../../src/trace_processor/importers/proto/packet_sequence_state_generation_unittest.cc
[319/399] compile ../../src/trace_processor/importers/proto/perf_sample_tracker_unittest.cc
[320/399] compile ../../src/trace_processor/importers/proto/profile_packet_sequence_state_unittest.cc
[321/399] compile ../../src/trace_processor/importers/proto/network_trace_module_unittest.cc
[322/399] compile ../../src/trace_processor/importers/proto/proto_trace_reader_unittest.cc
[323/399] compile ../../src/trace_processor/importers/systrace/systrace_line_parser.cc
[324/399] compile ../../src/trace_processor/importers/syscalls/syscall_tracker.cc
[325/399] compile ../../src/trace_processor/importers/proto/proto_trace_parser_impl_unittest.cc
[326/399] compile ../../src/trace_processor/importers/simpleperf_proto/simpleperf_proto_tokenizer.cc
[327/399] compile ../../src/trace_processor/importers/simpleperf_proto/simpleperf_proto_parser.cc
[328/399] compile ../../src/trace_processor/metrics/metrics.cc
[329/399] compile ../../src/trace_processor/importers/systrace/systrace_parser_unittest.cc
[330/399] compile ../../src/trace_processor/metrics/metrics_unittest.cc
[331/399] compile ../../src/trace_processor/importers/systrace/systrace_trace_parser.cc
[332/399] compile ../../src/trace_processor/perfetto_sql/engine/connection_catalog.cc
[333/399] compile ../../src/trace_processor/perfetto_sql/engine/created_function.cc
[334/399] compile ../../src/trace_processor/importers/systrace/systrace_parser.cc
[335/399] compile ../../src/trace_processor/importers/syscalls/syscall_tracker_unittest.cc
[336/399] compile ../../src/trace_processor/perfetto_sql/engine/perfetto_sql_database.cc
[337/399] compile ../../src/trace_processor/perfetto_sql/engine/runtime_table_function.cc
[338/399] compile ../../src/trace_processor/perfetto_sql/engine/pipeline_module.cc
[339/399] compile ../../src/trace_processor/perfetto_sql/engine/perfetto_sql_connection.cc
[340/399] compile ../../src/trace_processor/perfetto_sql/engine/static_table_function_module.cc
[341/399] compile ../../src/trace_processor/perfetto_sql/parser/function_util.cc
[342/399] compile ../../src/trace_processor/perfetto_sql/engine/dataframe_module.cc
[343/399] compile ../../src/trace_processor/perfetto_sql/engine/connection_catalog_unittest.cc
[344/399] compile ../../src/trace_processor/perfetto_sql/parser/perfetto_sql_parser.cc
[345/399] compile ../../src/trace_processor/perfetto_sql/pipeline/compiler.cc
[346/399] compile ../../src/trace_processor/perfetto_sql/engine/perfetto_sql_connection_unittest.cc
[347/399] compile ../../src/trace_processor/perfetto_sql/parser/perfetto_sql_parser_unittest.cc
[348/399] compile ../../src/trace_processor/perfetto_sql/pipeline/plan_serialization_unittest.cc
[349/399] compile ../../src/trace_processor/importers/common/global_stats_tracker.cc
[350/399] compile ../../src/trace_processor/importers/common/process_track_translation_table.cc
[351/399] compile ../../src/trace_processor/perfetto_sql/pipeline/physical_plan_unittest.cc
[352/399] compile ../../src/trace_processor/importers/common/clock_converter.cc
[353/399] compile ../../src/trace_processor/importers/common/mapping_tracker.cc
[354/399] compile ../../src/trace_processor/importers/common/args_translation_table.cc
[355/399] compile ../../src/trace_processor/importers/common/legacy_v8_cpu_profile_tracker.cc
[356/399] compile ../../src/trace_processor/importers/common/metadata_tracker.cc
[357/399] compile ../../src/trace_processor/importers/common/clock_tracker.cc
[358/399] compile ../../src/trace_processor/importers/fuchsia/fuchsia_parser_unittest.cc
[359/399] compile ../../src/trace_processor/importers/common/gpu_tracker.cc
[360/399] compile ../../src/trace_processor/importers/common/registered_file_tracker.cc
[361/399] compile ../../src/trace_processor/importers/common/process_tracker.cc
[362/399] compile ../../src/trace_processor/importers/common/jit_cache.cc
[363/399] compile ../../src/trace_processor/importers/common/args_tracker.cc
[364/399] compile ../../src/trace_processor/importers/common/slice_translation_table.cc
[365/399] compile ../../src/trace_processor/importers/common/sched_event_tracker.cc
[366/399] compile ../../src/trace_processor/importers/common/global_args_tracker.cc
[367/399] compile ../../src/trace_processor/importers/common/symbol_tracker.cc
[368/399] compile ../../src/trace_processor/importers/common/slice_tracker.cc
[369/399] compile ../../src/trace_processor/importers/common/state_tracker.cc
[370/399] compile ../../src/trace_processor/importers/common/sparse_counter_tracker.cc
[371/399] compile ../../src/trace_processor/importers/common/flow_tracker.cc
[372/399] compile ../../src/trace_processor/importers/common/deobfuscation_mapping_table.cc
[373/399] compile ../../src/trace_processor/importers/common/system_info_tracker.cc
[374/399] compile ../../src/trace_processor/importers/common/cpu_tracker.cc
[375/399] compile ../../src/trace_processor/importers/common/machine_tracker.cc
[376/399] compile ../../src/trace_processor/importers/common/thread_state_tracker.cc
[377/399] compile ../../src/trace_processor/importers/common/profiler_sample_tracker.cc
[378/399] compile ../../src/trace_processor/importers/art_method/art_method_tokenizer.cc
[379/399] compile ../../src/trace_processor/importers/common/trace_file_tracker.cc
[380/399] compile ../../src/trace_processor/importers/common/event_tracker.cc
[381/399] compile ../../src/trace_processor/importers/art_method/art_method_parser.cc
[382/399] compile ../../src/trace_processor/importers/common/trace_diagnostics_tracker_helper.cc
[383/399] compile ../../src/trace_processor/importers/common/track_compressor.cc
[384/399] compile ../../src/trace_processor/importers/common/track_tracker.cc
[385/399] compile ../../src/trace_processor/importers/common/virtual_memory_mapping.cc
[386/399] compile ../../src/trace_processor/importers/archive/decompressing_trace_reader.cc
[387/399] compile ../../src/trace_processor/importers/gecko/gecko_trace_tokenizer.cc
[388/399] compile ../../src/trace_processor/importers/common/stack_profile_tracker.cc
[389/399] compile ../../src/trace_processor/importers/common/global_metadata_tracker.cc
[390/399] compile ../../src/trace_processor/importers/fuchsia/fuchsia_trace_utils_unittest.cc
[391/399] compile ../../src/trace_processor/importers/common/import_logs_tracker.cc
[392/399] compile ../../src/trace_processor/importers/common/clock_converter_unittest.cc
[393/399] compile ../../src/trace_processor/importers/gecko/gecko_trace_parser.cc
[394/399] link libtrace_processor_shell_lib.a
[395/399] link ./trace_processor_shell
[396/399] compile ../../src/trace_processor/importers/common/args_translation_table_unittest.cc
[397/399] compile ../../src/trace_processor/importers/common/clock_tracker_unittest.cc
[398/399] link ./perfetto_trace_processor_unittests
[399/399] link ./perfetto_unittests
