ninja: Entering directory `out/mac_release'
[1/147] compile ../../src/trace_processor/core/dataframe/arrow_serializer.cc
[2/147] compile ../../src/trace_processor/core/dataframe/adhoc_dataframe_builder.cc
[3/147] compile ../../src/trace_processor/core/dataframe/arrow_deserializer.cc
[4/147] compile ../../src/trace_processor/core/dataframe/dataframe.cc
[5/147] compile ../../src/trace_processor/core/dataframe/query_plan.cc
[6/147] compile ../../src/trace_processor/core/dataframe/bytecode_lowering.cc
[7/147] compile ../../src/trace_processor/util/profiler_util.cc
[8/147] compile ../../src/trace_processor/util/json_args.cc
[9/147] compile ../../src/trace_processor/sorter/trace_sorter.cc
[10/147] compile ../../src/trace_processor/storage/trace_storage.cc
[11/147] compile ../../src/trace_processor/importers/systrace/systrace_parser.cc
[12/147] compile ../../src/trace_processor/importers/syscalls/syscall_tracker.cc
[13/147] compile ../../src/trace_processor/core/dataframe/typed_cursor.cc
[14/147] compile ../../src/trace_processor/importers/proto/graphics_event_module.cc
[15/147] compile ../../src/trace_processor/importers/proto/gpu_counter_sequence_state.cc
[16/147] compile ../../src/trace_processor/importers/proto/graphics_frame_event_parser.cc
[17/147] compile ../../src/trace_processor/importers/proto/frame_timeline_event_parser.cc
[18/147] compile ../../src/trace_processor/importers/proto/gpu_event_parser.cc
[19/147] compile ../../src/trace_processor/importers/proto/deobfuscation_module.cc
[20/147] compile ../../src/trace_processor/importers/proto/deobfuscation_tracker.cc
[21/147] compile ../../src/trace_processor/importers/proto/android_probes_tracker.cc
[22/147] compile ../../src/trace_processor/importers/proto/content_analyzer.cc
[23/147] compile ../../src/trace_processor/importers/proto/android_cpu_per_uid_state.cc
[24/147] compile ../../src/trace_processor/importers/proto/android_probes_module.cc
[25/147] compile ../../src/trace_processor/importers/proto/android_probes_parser.cc
[26/147] compile ../../src/trace_processor/importers/proto/android_kernel_wakelocks_state.cc
[27/147] compile ../../src/trace_processor/importers/proto/additional_modules.cc
[28/147] compile ../../src/trace_processor/importers/proto/proto_importer_module.cc
[29/147] compile ../../src/trace_processor/importers/proto/android_kernel_wakelocks_module.cc
[30/147] compile ../../src/trace_processor/importers/proto/user_tracker.cc
[31/147] compile ../../src/trace_processor/importers/proto/android_cpu_per_uid_module.cc
[32/147] compile ../../src/trace_processor/importers/proto/track_event_tracker.cc
[33/147] compile ../../src/trace_processor/importers/proto/track_event_module.cc
[34/147] compile ../../src/trace_processor/importers/proto/track_event_tokenizer.cc
[35/147] compile ../../src/trace_processor/importers/proto/track_event_parser.cc
[36/147] compile ../../src/trace_processor/importers/proto/track_event_extension_parser.cc
[37/147] compile ../../src/trace_processor/importers/proto/tracing_service_module.cc
[38/147] compile ../../src/trace_processor/importers/proto/track_event_arg_fields.cc
[39/147] compile ../../src/trace_processor/importers/proto/protovm_incremental_tracing.cc
[40/147] compile ../../src/trace_processor/importers/proto/stack_profile_sequence_state.cc
[41/147] compile ../../src/trace_processor/importers/proto/packet_sequence_state_generation.cc
[42/147] compile ../../src/trace_processor/importers/proto/profile_packet_utils.cc
[43/147] compile ../../src/trace_processor/importers/proto/proto_trace_parser_impl.cc
[44/147] compile ../../src/trace_processor/importers/proto/proto_trace_reader.cc
[45/147] compile ../../src/trace_processor/importers/proto/packet_analyzer.cc
[46/147] compile ../../src/trace_processor/importers/proto/profile_packet_sequence_state.cc
[47/147] compile ../../src/trace_processor/importers/proto/perf_sample_tracker.cc
[48/147] compile ../../src/trace_processor/importers/proto/memory_tracker_snapshot_parser.cc
[49/147] compile ../../src/trace_processor/importers/proto/memory_tracker_snapshot_module.cc
[50/147] compile ../../src/trace_processor/importers/proto/metadata_minimal_module.cc
[51/147] compile ../../src/trace_processor/importers/proto/incremental_state.cc
[52/147] compile ../../src/trace_processor/importers/proto/network_trace_module.cc
[53/147] compile ../../src/trace_processor/importers/proto/default_modules.cc
[54/147] compile ../../src/trace_processor/importers/proto/concurrent_sessions_module.cc
[55/147] compile ../../src/trace_processor/importers/proto/chrome_system_probes_parser.cc
[56/147] compile ../../src/trace_processor/importers/proto/chrome_system_probes_module.cc
[57/147] compile ../../src/trace_processor/importers/proto/chrome_string_lookup.cc
[58/147] compile ../../src/trace_processor/importers/proto/active_chrome_processes_tracker.cc
[59/147] compile ../../src/trace_processor/importers/proto/vulkan_memory_tracker.cc
[60/147] compile ../../src/trace_processor/importers/proto/args_parser.cc
[61/147] compile ../../src/trace_processor/importers/proto/app_wakelock_module.cc
[62/147] compile ../../src/trace_processor/importers/proto/v8_sequence_state.cc
[63/147] compile ../../src/trace_processor/importers/proto/v8_tracker.cc
[64/147] compile ../../src/trace_processor/importers/proto/v8_module.cc
[65/147] compile ../../src/trace_processor/importers/proto/translation_table_module.cc
[66/147] compile ../../src/trace_processor/importers/proto/system_probes_module.cc
[67/147] compile ../../src/trace_processor/importers/proto/system_probes_parser.cc
[68/147] compile ../../src/trace_processor/importers/proto/statsd_module.cc
[69/147] compile ../../src/trace_processor/importers/proto/pixel_modem_parser.cc
[70/147] compile ../../src/trace_processor/importers/proto/pixel_modem_module.cc
[71/147] compile ../../src/trace_processor/importers/proto/profile_module.cc
[72/147] compile ../../src/trace_processor/importers/proto/linux_probes_module.cc
[73/147] compile ../../src/trace_processor/importers/proto/metadata_module.cc
[74/147] compile ../../src/trace_processor/importers/proto/linux_probes_parser.cc
[75/147] compile ../../src/trace_processor/importers/proto/jit_tracker.cc
[76/147] compile ../../src/trace_processor/importers/etw/etw_tokenizer.cc
[77/147] compile ../../src/trace_processor/importers/etw/etw_module_impl.cc
[78/147] compile ../../src/trace_processor/importers/proto/heap_graph_module.cc
[79/147] compile ../../src/trace_processor/importers/proto/heap_graph_tracker.cc
[80/147] compile ../../src/trace_processor/importers/etw/etw_parser.cc
[81/147] compile ../../src/trace_processor/importers/ftrace/mali_gpu_event_tracker.cc
[82/147] compile ../../src/trace_processor/importers/ftrace/iostat_tracker.cc
[83/147] compile ../../src/trace_processor/importers/ftrace/generic_ftrace_tracker.cc
[84/147] compile ../../src/trace_processor/importers/ftrace/pixel_display_tracker.cc
[85/147] compile ../../src/trace_processor/importers/ftrace/virtio_gpu_tracker.cc
[86/147] compile ../../src/trace_processor/importers/ftrace/virtio_video_tracker.cc
[87/147] compile ../../src/trace_processor/importers/ftrace/pixel_mm_kswapd_event_tracker.cc
[88/147] compile ../../src/trace_processor/importers/ftrace/pkvm_hyp_cpu_tracker.cc
[89/147] compile ../../src/trace_processor/importers/ftrace/rss_stat_tracker.cc
[90/147] compile ../../src/trace_processor/importers/ftrace/thermal_tracker.cc
[91/147] compile ../../src/trace_processor/importers/ftrace/v4l2_tracker.cc
[92/147] compile ../../src/trace_processor/importers/generic_kernel/generic_kernel_module.cc
[93/147] compile ../../src/trace_processor/importers/i2c/i2c_tracker.cc
[94/147] compile ../../src/trace_processor/importers/generic_kernel/generic_kernel_parser.cc
[95/147] compile ../../src/trace_processor/importers/etw/etw_module.cc
[96/147] compile ../../src/trace_processor/importers/etw/disk_io_tracker.cc
[97/147] compile ../../src/trace_processor/importers/etw/file_io_tracker.cc
[98/147] compile ../../src/trace_processor/importers/ftrace/binder_tracker.cc
[99/147] compile ../../src/trace_processor/importers/ftrace/ftrace_module_impl.cc
[100/147] compile ../../src/trace_processor/importers/ftrace/drm_tracker.cc
[101/147] compile ../../src/trace_processor/importers/ftrace/ftrace_tokenizer.cc
[102/147] compile ../../src/trace_processor/importers/ftrace/gpu_work_period_tracker.cc
[103/147] compile ../../src/trace_processor/importers/ftrace/ftrace_sched_event_tracker.cc
[104/147] compile ../../src/trace_processor/importers/common/global_stats_tracker.cc
[105/147] compile ../../src/trace_processor/importers/common/virtual_memory_mapping.cc
[106/147] compile ../../src/trace_processor/importers/common/trace_diagnostics_tracker_helper.cc
[107/147] compile ../../src/trace_processor/importers/common/track_tracker.cc
[108/147] compile ../../src/trace_processor/importers/common/trace_file_tracker.cc
[109/147] compile ../../src/trace_processor/importers/common/track_compressor.cc
[110/147] compile ../../src/trace_processor/importers/ftrace/ftrace_parser.cc
[111/147] compile ../../src/trace_processor/importers/common/system_info_tracker.cc
[112/147] compile ../../src/trace_processor/importers/common/thread_state_tracker.cc
[113/147] compile ../../src/trace_processor/importers/common/symbol_tracker.cc
[114/147] compile ../../src/trace_processor/importers/common/stack_profile_tracker.cc
[115/147] compile ../../src/trace_processor/importers/common/slice_translation_table.cc
[116/147] compile ../../src/trace_processor/importers/common/state_tracker.cc
[117/147] compile ../../src/trace_processor/importers/common/sparse_counter_tracker.cc
[118/147] compile ../../src/trace_processor/importers/common/registered_file_tracker.cc
[119/147] compile ../../src/trace_processor/importers/common/sched_event_tracker.cc
[120/147] compile ../../src/trace_processor/importers/common/process_track_translation_table.cc
[121/147] compile ../../src/trace_processor/importers/common/slice_tracker.cc
[122/147] compile ../../src/trace_processor/importers/common/profiler_sample_tracker.cc
[123/147] compile ../../src/trace_processor/importers/common/metadata_tracker.cc
[124/147] compile ../../src/trace_processor/importers/common/machine_tracker.cc
[125/147] compile ../../src/trace_processor/importers/common/mapping_tracker.cc
[126/147] compile ../../src/trace_processor/importers/common/process_tracker.cc
[127/147] compile ../../src/trace_processor/importers/common/legacy_v8_cpu_profile_tracker.cc
[128/147] compile ../../src/trace_processor/importers/common/gpu_tracker.cc
[129/147] compile ../../src/trace_processor/importers/common/import_logs_tracker.cc
[130/147] compile ../../src/trace_processor/importers/common/jit_cache.cc
[131/147] compile ../../src/trace_processor/importers/common/global_metadata_tracker.cc
[132/147] compile ../../src/trace_processor/importers/common/global_args_tracker.cc
[133/147] compile ../../src/trace_processor/importers/common/deobfuscation_mapping_table.cc
[134/147] compile ../../src/trace_processor/importers/common/flow_tracker.cc
[135/147] compile ../../src/trace_processor/importers/common/event_tracker.cc
[136/147] compile ../../src/trace_processor/importers/common/clock_tracker.cc
[137/147] compile ../../src/trace_processor/importers/common/cpu_tracker.cc
[138/147] compile ../../src/trace_processor/importers/common/clock_converter.cc
[139/147] compile ../../src/trace_processor/importers/common/args_translation_table.cc
[140/147] compile ../../src/trace_processor/trace_processor_storage.cc
[141/147] compile ../../src/trace_processor/importers/ftrace/ftrace_module.cc
[142/147] compile ../../src/trace_processor/importers/common/args_tracker.cc
[143/147] compile ../../src/trace_processor/forwarding_trace_parser.cc
[144/147] compile ../../streaming-parser-audit/benchmark.cc
[145/147] compile ../../src/trace_processor/trace_processor_storage_impl.cc
[146/147] compile ../../src/trace_processor/trace_processor_context.cc
[147/147] link ./streaming_parser_benchmark
ninja: Entering directory `out/mac_release'
ninja: no work to do.
ninja: Entering directory `out/mac_release'
[0/1] Regenerating ninja files
[1/2] compile ../../streaming-parser-audit/benchmark.cc
[2/2] link ./streaming_parser_benchmark
