ninja: Entering directory `out/mac_release'
[1/103] compile ../../src/trace_processor/importers/common/deobfuscation_mapping_table.cc
[2/103] compile ../../src/trace_processor/importers/common/cpu_tracker.cc
[3/103] compile ../../src/trace_processor/importers/common/clock_converter.cc
[4/103] compile ../../src/trace_processor/importers/common/global_args_tracker.cc
[5/103] compile ../../src/trace_processor/importers/common/args_translation_table.cc
[6/103] compile ../../src/trace_processor/importers/common/clock_tracker.cc
[7/103] compile ../../src/trace_processor/importers/common/event_tracker.cc
[8/103] compile ../../src/trace_processor/importers/common/flow_tracker.cc
[9/103] compile ../../src/trace_processor/importers/common/args_tracker.cc
[10/103] compile ../../src/trace_processor/importers/common/global_metadata_tracker.cc
[11/103] compile ../../src/trace_processor/importers/common/gpu_tracker.cc
[12/103] compile ../../src/trace_processor/importers/common/metadata_tracker.cc
[13/103] compile ../../src/trace_processor/importers/common/machine_tracker.cc
[14/103] compile ../../src/trace_processor/importers/common/jit_cache.cc
[15/103] compile ../../src/trace_processor/importers/etw/etw_module.cc
[16/103] compile ../../src/trace_processor/importers/common/import_logs_tracker.cc
[17/103] compile ../../src/trace_processor/importers/common/mapping_tracker.cc
[18/103] compile ../../src/trace_processor/importers/common/legacy_v8_cpu_profile_tracker.cc
[19/103] compile ../../src/trace_processor/importers/common/global_stats_tracker.cc
[20/103] compile ../../src/trace_processor/importers/etw/file_io_tracker.cc
[21/103] compile ../../src/trace_processor/importers/common/trace_diagnostics_tracker_helper.cc
[22/103] compile ../../src/trace_processor/importers/etw/disk_io_tracker.cc
[23/103] compile ../../src/trace_processor/importers/common/trace_file_tracker.cc
[24/103] compile ../../src/trace_processor/importers/common/virtual_memory_mapping.cc
[25/103] compile ../../src/trace_processor/importers/common/system_info_tracker.cc
[26/103] compile ../../src/trace_processor/importers/common/track_tracker.cc
[27/103] compile ../../src/trace_processor/importers/common/track_compressor.cc
[28/103] compile ../../src/trace_processor/importers/common/slice_translation_table.cc
[29/103] compile ../../src/trace_processor/importers/common/symbol_tracker.cc
[30/103] compile ../../src/trace_processor/importers/common/thread_state_tracker.cc
[31/103] compile ../../src/trace_processor/importers/common/stack_profile_tracker.cc
[32/103] compile ../../src/trace_processor/importers/common/state_tracker.cc
[33/103] compile ../../src/trace_processor/importers/common/process_track_translation_table.cc
[34/103] compile ../../src/trace_processor/importers/common/sparse_counter_tracker.cc
[35/103] compile ../../src/trace_processor/importers/common/registered_file_tracker.cc
[36/103] compile ../../src/trace_processor/importers/common/sched_event_tracker.cc
[37/103] compile ../../src/trace_processor/importers/common/slice_tracker.cc
[38/103] compile ../../src/trace_processor/importers/common/profiler_sample_tracker.cc
[39/103] compile ../../src/trace_processor/importers/proto/chrome_string_lookup.cc
[40/103] compile ../../src/trace_processor/importers/proto/active_chrome_processes_tracker.cc
[41/103] compile ../../src/trace_processor/importers/proto/chrome_system_probes_module.cc
[42/103] compile ../../src/trace_processor/importers/common/process_tracker.cc
[43/103] compile ../../src/trace_processor/importers/proto/args_parser.cc
[44/103] compile ../../src/trace_processor/importers/proto/app_wakelock_module.cc
[45/103] compile ../../src/trace_processor/importers/proto/incremental_state.cc
[46/103] compile ../../src/trace_processor/importers/proto/chrome_system_probes_parser.cc
[47/103] compile ../../src/trace_processor/importers/proto/metadata_minimal_module.cc
[48/103] compile ../../src/trace_processor/importers/proto/concurrent_sessions_module.cc
[49/103] compile ../../src/trace_processor/importers/proto/default_modules.cc
[50/103] compile ../../src/trace_processor/importers/proto/packet_analyzer.cc
[51/103] compile ../../src/trace_processor/importers/proto/packet_sequence_state_generation.cc
[52/103] compile ../../src/trace_processor/importers/proto/memory_tracker_snapshot_module.cc
[53/103] compile ../../src/trace_processor/importers/proto/network_trace_module.cc
[54/103] compile ../../src/trace_processor/importers/proto/profile_packet_utils.cc
[55/103] compile ../../src/trace_processor/importers/proto/memory_tracker_snapshot_parser.cc
[56/103] compile ../../src/trace_processor/importers/proto/perf_sample_tracker.cc
[57/103] compile ../../src/trace_processor/importers/proto/profile_packet_sequence_state.cc
[58/103] compile ../../src/trace_processor/importers/proto/proto_trace_parser_impl.cc
[59/103] compile ../../src/trace_processor/importers/proto/tracing_service_module.cc
[60/103] compile ../../src/trace_processor/importers/proto/protovm_incremental_tracing.cc
[61/103] compile ../../src/trace_processor/importers/proto/track_event_extension_parser.cc
[62/103] compile ../../src/trace_processor/importers/proto/stack_profile_sequence_state.cc
[63/103] compile ../../src/trace_processor/importers/proto/track_event_arg_fields.cc
[64/103] compile ../../src/trace_processor/importers/proto/proto_trace_reader.cc
[65/103] compile ../../src/trace_processor/importers/proto/track_event_module.cc
[66/103] compile ../../src/trace_processor/importers/proto/proto_importer_module.cc
[67/103] compile ../../src/trace_processor/importers/proto/user_tracker.cc
[68/103] compile ../../src/trace_processor/importers/syscalls/syscall_tracker.cc
[69/103] compile ../../src/trace_processor/importers/proto/track_event_tokenizer.cc
[70/103] compile ../../src/trace_processor/importers/proto/track_event_tracker.cc
[71/103] compile ../../src/trace_processor/importers/ftrace/ftrace_module.cc
[72/103] compile ../../src/trace_processor/importers/i2c/i2c_tracker.cc
[73/103] compile ../../src/trace_processor/importers/proto/track_event_parser.cc
In file included from ../../src/trace_processor/importers/proto/track_event_parser.cc:44:
../../src/trace_processor/importers/proto/track_event_event_importer.h:827:12: warning: unused variable 'rr' [-Wunused-variable]
  827 |       auto rr = (*context_->storage->mutable_slice_table())[*opt_slice_id];
      |            ^~
1 warning generated.
[74/103] compile ../../src/trace_processor/importers/systrace/systrace_parser.cc
[75/103] compile ../../src/trace_processor/importers/ftrace/virtio_video_tracker.cc
[76/103] compile ../../src/trace_processor/importers/ftrace/v4l2_tracker.cc
[77/103] compile ../../src/trace_processor/importers/ftrace/virtio_gpu_tracker.cc
[78/103] compile ../../src/trace_processor/importers/ftrace/thermal_tracker.cc
[79/103] compile ../../src/trace_processor/importers/ftrace/rss_stat_tracker.cc
[80/103] compile ../../src/trace_processor/importers/ftrace/pkvm_hyp_cpu_tracker.cc
[81/103] compile ../../src/trace_processor/importers/ftrace/pixel_mm_kswapd_event_tracker.cc
[82/103] compile ../../src/trace_processor/importers/ftrace/pixel_display_tracker.cc
[83/103] compile ../../src/trace_processor/importers/ftrace/mali_gpu_event_tracker.cc
[84/103] compile ../../src/trace_processor/importers/ftrace/iostat_tracker.cc
[85/103] compile ../../src/trace_processor/importers/ftrace/gpu_work_period_tracker.cc
[86/103] compile ../../src/trace_processor/importers/ftrace/ftrace_tokenizer.cc
[87/103] compile ../../src/trace_processor/virtual_destructors.cc
[88/103] compile ../../src/trace_processor/importers/ftrace/generic_ftrace_tracker.cc
[89/103] compile ../../src/trace_processor/importers/ftrace/ftrace_sched_event_tracker.cc
[90/103] compile ../../src/trace_processor/trace_processor_storage.cc
[91/103] compile ../../src/trace_processor/importers/ftrace/drm_tracker.cc
[92/103] compile ../../src/trace_processor/importers/ftrace/ftrace_module_impl.cc
[93/103] compile ../../src/trace_processor/importers/ftrace/binder_tracker.cc
[94/103] compile ../../src/trace_processor/trace_processor_storage_impl.cc
[95/103] compile ../../src/trace_processor/forwarding_trace_parser.cc
[96/103] compile ../../src/trace_processor/util/profiler_util.cc
[97/103] compile ../../src/trace_processor/storage/trace_storage.cc
[98/103] compile ../../src/trace_processor/importers/ftrace/ftrace_parser.cc
[99/103] compile ../../src/trace_processor/trace_processor_context.cc
[100/103] compile ../../streaming-parser-audit/benchmark.cc
[101/103] compile ../../src/trace_processor/sorter/trace_sorter.cc
[102/103] compile ../../src/trace_processor/util/json_args.cc
[103/103] link ./streaming_parser_benchmark
ninja: Entering directory `out/mac_release'
[1/2] compile ../../src/trace_processor/importers/proto/track_event_parser.cc
[2/2] link ./streaming_parser_benchmark
