ninja: Entering directory `out/mac_debug'
[1/413] compile ../../src/trace_processor/plugins/strace/strace.cc
[2/413] compile ../../src/trace_processor/plugins/stack_sample_importer/plugin.cc
[3/413] compile ../../src/trace_processor/plugins/stdlib_docs/stdlib_docs.cc
[4/413] compile ../../src/trace_processor/plugins/stack_functions/stack_functions.cc
[5/413] compile ../../src/trace_processor/plugins/storage_tables/storage_tables.cc
[6/413] compile ../../src/trace_processor/plugins/stack_sample_importer/module.cc
[7/413] compile ../../src/trace_processor/plugins/string_functions/sqlite3_str_split.cc
[8/413] compile ../../src/trace_processor/plugins/string_functions/replace_numbers_function.cc
[9/413] compile ../../src/trace_processor/plugins/strace/strace_trace_tokenizer_unittest.cc
[10/413] compile ../../src/trace_processor/plugins/symbolize/symbolize.cc
[11/413] compile ../../src/trace_processor/plugins/strace/strace_trace_tokenizer.cc
[12/413] compile ../../src/trace_processor/plugins/string_functions/sqlite3_str_split_unittest.cc
[13/413] compile ../../src/trace_processor/plugins/strace/strace_trace_parser.cc
[14/413] compile ../../src/trace_processor/plugins/table_pointer_module/table_pointer_module.cc
[15/413] compile ../../src/trace_processor/plugins/structural_tree_partition/structural_tree_partition.cc
[16/413] compile ../../src/trace_processor/plugins/table_info/table_info.cc
[17/413] compile ../../src/trace_processor/plugins/utils_functions/utils_functions.cc
[18/413] compile ../../src/trace_processor/plugins/tree_functions/tree_conversion.cc
[19/413] compile ../../src/trace_processor/plugins/type_builder_functions/type_builders.cc
[20/413] compile ../../src/trace_processor/sqlite/sqlite_utils_unittest.cc
[21/413] compile ../../src/trace_processor/plugins/video_frame_importer/video_frame_importer.cc
[22/413] compile ../../src/trace_processor/shell/shell_utils_unittest.cc
[23/413] compile ../../src/trace_processor/shell/sql_packages.cc
[24/413] compile ../../src/trace_processor/shell/subcommand_flags_unittest.cc
[25/413] compile ../../src/trace_processor/plugins/video_frame_importer/video_frame_module_unittest.cc
[26/413] compile ../../src/trace_processor/plugins/video_frame_importer/video_frame_module.cc
[27/413] compile ../../src/trace_processor/shell/shell_utils.cc
[28/413] compile ../../src/trace_processor/shell/util_subcommand.cc
[29/413] compile ../../src/trace_processor/shell/summarize_subcommand.cc
[30/413] compile ../../src/trace_processor/shell/query.cc
[31/413] compile ../../src/trace_processor/shell/metatrace.cc
[32/413] compile ../../src/trace_processor/shell/query_subcommand.cc
[33/413] compile ../../src/trace_processor/shell/server_subcommand.cc
[34/413] compile ../../src/trace_processor/shell/metrics_subcommand.cc
[35/413] compile ../../src/trace_processor/shell/bundle_subcommand.cc
[36/413] compile ../../src/trace_processor/shell/metrics.cc
[37/413] compile ../../src/trace_processor/shell/common_flags.cc
[38/413] compile ../../src/trace_processor/sqlite/sqlite_export.cc
[39/413] compile ../../src/trace_processor/shell/interactive_subcommand.cc
[40/413] compile ../../src/trace_processor/shell/convert_subcommand.cc
[41/413] compile ../../src/trace_processor/shell/interactive.cc
[42/413] compile ../../src/trace_processor/sqlite/sqlite_utils.cc
[43/413] compile ../../src/trace_processor/shell/export_subcommand.cc
[44/413] compile ../../src/trace_processor/rpc/unixd.cc
[45/413] compile ../../src/trace_processor/rpc/stdiod.cc
[46/413] compile ../../src/trace_processor/sorter/trace_sorter.cc
[47/413] compile ../../src/trace_processor/trace_summary/summarizer.cc
[48/413] compile ../../src/trace_processor/sorter/trace_token_buffer_unittest.cc
[49/413] compile ../../src/trace_processor/rpc/rpc_unittest.cc
[50/413] compile ../../src/trace_processor/rpc/query_result_serializer_unittest.cc
[51/413] compile ../../src/trace_processor/sorter/trace_sorter_unittest.cc
[52/413] compile ../../src/trace_processor/util/sql_argument_unittest.cc
[53/413] compile ../../src/trace_processor/util/symbolizer/symbolize_database.cc
[54/413] compile ../../src/trace_processor/trace_summary/summary.cc
[55/413] compile ../../src/trace_processor/util/trace_enrichment/trace_enrichment.cc
[56/413] compile ../../src/traceconv/trace_to_bundle.cc
[57/413] compile ../../src/trace_processor/util/symbolizer/symbolize_database_unittest.cc
[58/413] compile ../../src/traceconv/trace_to_profile.cc
[59/413] compile ../../src/traceconv/trace_to_systrace.cc
[60/413] compile ../../src/traceconv/trace_to_firefox.cc
[61/413] compile ../../src/traceconv/deobfuscate_profile.cc
[62/413] compile ../../src/traceconv/symbolize_profile.cc
[63/413] compile ../../src/trace_processor/storage/trace_storage.cc
[64/413] compile ../../src/traceconv/trace_to_json.cc
[65/413] compile ../../src/trace_processor/util/proto_to_args_parser_unittest.cc
[66/413] compile ../../src/traceconv/utils.cc
[67/413] compile ../../src/traceconv/pprof_builder.cc
[68/413] compile ../../src/trace_processor/trace_processor_storage.cc
[69/413] compile ../../src/trace_processor/trace_processor.cc
[70/413] compile ../../src/trace_processor/importers/systrace/systrace_line_parser.cc
[71/413] compile ../../src/trace_processor/importers/proto/proto_trace_parser_impl.cc
[72/413] compile ../../src/trace_processor/importers/proto/proto_trace_reader.cc
[73/413] compile ../../src/trace_processor/importers/syscalls/syscall_tracker_unittest.cc
[74/413] compile ../../src/trace_processor/read_trace_internal.cc
[75/413] compile ../../src/trace_processor/importers/simpleperf_proto/simpleperf_proto_parser.cc
[76/413] compile ../../src/trace_processor/read_trace.cc
[77/413] compile ../../src/trace_processor/iterator_impl.cc
[78/413] compile ../../src/trace_processor/sqlite_iterator_impl.cc
[79/413] compile ../../src/trace_processor/importers/syscalls/syscall_tracker.cc
[80/413] compile ../../src/trace_processor/virtual_destructors.cc
[81/413] compile ../../src/trace_processor/export_json.cc
[82/413] compile ../../src/trace_processor/importers/simpleperf_proto/simpleperf_proto_tokenizer.cc
[83/413] compile ../../src/trace_processor/trace_processor_context.cc
[84/413] compile ../../src/trace_processor/trace_processor_storage_impl.cc
[85/413] compile ../../src/trace_processor/importers/proto/protovm_incremental_tracing.cc
[86/413] compile ../../src/trace_processor/importers/proto/stack_profile_sequence_state.cc
[87/413] compile ../../src/trace_processor/trace_processor_impl.cc
[88/413] compile ../../src/trace_processor/importers/proto/user_tracker.cc
[89/413] compile ../../src/trace_processor/importers/systrace/systrace_trace_parser.cc
[90/413] compile ../../src/trace_processor/importers/proto/track_event_tracker.cc
[91/413] compile ../../src/trace_processor/importers/proto/track_event_extension_parser.cc
[92/413] compile ../../src/trace_processor/importers/proto/track_event_tokenizer.cc
[93/413] compile ../../src/trace_processor/importers/proto/tracing_service_module.cc
[94/413] compile ../../src/trace_processor/importers/proto/track_event_module.cc
[95/413] compile ../../src/trace_processor/importers/proto/track_event_arg_fields.cc
[96/413] compile ../../src/trace_processor/forwarding_trace_parser.cc
[97/413] compile ../../src/trace_processor/importers/proto/track_event_parser.cc
[98/413] compile ../../src/trace_processor/importers/proto/perf_sample_tracker_unittest.cc
[99/413] compile ../../src/trace_processor/importers/proto/profile_packet_sequence_state_unittest.cc
[100/413] compile ../../src/trace_processor/core/plugin/plugin.cc
[101/413] compile ../../src/trace_processor/importers/instruments/instruments_xml_tokenizer.cc
[102/413] compile ../../src/trace_processor/importers/json/json_trace_tokenizer_unittest.cc
[103/413] compile ../../src/trace_processor/core/plugin/static_table_function.cc
[104/413] compile ../../src/trace_processor/importers/json/json_trace_tokenizer.cc
[105/413] compile ../../src/trace_processor/local_file_system_unittest.cc
[106/413] compile ../../src/trace_processor/importers/json/json_trace_parser.cc
[107/413] compile ../../src/trace_processor/importers/instruments/row_parser.cc
[108/413] compile ../../src/trace_processor/importers/generic_kernel/generic_kernel_module.cc
[109/413] compile ../../src/trace_processor/importers/i2c/i2c_tracker.cc
[110/413] compile ../../src/trace_processor/streaming_tables_unittest.cc
../../src/trace_processor/streaming_tables_unittest.cc:237:22: warning: implicit conversion changes signedness: 'int32_t' (aka 'int') to 'uint32_t' (aka 'unsigned int') [-Wsign-conversion]
  237 |       event->set_pid(static_cast<int32_t>(i < 4 ? 0 : 1 + cpu));
      |              ~~~~~~~ ^~~~~~~~~~~~~~~~~~~~~~~~~~~~~~~~~~~~~~~~~
1 warning generated.
[111/413] compile ../../src/trace_processor/importers/gecko/gecko_trace_tokenizer.cc
[112/413] compile ../../src/trace_processor/importers/generic_kernel/generic_kernel_parser.cc
[113/413] compile ../../src/trace_processor/export_json_unittest.cc
[114/413] compile ../../src/trace_processor/importers/art_hprof/art_heap_graph_builder.cc
[115/413] compile ../../src/trace_processor/importers/art_hprof/art_heap_graph_resolver.cc
[116/413] compile ../../src/trace_processor/importers/gecko/gecko_trace_parser.cc
[117/413] compile ../../src/trace_processor/importers/archive/tar_trace_reader.cc
[118/413] compile ../../src/trace_processor/importers/archive/zip_trace_reader.cc
[119/413] compile ../../src/trace_processor/importers/archive/decompressing_trace_reader.cc
[120/413] compile ../../src/trace_processor/importers/android_bugreport/android_log_unittest.cc
[121/413] compile ../../src/trace_processor/importers/android_bugreport/android_log_reader.cc
[122/413] compile ../../src/trace_processor/importers/android_bugreport/android_dumpstate_reader.cc
[123/413] compile ../../src/trace_processor/importers/android_bugreport/android_log_event_parser.cc
[124/413] compile ../../src/trace_processor/importers/art_hprof/art_hprof_parser.cc
[125/413] compile ../../src/trace_processor/importers/android_bugreport/android_bugreport_reader.cc
[126/413] compile ../../src/trace_processor/importers/android_bugreport/android_dumpstate_event_parser.cc
[127/413] compile ../../src/trace_processor/importers/android_bugreport/android_battery_stats_reader.cc
[128/413] compile ../../src/trace_processor/importers/common/process_track_translation_table.cc
[129/413] compile ../../src/trace_processor/importers/common/registered_file_tracker.cc
[130/413] compile ../../src/trace_processor/importers/common/metadata_tracker.cc
[131/413] compile ../../src/trace_processor/importers/common/profiler_sample_tracker.cc
[132/413] compile ../../src/trace_processor/importers/common/machine_tracker.cc
[133/413] compile ../../src/trace_processor/importers/common/mapping_tracker.cc
[134/413] compile ../../src/trace_processor/importers/common/process_tracker.cc
[135/413] compile ../../src/trace_processor/importers/common/legacy_v8_cpu_profile_tracker.cc
[136/413] compile ../../src/trace_processor/importers/common/jit_cache.cc
[137/413] compile ../../src/trace_processor/importers/common/gpu_tracker.cc
[138/413] compile ../../src/trace_processor/importers/common/global_metadata_tracker.cc
[139/413] compile ../../src/trace_processor/importers/common/import_logs_tracker.cc
[140/413] compile ../../src/trace_processor/importers/common/global_args_tracker.cc
[141/413] compile ../../src/trace_processor/importers/common/deobfuscation_mapping_table.cc
[142/413] compile ../../src/trace_processor/importers/common/cpu_tracker.cc
[143/413] compile ../../src/trace_processor/importers/common/clock_converter.cc
[144/413] compile ../../src/trace_processor/importers/common/flow_tracker.cc
[145/413] compile ../../src/trace_processor/importers/common/event_tracker.cc
[146/413] compile ../../src/trace_processor/importers/common/clock_tracker.cc
[147/413] compile ../../src/trace_processor/importers/common/slice_translation_table.cc
[148/413] compile ../../src/trace_processor/importers/common/args_translation_table.cc
[149/413] compile ../../src/trace_processor/importers/common/args_tracker.cc
[150/413] compile ../../src/trace_processor/importers/common/sched_event_tracker.cc
[151/413] compile ../../src/trace_processor/importers/common/slice_tracker.cc
[152/413] compile ../../src/trace_processor/importers/common/stack_profile_tracker.cc
[153/413] compile ../../src/trace_processor/importers/common/sparse_counter_tracker.cc
[154/413] compile ../../src/trace_processor/importers/common/system_info_tracker.cc
[155/413] compile ../../src/trace_processor/importers/common/state_tracker.cc
[156/413] compile ../../src/trace_processor/importers/common/symbol_tracker.cc
[157/413] compile ../../src/trace_processor/importers/common/trace_file_tracker.cc
[158/413] compile ../../src/trace_processor/importers/common/trace_diagnostics_tracker_helper.cc
[159/413] compile ../../src/trace_processor/importers/common/thread_state_tracker.cc
[160/413] compile ../../src/trace_processor/importers/common/track_compressor.cc
[161/413] compile ../../src/trace_processor/importers/common/virtual_memory_mapping.cc
[162/413] compile ../../src/trace_processor/importers/common/track_tracker.cc
[163/413] compile ../../src/trace_processor/importers/collapsed_stack/collapsed_stack_trace_reader.cc
[164/413] compile ../../src/trace_processor/importers/art_method/art_method_v2_tokenizer.cc
[165/413] compile ../../src/trace_processor/importers/art_method/art_method_tokenizer.cc
[166/413] compile ../../src/trace_processor/perfetto_sql/engine/created_function.cc
[167/413] compile ../../src/trace_processor/perfetto_sql/engine/connection_catalog.cc
[168/413] compile ../../src/trace_processor/importers/art_method/art_method_parser.cc
[169/413] compile ../../src/trace_processor/perfetto_sql/engine/perfetto_sql_connection.cc
[170/413] compile ../../src/trace_processor/perfetto_sql/engine/dataframe_module.cc
[171/413] compile ../../src/trace_processor/perfetto_sql/engine/static_table_function_module.cc
[172/413] compile ../../src/trace_processor/perfetto_sql/parser/function_util.cc
[173/413] compile ../../src/trace_processor/perfetto_sql/engine/connection_catalog_unittest.cc
[174/413] compile ../../src/trace_processor/perfetto_sql/engine/perfetto_sql_database.cc
[175/413] compile ../../src/trace_processor/perfetto_sql/engine/runtime_table_function.cc
[176/413] compile ../../src/trace_processor/perfetto_sql/engine/pipeline_module.cc
[177/413] compile ../../src/trace_processor/perfetto_sql/engine/perfetto_sql_connection_unittest.cc
[178/413] compile ../../src/trace_processor/perfetto_sql/parser/perfetto_sql_parser.cc
[179/413] compile ../../src/trace_processor/plugins/ancestor/ancestor.cc
[180/413] compile ../../src/trace_processor/perfetto_sql/parser/perfetto_sql_parser_unittest.cc
[181/413] compile ../../src/trace_processor/plugins/args/args.cc
[182/413] compile ../../src/trace_processor/plugins/ancestor/ancestor_unittest.cc
[183/413] compile ../../src/trace_processor/plugins/android_framework_track_event/android_framework_track_event.cc
[184/413] compile ../../src/trace_processor/plugins/android_job_scheduler/android_job_scheduler.cc
[185/413] compile ../../src/trace_processor/plugins/base64_functions/base64.cc
[186/413] compile ../../src/trace_processor/plugins/art_process_metadata_importer/art_process_metadata_importer.cc
[187/413] compile ../../src/trace_processor/plugins/art_process_metadata_importer/art_process_metadata_module.cc
[188/413] compile ../../src/trace_processor/plugins/android_job_scheduler/android_job_scheduler_tracker.cc
[189/413] compile ../../src/trace_processor/plugins/art_heap_graph_functions/art_heap_graph_functions.cc
[190/413] compile ../../src/trace_processor/plugins/core_functions/plugin.cc
[191/413] compile ../../src/trace_processor/plugins/connected_flow/connected_flow.cc
[192/413] compile ../../src/trace_processor/plugins/connected_flow/connected_flow_unittest.cc
[193/413] compile ../../src/trace_processor/plugins/create_function/create_function.cc
[194/413] compile ../../src/trace_processor/plugins/counter_mipmap_operator/counter_mipmap_operator.cc
[195/413] compile ../../src/trace_processor/plugins/critical_path/critical_path.cc
[196/413] compile ../../src/trace_processor/plugins/counter_intervals/counter_intervals.cc
[197/413] compile ../../src/trace_processor/plugins/create_view_function/create_view_function.cc
[198/413] compile ../../src/trace_processor/plugins/create_intervals/create_intervals.cc
[199/413] compile ../../src/trace_processor/plugins/descendant/descendant.cc
[200/413] compile ../../src/trace_processor/metrics/metrics.cc
[201/413] compile ../../src/trace_processor/importers/systrace/systrace_parser_unittest.cc
[202/413] compile ../../src/trace_processor/plugins/descendant/descendant_unittest.cc
[203/413] compile ../../src/trace_processor/metrics/metrics_unittest.cc
[204/413] compile ../../src/trace_processor/perfetto_sql/pipeline/compiler.cc
[205/413] compile ../../src/trace_processor/importers/systrace/systrace_parser.cc
[206/413] compile ../../src/trace_processor/plugins/developer_functions/dataframe_query_plan_decoder.cc
[207/413] compile ../../src/trace_processor/perfetto_sql/pipeline/plan_serialization_unittest.cc
[208/413] compile ../../src/trace_processor/perfetto_sql/pipeline/physical_plan_unittest.cc
[209/413] compile ../../src/trace_processor/plugins/experimental_annotated_stack/experimental_annotated_stack.cc
[210/413] compile ../../src/trace_processor/plugins/android_process_state/android_process_state.cc
[211/413] compile ../../src/trace_processor/plugins/time_functions/plugin.cc
[212/413] compile ../../src/trace_processor/plugins/layout_functions/layout_functions.cc
[213/413] compile ../../src/trace_processor/plugins/android_job_scheduler/android_job_scheduler_tracker_unittest.cc
[214/413] compile ../../src/trace_processor/plugins/android_process_state/android_process_state_module.cc
[215/413] compile ../../src/trace_processor/plugins/android_process_state/android_process_state_tracker.cc
[216/413] compile ../../src/trace_processor/plugins/trace_export/trace_export.cc
[217/413] compile ../../src/trace_processor/plugins/trace_export/perfetto_export_manifest.cc
[218/413] compile ../../src/trace_processor/plugins/to_ftrace/to_ftrace.cc
[219/413] compile ../../src/trace_processor/plugins/trace_export/perfetto_export_reader.cc
[220/413] compile ../../src/trace_processor/plugins/dfs_weight_bounded/dfs_weight_bounded.cc
[221/413] compile ../../src/trace_processor/plugins/dominator_tree/dominator_tree.cc
[222/413] compile ../../src/trace_processor/plugins/experimental_flamegraph/experimental_flamegraph.cc
[223/413] compile ../../src/trace_processor/plugins/experimental_flamegraph/flamegraph_construction_algorithms.cc
[224/413] compile ../../src/trace_processor/plugins/experimental_flat_slice/experimental_flat_slice.cc
[225/413] compile ../../src/trace_processor/plugins/experimental_flat_slice/experimental_flat_slice_unittest.cc
[226/413] compile ../../src/trace_processor/plugins/experimental_slice_layout/experimental_slice_layout_unittest.cc
[227/413] compile ../../src/trace_processor/plugins/experimental_slice_layout/experimental_slice_layout.cc
[228/413] compile ../../src/trace_processor/plugins/flamechart/flamechart_function.cc
[229/413] compile ../../src/trace_processor/plugins/import/import.cc
[230/413] compile ../../src/trace_processor/plugins/flamegraph/flamegraph_function.cc
[231/413] compile ../../src/trace_processor/plugins/graph_traversal/graph_traversal.cc
[232/413] compile ../../src/trace_processor/plugins/math_functions/math.cc
[233/413] compile ../../src/trace_processor/plugins/graph_scan/graph_scan.cc
[234/413] compile ../../src/trace_processor/plugins/interval_intersect/interval_intersect.cc
[235/413] compile ../../src/trace_processor/plugins/metadata/metadata.cc
[236/413] compile ../../src/trace_processor/plugins/perfetto_manifest/perfetto_manifest.cc
[237/413] compile ../../src/trace_processor/plugins/perf_text/perf_text.cc
[238/413] compile ../../src/trace_processor/plugins/perf_counter/perf_counter.cc
[239/413] compile ../../src/trace_processor/plugins/package_lookup/package_lookup.cc
[240/413] compile ../../src/trace_processor/plugins/perf_text/perf_text_trace_tokenizer.cc
[241/413] compile ../../src/trace_processor/plugins/slice_mipmap_operator/slice_mipmap_operator.cc
[242/413] compile ../../src/trace_processor/plugins/span_join_operator/span_join_operator.cc
[243/413] compile ../../src/trace_processor/plugins/perf_text/perf_text_trace_parser.cc
[244/413] compile ../../src/trace_processor/plugins/perfetto_manifest/perfetto_manifest_reader.cc
[245/413] compile ../../src/trace_processor/plugins/span_join_operator/span_join_operator_unittest.cc
[246/413] compile ../../src/trace_processor/plugins/pprof_functions/pprof_functions.cc
[247/413] compile ../../src/trace_processor/plugins/window_operator/window_operator.cc
[248/413] compile ../../src/trace_processor/plugins/sql_stats_table/sql_stats_table.cc
[249/413] compile ../../src/trace_processor/plugins/winscope_importer/protolog_message_decoder.cc
[250/413] compile ../../src/trace_processor/plugins/winscope_importer/surfaceflinger_layers_rect_computation.cc
[251/413] compile ../../src/trace_processor/plugins/winscope_importer/surfaceflinger_transactions_parser.cc
[252/413] compile ../../src/trace_processor/plugins/winscope_importer/viewcapture_rect_computation.cc
[253/413] compile ../../src/trace_processor/plugins/winscope_importer/surfaceflinger_layers_parser.cc
[254/413] compile ../../src/trace_processor/plugins/winscope_importer/shell_transitions_tracker.cc
[255/413] compile ../../src/trace_processor/plugins/winscope_importer/viewcapture_args_parser.cc
[256/413] compile ../../src/trace_processor/plugins/winscope_importer/viewcapture_parser.cc
[257/413] compile ../../src/trace_processor/plugins/winscope_importer/android_input_event_parser.cc
[258/413] compile ../../src/trace_processor/plugins/winscope_importer/windowmanager_parser.cc
[259/413] compile ../../src/trace_processor/plugins/winscope_importer/shell_transitions_parser.cc
[260/413] compile ../../src/trace_processor/plugins/winscope_importer/protolog_parser.cc
[261/413] compile ../../src/trace_processor/plugins/winscope_surfaceflinger_hierarchy_paths/winscope_surfaceflinger_hierarchy_paths.cc
[262/413] compile ../../src/trace_processor/plugins/zstd_functions/zstd.cc
[263/413] compile ../../src/trace_processor/plugins/wattson/table_function.cc
[264/413] compile ../../src/trace_processor/plugins/winscope_importer/winscope_rect_tracker.cc
[265/413] compile ../../src/trace_processor/plugins/winscope_importer/winscope_transform_tracker.cc
[266/413] compile ../../src/trace_processor/util/sql_argument.cc
[267/413] compile ../../src/trace_processor/plugins/wattson/plugin.cc
[268/413] compile ../../src/trace_processor/rpc/rpc.cc
[269/413] compile ../../src/trace_processor/plugins/winscope_importer/winscope_module.cc
[270/413] compile ../../src/trace_processor/rpc/httpd.cc
[271/413] compile ../../src/trace_processor/plugins/winscope_importer/winscope_importer.cc
[272/413] compile ../../src/trace_processor/rpc/query_result_serializer.cc
[273/413] compile ../../src/trace_processor/rpc/query_result_deserializer.cc
[274/413] compile ../../src/trace_processor/rpc/remote_trace_processor.cc
[275/413] compile ../../src/trace_processor/plugins/winscope_proto_to_args_with_defaults/winscope_proto_to_args_with_defaults.cc
[276/413] compile ../../src/trace_processor/importers/proto/pixel_modem_module.cc
[277/413] compile ../../src/trace_processor/importers/proto/active_chrome_processes_tracker.cc
[278/413] compile ../../src/trace_processor/importers/proto/translation_table_module.cc
[279/413] compile ../../src/trace_processor/importers/proto/args_parser.cc
[280/413] compile ../../src/trace_processor/importers/proto/app_wakelock_module.cc
[281/413] compile ../../src/trace_processor/importers/proto/v8_sequence_state.cc
[282/413] compile ../../src/trace_processor/importers/proto/v8_module.cc
[283/413] compile ../../src/trace_processor/importers/proto/pixel_modem_parser.cc
[284/413] compile ../../src/trace_processor/importers/proto/chrome_string_lookup.cc
[285/413] compile ../../src/trace_processor/importers/proto/system_probes_module.cc
[286/413] compile ../../src/trace_processor/importers/proto/statsd_module.cc
[287/413] compile ../../src/trace_processor/importers/proto/profile_module.cc
[288/413] compile ../../src/trace_processor/importers/proto/v8_tracker.cc
[289/413] compile ../../src/trace_processor/importers/proto/vulkan_memory_tracker.cc
[290/413] compile ../../src/trace_processor/importers/proto/packet_sequence_state_generation_unittest.cc
[291/413] compile ../../src/trace_processor/importers/pprof/pprof_trace_reader.cc
[292/413] compile ../../src/trace_processor/importers/perf/perf_invocation.cc
[293/413] compile ../../src/trace_processor/importers/perf/perf_invocation_unittest.cc
[294/413] compile ../../src/trace_processor/importers/proto/system_probes_parser.cc
[295/413] compile ../../src/trace_processor/importers/perf/aux_stream_manager_unittest.cc
[296/413] compile ../../src/trace_processor/importers/perf/perf_event_attr.cc
[297/413] compile ../../src/trace_processor/importers/ninja/ninja_log_parser.cc
[298/413] compile ../../src/trace_processor/importers/perf/perf_data_tokenizer.cc
[299/413] compile ../../src/trace_processor/importers/proto/jit_tracker_unittest.cc
[300/413] compile ../../src/trace_processor/importers/proto/proto_importer_module.cc
[301/413] compile ../../src/trace_processor/importers/proto/active_chrome_processes_tracker_unittest.cc
[302/413] compile ../../src/trace_processor/importers/proto/proto_trace_parser_impl_unittest.cc
[303/413] compile ../../src/trace_processor/importers/proto/heap_graph_tracker_unittest.cc
[304/413] compile ../../src/trace_processor/importers/perf/aux_record.cc
[305/413] compile ../../src/trace_processor/importers/perf/aux_data_tokenizer.cc
[306/413] compile ../../src/trace_processor/importers/perf/auxtrace_info_record.cc
[307/413] compile ../../src/trace_processor/importers/perf/aux_stream_manager.cc
[308/413] compile ../../src/trace_processor/importers/perf/auxtrace_record.cc
[309/413] compile ../../src/trace_processor/importers/proto/proto_trace_reader_unittest.cc
[310/413] compile ../../src/trace_processor/importers/perf/itrace_start_record.cc
[311/413] compile ../../src/trace_processor/importers/perf/mmap_record.cc
[312/413] compile ../../src/trace_processor/importers/proto/chrome_string_lookup_unittest.cc
[313/413] compile ../../src/trace_processor/importers/perf/perf_tracker.cc
[314/413] compile ../../src/trace_processor/importers/perf/sample.cc
[315/413] compile ../../src/trace_processor/importers/perf/sample_id.cc
[316/413] compile ../../src/trace_processor/importers/perf/record_parser.cc
[317/413] compile ../../src/trace_processor/importers/proto/network_trace_module_unittest.cc
[318/413] compile ../../src/trace_processor/importers/perf/spe_record_parser.cc
[319/413] compile ../../src/trace_processor/importers/proto/incremental_state.cc
[320/413] compile ../../src/trace_processor/importers/perf/spe_tokenizer.cc
[321/413] compile ../../src/trace_processor/importers/proto/metadata_minimal_module.cc
[322/413] compile ../../src/trace_processor/importers/proto/packet_analyzer.cc
[323/413] compile ../../src/trace_processor/importers/proto/network_trace_module.cc
[324/413] compile ../../src/trace_processor/importers/proto/chrome_system_probes_module.cc
[325/413] compile ../../src/trace_processor/importers/proto/default_modules.cc
[326/413] compile ../../src/trace_processor/importers/proto/chrome_system_probes_parser.cc
[327/413] compile ../../src/trace_processor/importers/proto/concurrent_sessions_module.cc
[328/413] compile ../../src/trace_processor/importers/proto/memory_tracker_snapshot_parser.cc
[329/413] compile ../../src/trace_processor/importers/proto/packet_sequence_state_generation.cc
[330/413] compile ../../src/trace_processor/importers/proto/memory_tracker_snapshot_module.cc
[331/413] compile ../../src/trace_processor/importers/proto/profile_packet_utils.cc
[332/413] compile ../../src/trace_processor/importers/proto/perf_sample_tracker.cc
[333/413] compile ../../src/trace_processor/importers/fuchsia/fuchsia_trace_utils.cc
[334/413] compile ../../src/trace_processor/importers/proto/profile_packet_sequence_state.cc
[335/413] compile ../../src/trace_processor/importers/ftrace/pixel_display_tracker.cc
[336/413] compile ../../src/trace_processor/importers/common/clock_converter_unittest.cc
[337/413] compile ../../src/trace_processor/importers/ftrace/pkvm_hyp_cpu_tracker.cc
[338/413] compile ../../src/trace_processor/importers/etw/disk_io_tracker.cc
[339/413] compile ../../src/trace_processor/importers/etw/etw_module.cc
[340/413] compile ../../src/trace_processor/importers/ftrace/binder_tracker.cc
[341/413] compile ../../src/trace_processor/importers/etw/file_io_tracker.cc
[342/413] compile ../../src/trace_processor/importers/ftrace/mali_gpu_event_tracker.cc
[343/413] compile ../../src/trace_processor/importers/common/flow_tracker_unittest.cc
[344/413] compile ../../src/trace_processor/importers/ftrace/iostat_tracker.cc
[345/413] compile ../../src/trace_processor/importers/ftrace/ftrace_tokenizer.cc
[346/413] compile ../../src/trace_processor/importers/ftrace/generic_ftrace_tracker.cc
[347/413] compile ../../src/trace_processor/importers/common/clock_tracker_unittest.cc
[348/413] compile ../../src/trace_processor/importers/ftrace/gpu_work_period_tracker.cc
[349/413] compile ../../src/trace_processor/importers/fuchsia/fuchsia_trace_utils_unittest.cc
[350/413] compile ../../src/trace_processor/importers/ftrace/ftrace_module_impl.cc
[351/413] compile ../../src/trace_processor/importers/ftrace/ftrace_sched_event_tracker.cc
[352/413] compile ../../src/trace_processor/importers/ftrace/drm_tracker.cc
[353/413] compile ../../src/trace_processor/importers/ftrace/ftrace_parser.cc
[354/413] compile ../../src/trace_processor/importers/common/global_stats_tracker_unittest.cc
[355/413] compile ../../src/trace_processor/importers/fuchsia/fuchsia_trace_tokenizer.cc
[356/413] compile ../../src/trace_processor/importers/common/state_tracker_unittest.cc
[357/413] compile ../../src/trace_processor/importers/proto/android_probes_tracker.cc
[358/413] compile ../../src/trace_processor/importers/common/slice_tracker_unittest.cc
[359/413] compile ../../src/trace_processor/importers/common/event_tracker_unittest.cc
[360/413] compile ../../src/trace_processor/importers/proto/android_probes_parser.cc
[361/413] compile ../../src/trace_processor/importers/proto/deobfuscation_tracker.cc
[362/413] compile ../../src/trace_processor/importers/proto/content_analyzer.cc
[363/413] compile ../../src/trace_processor/importers/proto/gpu_counter_sequence_state.cc
[364/413] compile ../../src/trace_processor/importers/proto/deobfuscation_module.cc
[365/413] compile ../../src/trace_processor/importers/proto/frame_timeline_event_parser.cc
[366/413] compile ../../src/trace_processor/importers/common/deobfuscation_mapping_table_unittest.cc
[367/413] compile ../../src/trace_processor/importers/etw/etw_module_impl.cc
[368/413] compile ../../src/trace_processor/importers/primes/primes_trace_tokenizer.cc
[369/413] compile ../../src/trace_processor/importers/proto/metadata_module.cc
[370/413] compile ../../src/trace_processor/importers/proto/gpu_event_parser.cc
[371/413] compile ../../src/trace_processor/importers/primes/primes_trace_parser.cc
[372/413] compile ../../src/trace_processor/importers/common/global_stats_tracker.cc
[373/413] compile ../../src/trace_processor/importers/fuchsia/fuchsia_parser_unittest.cc
[374/413] compile ../../src/trace_processor/importers/proto/android_probes_module.cc
[375/413] compile ../../src/trace_processor/importers/etw/etw_tokenizer.cc
[376/413] compile ../../src/trace_processor/importers/fuchsia/fuchsia_trace_parser.cc
[377/413] compile ../../src/trace_processor/importers/common/args_translation_table_unittest.cc
[378/413] compile ../../src/trace_processor/importers/common/slice_translation_table_unittest.cc
[379/413] compile ../../src/trace_processor/importers/etw/etw_parser.cc
[380/413] compile ../../src/trace_processor/importers/common/thread_state_tracker_unittest.cc
[381/413] compile ../../src/trace_processor/importers/common/sparse_counter_tracker_unittest.cc
[382/413] compile ../../src/trace_processor/importers/ftrace/pixel_mm_kswapd_event_tracker.cc
[383/413] compile ../../src/trace_processor/importers/common/track_compressor_unittest.cc
[384/413] compile ../../src/trace_processor/importers/ftrace/rss_stat_tracker.cc
[385/413] compile ../../src/trace_processor/importers/ftrace/thermal_tracker.cc
[386/413] compile ../../src/trace_processor/importers/ftrace/ftrace_module.cc
[387/413] compile ../../src/trace_processor/importers/ftrace/v4l2_tracker.cc
[388/413] compile ../../src/trace_processor/importers/ftrace/virtio_video_tracker.cc
[389/413] compile ../../src/trace_processor/importers/ftrace/virtio_gpu_tracker.cc
[390/413] compile ../../src/trace_processor/importers/proto/android_cpu_per_uid_state.cc
[391/413] compile ../../src/trace_processor/importers/proto/android_kernel_wakelocks_state.cc
[392/413] compile ../../src/trace_processor/importers/ftrace/binder_tracker_unittest.cc
[393/413] compile ../../src/trace_processor/importers/ftrace/ftrace_sched_event_tracker_unittest.cc
[394/413] compile ../../src/trace_processor/importers/common/process_track_translation_table_unittest.cc
[395/413] compile ../../src/trace_processor/importers/proto/android_kernel_wakelocks_module.cc
[396/413] compile ../../src/trace_processor/importers/proto/additional_modules.cc
[397/413] compile ../../src/trace_processor/importers/proto/jit_tracker.cc
[398/413] compile ../../src/trace_processor/importers/proto/android_cpu_per_uid_module.cc
[399/413] compile ../../src/trace_processor/importers/proto/linux_probes_module.cc
[400/413] compile ../../src/trace_processor/importers/common/process_tracker_unittest.cc
[401/413] compile ../../src/trace_processor/trace_summary/summarizer_unittest.cc
[402/413] compile ../../src/trace_processor/importers/proto/graphics_frame_event_parser.cc
[403/413] compile ../../src/trace_processor/importers/proto/graphics_event_module.cc
[404/413] compile ../../src/trace_processor/importers/proto/heap_graph_module.cc
[405/413] compile ../../src/trace_processor/importers/proto/linux_probes_parser.cc
[406/413] compile ../../src/trace_processor/util/args_utils.cc
[407/413] compile ../../src/trace_processor/importers/proto/heap_graph_tracker.cc
[408/413] compile ../../src/trace_processor/util/annotated_callsites.cc
[409/413] compile ../../src/trace_processor/util/profiler_util.cc
[410/413] compile ../../src/trace_processor/util/json_args.cc
[411/413] compile ../../src/trace_processor/util/profile_builder.cc
[412/413] link ./perfetto_trace_processor_unittests
[413/413] link ./perfetto_unittests
