ninja: Entering directory `out/mac_debug'
[0/1] Regenerating ninja files
[1/241] compile ../../src/trace_processor/importers/ftrace/ftrace_tokenizer.cc
[2/241] compile ../../src/trace_processor/importers/proto/pixel_modem_parser.cc
[3/241] compile ../../src/trace_processor/importers/ftrace/v4l2_tracker.cc
[4/241] compile ../../src/trace_processor/importers/ftrace/ftrace_sched_event_tracker.cc
[5/241] compile ../../src/trace_processor/importers/proto/profile_module.cc
[6/241] compile ../../src/trace_processor/importers/proto/statsd_module.cc
[7/241] compile ../../src/trace_processor/importers/ftrace/ftrace_module.cc
[8/241] compile ../../src/trace_processor/importers/ftrace/virtio_gpu_tracker.cc
[9/241] compile ../../src/trace_processor/importers/proto/v8_module.cc
[10/241] compile ../../src/trace_processor/importers/ftrace/thermal_tracker.cc
[11/241] compile ../../src/trace_processor/importers/ftrace/pkvm_hyp_cpu_tracker.cc
[12/241] compile ../../src/trace_processor/importers/ftrace/ftrace_parser.cc
[13/241] compile ../../src/trace_processor/importers/proto/translation_table_module.cc
[14/241] compile ../../src/trace_processor/importers/proto/v8_sequence_state.cc
[15/241] compile ../../src/trace_processor/importers/ftrace/mali_gpu_event_tracker.cc
[16/241] compile ../../src/trace_processor/importers/ftrace/pixel_display_tracker.cc
[17/241] compile ../../src/trace_processor/importers/common/clock_tracker_unittest.cc
[18/241] compile ../../src/trace_processor/importers/ftrace/generic_ftrace_tracker.cc
[19/241] compile ../../src/trace_processor/importers/common/clock_converter_unittest.cc
[20/241] compile ../../src/trace_processor/importers/ftrace/gpu_work_period_tracker.cc
[21/241] compile ../../src/trace_processor/importers/common/deobfuscation_mapping_table_unittest.cc
[22/241] compile ../../src/trace_processor/importers/common/args_translation_table_unittest.cc
[23/241] compile ../../src/trace_processor/importers/common/state_tracker_unittest.cc
[24/241] compile ../../src/trace_processor/importers/common/flow_tracker_unittest.cc
[25/241] compile ../../src/trace_processor/importers/common/sparse_counter_tracker_unittest.cc
[26/241] compile ../../src/trace_processor/importers/common/slice_tracker_unittest.cc
[27/241] compile ../../src/trace_processor/importers/ftrace/iostat_tracker.cc
[28/241] compile ../../src/trace_processor/importers/common/process_track_translation_table_unittest.cc
[29/241] compile ../../src/trace_processor/importers/common/global_stats_tracker_unittest.cc
[30/241] compile ../../src/trace_processor/importers/common/event_tracker_unittest.cc
[31/241] compile ../../src/trace_processor/importers/common/slice_translation_table_unittest.cc
[32/241] compile ../../src/trace_processor/importers/common/process_tracker_unittest.cc
[33/241] compile ../../src/trace_processor/importers/etw/etw_tokenizer.cc
[34/241] compile ../../src/trace_processor/importers/common/track_compressor_unittest.cc
[35/241] compile ../../src/trace_processor/importers/common/thread_state_tracker_unittest.cc
[36/241] compile ../../src/trace_processor/importers/etw/etw_parser.cc
[37/241] compile ../../src/trace_processor/importers/ftrace/rss_stat_tracker.cc
[38/241] compile ../../src/trace_processor/importers/proto/system_probes_module.cc
[39/241] compile ../../src/trace_processor/importers/proto/jit_tracker.cc
[40/241] compile ../../src/trace_processor/importers/ftrace/pixel_mm_kswapd_event_tracker.cc
[41/241] compile ../../src/trace_processor/importers/proto/linux_probes_module.cc
[42/241] compile ../../src/trace_processor/importers/proto/system_probes_parser.cc
[43/241] compile ../../src/trace_processor/importers/proto/heap_graph_tracker.cc
[44/241] compile ../../src/trace_processor/importers/proto/graphics_event_module.cc
[45/241] compile ../../src/trace_processor/importers/proto/gpu_counter_sequence_state.cc
[46/241] compile ../../src/trace_processor/importers/proto/deobfuscation_tracker.cc
[47/241] compile ../../src/trace_processor/importers/proto/graphics_frame_event_parser.cc
[48/241] compile ../../src/trace_processor/importers/proto/frame_timeline_event_parser.cc
[49/241] compile ../../src/trace_processor/importers/proto/heap_graph_module.cc
[50/241] compile ../../src/trace_processor/importers/proto/linux_probes_parser.cc
[51/241] compile ../../src/trace_processor/importers/proto/metadata_module.cc
[52/241] compile ../../src/trace_processor/importers/proto/deobfuscation_module.cc
[53/241] compile ../../src/trace_processor/importers/proto/android_probes_tracker.cc
[54/241] compile ../../src/trace_processor/importers/proto/content_analyzer.cc
[55/241] compile ../../src/trace_processor/importers/proto/gpu_event_parser.cc
[56/241] compile ../../src/trace_processor/importers/proto/android_kernel_wakelocks_state.cc
[57/241] compile ../../src/trace_processor/importers/proto/android_cpu_per_uid_state.cc
[58/241] compile ../../src/trace_processor/importers/proto/android_probes_module.cc
[59/241] compile ../../src/trace_processor/importers/proto/android_probes_parser.cc
[60/241] compile ../../src/trace_processor/importers/proto/android_kernel_wakelocks_module.cc
[61/241] compile ../../src/trace_processor/importers/proto/android_cpu_per_uid_module.cc
[62/241] compile ../../src/trace_processor/importers/fuchsia/fuchsia_trace_utils_unittest.cc
[63/241] compile ../../src/trace_processor/importers/primes/primes_trace_parser.cc
[64/241] compile ../../src/trace_processor/importers/proto/pixel_modem_module.cc
[65/241] compile ../../src/trace_processor/importers/proto/additional_modules.cc
[66/241] compile ../../src/trace_processor/importers/primes/primes_trace_tokenizer.cc
[67/241] compile ../../src/trace_processor/importers/gecko/gecko_trace_tokenizer.cc
[68/241] compile ../../src/trace_processor/importers/instruments/instruments_xml_tokenizer.cc
[69/241] compile ../../src/trace_processor/importers/instruments/row_parser.cc
[70/241] compile ../../src/trace_processor/importers/perf/perf_invocation_unittest.cc
[71/241] compile ../../src/trace_processor/importers/perf/perf_invocation.cc
[72/241] compile ../../src/trace_processor/importers/perf/aux_stream_manager_unittest.cc
[73/241] compile ../../src/trace_processor/importers/fuchsia/fuchsia_parser_unittest.cc
[74/241] compile ../../src/trace_processor/importers/ninja/ninja_log_parser.cc
[75/241] compile ../../src/trace_processor/importers/perf/aux_record.cc
[76/241] compile ../../src/trace_processor/importers/gecko/gecko_trace_parser.cc
[77/241] compile ../../src/trace_processor/importers/perf/aux_data_tokenizer.cc
[78/241] compile ../../src/trace_processor/importers/fuchsia/fuchsia_trace_tokenizer.cc
[79/241] compile ../../src/trace_processor/importers/perf/aux_stream_manager.cc
[80/241] compile ../../src/trace_processor/importers/perf/auxtrace_record.cc
[81/241] compile ../../src/trace_processor/importers/perf/perf_event_attr.cc
[82/241] compile ../../src/trace_processor/importers/perf/sample.cc
[83/241] compile ../../src/trace_processor/importers/perf/auxtrace_info_record.cc
[84/241] compile ../../src/trace_processor/importers/perf/itrace_start_record.cc
[85/241] compile ../../src/trace_processor/importers/perf/perf_data_tokenizer.cc
[86/241] compile ../../src/trace_processor/importers/perf/mmap_record.cc
[87/241] compile ../../src/trace_processor/importers/perf/spe_record_parser.cc
[88/241] compile ../../src/trace_processor/importers/perf/perf_tracker.cc
[89/241] compile ../../src/trace_processor/importers/perf/record_parser.cc
[90/241] compile ../../src/trace_processor/importers/i2c/i2c_tracker.cc
[91/241] compile ../../src/trace_processor/importers/generic_kernel/generic_kernel_module.cc
[92/241] compile ../../src/trace_processor/streaming_tables_unittest.cc
[93/241] compile ../../src/trace_processor/importers/generic_kernel/generic_kernel_parser.cc
[94/241] compile ../../src/trace_processor/importers/json/json_trace_parser.cc
../../src/trace_processor/importers/json/json_trace_parser.cc:370:18: warning: unused variable 'rr' [-Wunused-variable]
  370 |             auto rr = (*context_->storage->mutable_slice_table())[*slice_id];
      |                  ^~
1 warning generated.
[95/241] compile ../../src/trace_processor/importers/json/json_trace_tokenizer.cc
[96/241] compile ../../src/trace_processor/importers/json/json_trace_tokenizer_unittest.cc
[97/241] compile ../../src/trace_processor/importers/ftrace/ftrace_sched_event_tracker_unittest.cc
[98/241] compile ../../src/trace_processor/importers/ftrace/binder_tracker_unittest.cc
[99/241] compile ../../src/trace_processor/importers/proto/active_chrome_processes_tracker.cc
[100/241] compile ../../src/trace_processor/importers/proto/chrome_string_lookup.cc
[101/241] compile ../../src/trace_processor/plugins/art_process_metadata_importer/art_process_metadata_module.cc
[102/241] compile ../../src/trace_processor/importers/proto/chrome_system_probes_module.cc
[103/241] compile ../../src/trace_processor/importers/proto/app_wakelock_module.cc
[104/241] compile ../../src/trace_processor/importers/proto/args_parser.cc
[105/241] compile ../../src/trace_processor/importers/proto/incremental_state.cc
[106/241] compile ../../src/trace_processor/importers/proto/metadata_minimal_module.cc
[107/241] compile ../../src/trace_processor/importers/proto/concurrent_sessions_module.cc
[108/241] compile ../../src/trace_processor/importers/proto/default_modules.cc
[109/241] compile ../../src/trace_processor/importers/proto/packet_analyzer.cc
[110/241] compile ../../src/trace_processor/importers/proto/network_trace_module.cc
[111/241] compile ../../src/trace_processor/importers/proto/memory_tracker_snapshot_module.cc
[112/241] compile ../../src/trace_processor/importers/proto/memory_tracker_snapshot_parser.cc
[113/241] compile ../../src/trace_processor/importers/proto/packet_sequence_state_generation.cc
[114/241] compile ../../src/trace_processor/importers/proto/perf_sample_tracker.cc
[115/241] compile ../../src/trace_processor/importers/proto/profile_packet_sequence_state.cc
[116/241] compile ../../src/trace_processor/importers/proto/profile_packet_utils.cc
[117/241] compile ../../src/trace_processor/importers/proto/proto_trace_parser_impl.cc
[118/241] compile ../../src/trace_processor/importers/proto/protovm_incremental_tracing.cc
[119/241] compile ../../src/trace_processor/importers/proto/tracing_service_module.cc
[120/241] compile ../../src/trace_processor/importers/proto/stack_profile_sequence_state.cc
[121/241] compile ../../src/trace_processor/importers/proto/proto_trace_reader.cc
[122/241] compile ../../src/trace_processor/importers/proto/track_event_arg_fields.cc
[123/241] compile ../../src/trace_processor/importers/proto/track_event_extension_parser.cc
[124/241] compile ../../src/trace_processor/importers/proto/track_event_module.cc
[125/241] compile ../../src/trace_processor/importers/proto/user_tracker.cc
[126/241] compile ../../src/trace_processor/importers/proto/track_event_tokenizer.cc
[127/241] compile ../../src/trace_processor/importers/proto/track_event_parser.cc
[128/241] compile ../../src/trace_processor/importers/proto/track_event_tracker.cc
[129/241] compile ../../src/trace_processor/importers/proto/proto_importer_module.cc
[130/241] compile ../../src/trace_processor/importers/proto/heap_graph_tracker_unittest.cc
[131/241] compile ../../src/trace_processor/importers/proto/chrome_string_lookup_unittest.cc
[132/241] compile ../../src/trace_processor/importers/proto/active_chrome_processes_tracker_unittest.cc
[133/241] compile ../../src/trace_processor/importers/proto/jit_tracker_unittest.cc
[134/241] compile ../../src/trace_processor/importers/proto/packet_sequence_state_generation_unittest.cc
[135/241] compile ../../src/trace_processor/importers/proto/profile_packet_sequence_state_unittest.cc
[136/241] compile ../../src/trace_processor/importers/proto/perf_sample_tracker_unittest.cc
[137/241] compile ../../src/trace_processor/importers/proto/network_trace_module_unittest.cc
[138/241] compile ../../src/trace_processor/importers/proto/proto_trace_reader_unittest.cc
[139/241] compile ../../src/trace_processor/importers/systrace/systrace_line_parser.cc
[140/241] compile ../../src/trace_processor/importers/proto/proto_trace_parser_impl_unittest.cc
[141/241] compile ../../src/trace_processor/importers/syscalls/syscall_tracker.cc
[142/241] compile ../../src/trace_processor/importers/simpleperf_proto/simpleperf_proto_tokenizer.cc
[143/241] compile ../../src/trace_processor/importers/simpleperf_proto/simpleperf_proto_parser.cc
[144/241] compile ../../src/trace_processor/importers/systrace/systrace_parser_unittest.cc
[145/241] compile ../../src/trace_processor/importers/proto/vulkan_memory_tracker.cc
[146/241] compile ../../src/trace_processor/importers/systrace/systrace_trace_parser.cc
[147/241] compile ../../src/trace_processor/importers/android_bugreport/android_bugreport_reader.cc
[148/241] compile ../../src/trace_processor/importers/systrace/systrace_parser.cc
[149/241] compile ../../src/trace_processor/importers/syscalls/syscall_tracker_unittest.cc
[150/241] compile ../../src/trace_processor/importers/common/clock_converter.cc
[151/241] compile ../../src/trace_processor/importers/android_bugreport/android_dumpstate_reader.cc
[152/241] compile ../../src/trace_processor/importers/android_bugreport/android_log_event_parser.cc
[153/241] compile ../../src/trace_processor/importers/android_bugreport/android_dumpstate_event_parser.cc
[154/241] compile ../../src/trace_processor/importers/common/args_translation_table.cc
[155/241] compile ../../src/trace_processor/importers/common/args_tracker.cc
[156/241] compile ../../src/trace_processor/importers/common/system_info_tracker.cc
[157/241] compile ../../src/trace_processor/importers/collapsed_stack/collapsed_stack_trace_reader.cc
[158/241] compile ../../src/trace_processor/importers/common/deobfuscation_mapping_table.cc
[159/241] compile ../../src/trace_processor/importers/common/cpu_tracker.cc
[160/241] compile ../../src/trace_processor/trace_parser_impl.cc
[161/241] compile ../../src/trace_processor/importers/common/clock_tracker.cc
[162/241] compile ../../src/trace_processor/importers/common/global_args_tracker.cc
[163/241] compile ../../src/trace_processor/importers/common/global_metadata_tracker.cc
[164/241] compile ../../src/trace_processor/importers/common/event_tracker.cc
[165/241] compile ../../src/trace_processor/importers/common/gpu_tracker.cc
[166/241] compile ../../src/trace_processor/importers/common/flow_tracker.cc
[167/241] compile ../../src/trace_processor/importers/common/import_logs_tracker.cc
[168/241] compile ../../src/trace_processor/importers/common/machine_tracker.cc
[169/241] compile ../../src/trace_processor/importers/common/jit_cache.cc
[170/241] compile ../../src/trace_processor/importers/common/metadata_tracker.cc
[171/241] compile ../../src/trace_processor/importers/common/mapping_tracker.cc
[172/241] compile ../../src/trace_processor/importers/common/process_track_translation_table.cc
[173/241] compile ../../src/trace_processor/importers/common/legacy_v8_cpu_profile_tracker.cc
[174/241] compile ../../src/trace_processor/importers/common/registered_file_tracker.cc
[175/241] compile ../../src/trace_processor/importers/common/profiler_sample_tracker.cc
[176/241] compile ../../src/trace_processor/importers/common/slice_translation_table.cc
[177/241] compile ../../src/trace_processor/importers/common/process_tracker.cc
[178/241] compile ../../src/trace_processor/importers/common/sched_event_tracker.cc
[179/241] compile ../../src/trace_processor/importers/common/slice_tracker.cc
[180/241] compile ../../src/trace_processor/importers/common/stack_profile_tracker.cc
[181/241] compile ../../src/trace_processor/importers/common/sparse_counter_tracker.cc
[182/241] compile ../../src/trace_processor/importers/common/symbol_tracker.cc
[183/241] compile ../../src/trace_processor/importers/common/state_tracker.cc
[184/241] compile ../../src/trace_processor/importers/common/trace_file_tracker.cc
[185/241] compile ../../src/trace_processor/importers/common/thread_state_tracker.cc
[186/241] compile ../../src/trace_processor/importers/common/trace_diagnostics_tracker_helper.cc
[187/241] compile ../../src/trace_processor/importers/common/track_compressor.cc
[188/241] compile ../../src/trace_processor/importers/common/virtual_memory_mapping.cc
[189/241] compile ../../src/trace_processor/importers/common/track_tracker.cc
[190/241] compile ../../src/trace_processor/importers/common/global_stats_tracker.cc
[191/241] compile ../../src/trace_processor/plugins/interval_intersect/interval_intersect.cc
[192/241] compile ../../src/trace_processor/plugins/metadata/metadata.cc
[193/241] compile ../../src/trace_processor/importers/proto/v8_tracker.cc
[194/241] compile ../../src/trace_processor/plugins/package_lookup/package_lookup.cc
[195/241] compile ../../src/trace_processor/plugins/perf_counter/perf_counter.cc
[196/241] compile ../../src/trace_processor/plugins/perf_text/perf_text.cc
[197/241] compile ../../src/trace_processor/plugins/perf_text/perf_text_trace_tokenizer.cc
[198/241] compile ../../src/trace_processor/plugins/perfetto_manifest/perfetto_manifest_reader.cc
[199/241] compile ../../src/trace_processor/plugins/perf_text/perf_text_trace_parser.cc
[200/241] compile ../../src/trace_processor/plugins/sql_stats_table/sql_stats_table.cc
[201/241] compile ../../src/trace_processor/plugins/pprof_functions/pprof_functions.cc
[202/241] compile ../../src/trace_processor/plugins/stdlib_docs/stdlib_docs.cc
[203/241] compile ../../src/trace_processor/plugins/stack_functions/stack_functions.cc
[204/241] compile ../../src/trace_processor/plugins/strace/strace.cc
[205/241] compile ../../src/trace_processor/plugins/stack_sample_importer/plugin.cc
[206/241] compile ../../src/trace_processor/plugins/stack_sample_importer/module.cc
[207/241] compile ../../src/trace_processor/plugins/storage_tables/storage_tables.cc
[208/241] compile ../../src/trace_processor/plugins/strace/strace_trace_tokenizer.cc
[209/241] compile ../../src/trace_processor/plugins/string_functions/replace_numbers_function.cc
[210/241] compile ../../src/trace_processor/plugins/strace/strace_trace_tokenizer_unittest.cc
[211/241] compile ../../src/trace_processor/plugins/strace/strace_trace_parser.cc
[212/241] compile ../../src/trace_processor/plugins/structural_tree_partition/structural_tree_partition.cc
[213/241] compile ../../src/trace_processor/plugins/table_info/table_info.cc
[214/241] compile ../../src/trace_processor/plugins/connected_flow/connected_flow.cc
[215/241] compile ../../src/trace_processor/plugins/connected_flow/connected_flow_unittest.cc
[216/241] compile ../../src/trace_processor/plugins/counter_intervals/counter_intervals.cc
[217/241] compile ../../src/trace_processor/plugins/critical_path/critical_path.cc
[218/241] compile ../../src/trace_processor/plugins/create_intervals/create_intervals.cc
[219/241] compile ../../src/trace_processor/plugins/descendant/descendant.cc
[220/241] compile ../../src/trace_processor/plugins/developer_functions/dataframe_query_plan_decoder.cc
[221/241] compile ../../src/trace_processor/plugins/dfs_weight_bounded/dfs_weight_bounded.cc
[222/241] compile ../../src/trace_processor/plugins/descendant/descendant_unittest.cc
[223/241] compile ../../src/trace_processor/plugins/dominator_tree/dominator_tree.cc
[224/241] compile ../../src/trace_processor/plugins/experimental_annotated_stack/experimental_annotated_stack.cc
[225/241] compile ../../src/trace_processor/plugins/experimental_flamegraph/experimental_flamegraph.cc
[226/241] compile ../../src/trace_processor/plugins/ancestor/ancestor.cc
[227/241] compile ../../src/trace_processor/plugins/ancestor/ancestor_unittest.cc
[228/241] compile ../../src/trace_processor/plugins/experimental_flamegraph/flamegraph_construction_algorithms.cc
[229/241] compile ../../src/trace_processor/plugins/android_framework_track_event/android_framework_track_event.cc
[230/241] compile ../../src/trace_processor/plugins/android_job_scheduler/android_job_scheduler.cc
[231/241] compile ../../src/trace_processor/plugins/art_process_metadata_importer/art_process_metadata_importer.cc
[232/241] compile ../../src/trace_processor/plugins/android_job_scheduler/android_job_scheduler_tracker.cc
[233/241] compile ../../src/trace_processor/plugins/android_process_state/android_process_state.cc
[234/241] compile ../../src/trace_processor/plugins/android_job_scheduler/android_job_scheduler_tracker_unittest.cc
[235/241] compile ../../src/trace_processor/plugins/args/args.cc
[236/241] compile ../../src/trace_processor/plugins/android_process_state/android_process_state_module.cc
[237/241] compile ../../src/trace_processor/plugins/art_heap_graph_functions/art_heap_graph_functions.cc
[238/241] compile ../../src/trace_processor/plugins/android_process_state/android_process_state_tracker.cc
[239/241] link ./trace_processor_shell
[240/241] link ./perfetto_trace_processor_unittests
[241/241] link ./perfetto_unittests
