ninja: Entering directory `out/mac_debug'
[0/1] Regenerating ninja files
[1/323] compile ../../src/trace_processor/importers/ftrace/ftrace_tokenizer.cc
[2/323] compile ../../src/trace_processor/importers/ftrace/gpu_work_period_tracker.cc
[3/323] compile ../../src/trace_processor/importers/ftrace/virtio_video_tracker.cc
[4/323] compile ../../src/trace_processor/importers/ftrace/ftrace_sched_event_tracker.cc
[5/323] compile ../../src/trace_processor/importers/ftrace/drm_tracker.cc
[6/323] compile ../../src/trace_processor/importers/ftrace/ftrace_parser.cc
[7/323] compile ../../src/trace_processor/importers/ftrace/virtio_gpu_tracker.cc
[8/323] compile ../../src/trace_processor/importers/ftrace/thermal_tracker.cc
[9/323] compile ../../src/trace_processor/importers/ftrace/v4l2_tracker.cc
[10/323] compile ../../src/trace_processor/importers/ftrace/iostat_tracker.cc
[11/323] compile ../../src/trace_processor/importers/ftrace/pixel_mm_kswapd_event_tracker.cc
[12/323] compile ../../src/trace_processor/importers/ftrace/pkvm_hyp_cpu_tracker.cc
[13/323] compile ../../src/trace_processor/importers/ftrace/generic_ftrace_tracker.cc
[14/323] compile ../../src/trace_processor/importers/ftrace/rss_stat_tracker.cc
[15/323] compile ../../src/trace_processor/importers/ftrace/mali_gpu_event_tracker.cc
[16/323] compile ../../src/trace_processor/importers/ftrace/pixel_display_tracker.cc
[17/323] compile ../../src/trace_processor/importers/ftrace/ftrace_module.cc
[18/323] compile ../../src/trace_processor/export_json_unittest.cc
[19/323] compile ../../src/trace_processor/importers/ftrace/binder_tracker.cc
[20/323] compile ../../src/trace_processor/streaming_tables_unittest.cc
[21/323] compile ../../src/trace_processor/importers/ftrace/ftrace_module_impl.cc
[22/323] compile ../../src/trace_processor/importers/ftrace/binder_tracker_unittest.cc
[23/323] compile ../../src/trace_processor/importers/primes/primes_trace_parser.cc
[24/323] compile ../../src/trace_processor/importers/fuchsia/fuchsia_trace_utils_unittest.cc
[25/323] compile ../../src/trace_processor/importers/gecko/gecko_trace_parser.cc
[26/323] compile ../../src/trace_processor/importers/gecko/gecko_trace_tokenizer.cc
[27/323] compile ../../src/trace_processor/importers/generic_kernel/generic_kernel_module.cc
[28/323] compile ../../src/trace_processor/importers/fuchsia/fuchsia_parser_unittest.cc
[29/323] compile ../../src/trace_processor/importers/fuchsia/fuchsia_trace_tokenizer.cc
[30/323] compile ../../src/trace_processor/importers/fuchsia/fuchsia_trace_utils.cc
[31/323] compile ../../src/trace_processor/importers/i2c/i2c_tracker.cc
[32/323] compile ../../src/trace_processor/importers/generic_kernel/generic_kernel_parser.cc
[33/323] compile ../../src/trace_processor/importers/instruments/row_parser.cc
[34/323] compile ../../src/trace_processor/importers/instruments/instruments_xml_tokenizer.cc
[35/323] compile ../../src/trace_processor/importers/fuchsia/fuchsia_trace_parser.cc
[36/323] compile ../../src/trace_processor/importers/ftrace/ftrace_sched_event_tracker_unittest.cc
[37/323] compile ../../src/trace_processor/importers/json/json_trace_tokenizer.cc
[38/323] compile ../../src/trace_processor/importers/json/json_trace_parser.cc
../../src/trace_processor/importers/json/json_trace_parser.cc:370:18: warning: unused variable 'rr' [-Wunused-variable]
  370 |             auto rr = (*context_->storage->mutable_slice_table())[*slice_id];
      |                  ^~
1 warning generated.
[39/323] compile ../../src/trace_processor/importers/json/json_trace_tokenizer_unittest.cc
[40/323] compile ../../src/trace_processor/importers/ninja/ninja_log_parser.cc
[41/323] compile ../../src/trace_processor/importers/perf/aux_record.cc
[42/323] compile ../../src/trace_processor/importers/perf/aux_data_tokenizer.cc
[43/323] compile ../../src/trace_processor/importers/perf/auxtrace_record.cc
[44/323] compile ../../src/trace_processor/importers/perf/auxtrace_info_record.cc
[45/323] compile ../../src/trace_processor/importers/perf/aux_stream_manager.cc
[46/323] compile ../../src/trace_processor/importers/perf/itrace_start_record.cc
[47/323] compile ../../src/trace_processor/importers/perf/mmap_record.cc
[48/323] compile ../../src/trace_processor/importers/perf/sample.cc
[49/323] compile ../../src/trace_processor/importers/perf/perf_tracker.cc
[50/323] compile ../../src/trace_processor/importers/perf/sample_id.cc
[51/323] compile ../../src/trace_processor/importers/perf/perf_data_tokenizer.cc
[52/323] compile ../../src/trace_processor/importers/perf/record_parser.cc
[53/323] compile ../../src/trace_processor/importers/perf/spe_record_parser.cc
[54/323] compile ../../src/trace_processor/importers/perf/spe_tokenizer.cc
[55/323] compile ../../src/trace_processor/importers/perf/perf_invocation.cc
[56/323] compile ../../src/trace_processor/importers/perf/perf_event_attr.cc
[57/323] compile ../../src/trace_processor/importers/perf/aux_stream_manager_unittest.cc
[58/323] compile ../../src/trace_processor/importers/perf/perf_invocation_unittest.cc
[59/323] compile ../../src/trace_processor/importers/etw/etw_module.cc
[60/323] compile ../../src/trace_processor/importers/archive/tar_trace_reader.cc
[61/323] compile ../../src/trace_processor/trace_processor.cc
[62/323] compile ../../src/trace_processor/importers/art_hprof/art_heap_graph_resolver.cc
[63/323] compile ../../src/trace_processor/importers/android_bugreport/android_log_reader.cc
[64/323] compile ../../src/trace_processor/importers/etw/file_io_tracker.cc
[65/323] compile ../../src/trace_processor/importers/archive/zip_trace_reader.cc
[66/323] compile ../../src/trace_processor/importers/art_hprof/art_hprof_parser.cc
[67/323] compile ../../src/trace_processor/importers/art_method/art_method_parser.cc
[68/323] compile ../../src/trace_processor/importers/android_bugreport/android_log_unittest.cc
[69/323] compile ../../src/trace_processor/importers/art_method/art_method_v2_tokenizer.cc
[70/323] compile ../../src/trace_processor/importers/primes/primes_trace_tokenizer.cc
[71/323] compile ../../src/trace_processor/importers/archive/decompressing_trace_reader.cc
[72/323] compile ../../src/trace_processor/importers/art_hprof/art_heap_graph_builder.cc
[73/323] compile ../../src/trace_processor/sqlite_iterator_impl.cc
[74/323] compile ../../src/trace_processor/importers/art_method/art_method_tokenizer.cc
[75/323] compile ../../src/trace_processor/importers/proto/android_kernel_wakelocks_state.cc
[76/323] compile ../../src/trace_processor/importers/proto/android_cpu_per_uid_state.cc
[77/323] compile ../../src/trace_processor/export_json.cc
[78/323] compile ../../src/trace_processor/importers/proto/android_cpu_per_uid_module.cc
[79/323] compile ../../src/trace_processor/importers/proto/android_kernel_wakelocks_module.cc
[80/323] compile ../../src/trace_processor/importers/proto/android_probes_tracker.cc
[81/323] compile ../../src/trace_processor/trace_processor_impl.cc
[82/323] compile ../../src/trace_processor/importers/proto/android_probes_module.cc
[83/323] compile ../../src/trace_processor/importers/proto/android_probes_parser.cc
[84/323] compile ../../src/trace_processor/importers/proto/additional_modules.cc
[85/323] compile ../../src/trace_processor/importers/proto/content_analyzer.cc
[86/323] compile ../../src/trace_processor/importers/proto/deobfuscation_module.cc
[87/323] compile ../../src/trace_processor/importers/proto/gpu_counter_sequence_state.cc
[88/323] compile ../../src/trace_processor/importers/proto/deobfuscation_tracker.cc
[89/323] compile ../../src/trace_processor/importers/proto/frame_timeline_event_parser.cc
[90/323] compile ../../src/trace_processor/importers/proto/graphics_event_module.cc
[91/323] compile ../../src/trace_processor/importers/proto/gpu_event_parser.cc
[92/323] compile ../../src/trace_processor/importers/proto/graphics_frame_event_parser.cc
[93/323] compile ../../src/trace_processor/importers/proto/jit_tracker.cc
[94/323] compile ../../src/trace_processor/importers/proto/heap_graph_module.cc
[95/323] compile ../../src/trace_processor/importers/proto/heap_graph_tracker.cc
[96/323] compile ../../src/trace_processor/importers/proto/linux_probes_module.cc
[97/323] compile ../../src/trace_processor/importers/proto/pixel_modem_module.cc
[98/323] compile ../../src/trace_processor/importers/proto/linux_probes_parser.cc
[99/323] compile ../../src/trace_processor/importers/proto/metadata_module.cc
[100/323] compile ../../src/trace_processor/importers/proto/pixel_modem_parser.cc
[101/323] compile ../../src/trace_processor/importers/proto/system_probes_module.cc
[102/323] compile ../../src/trace_processor/importers/proto/profile_module.cc
[103/323] compile ../../src/trace_processor/importers/proto/statsd_module.cc
[104/323] compile ../../src/trace_processor/importers/proto/translation_table_module.cc
[105/323] compile ../../src/trace_processor/importers/proto/v8_sequence_state.cc
[106/323] compile ../../src/trace_processor/importers/proto/system_probes_parser.cc
[107/323] compile ../../src/trace_processor/importers/proto/v8_module.cc
[108/323] compile ../../src/trace_processor/importers/proto/vulkan_memory_tracker.cc
[109/323] compile ../../src/trace_processor/importers/proto/chrome_string_lookup.cc
[110/323] compile ../../src/trace_processor/importers/proto/active_chrome_processes_tracker.cc
[111/323] compile ../../src/trace_processor/importers/proto/v8_tracker.cc
[112/323] compile ../../src/trace_processor/importers/proto/chrome_system_probes_module.cc
[113/323] compile ../../src/trace_processor/importers/proto/app_wakelock_module.cc
[114/323] compile ../../src/trace_processor/importers/proto/args_parser.cc
[115/323] compile ../../src/trace_processor/importers/proto/chrome_system_probes_parser.cc
[116/323] compile ../../src/trace_processor/importers/proto/incremental_state.cc
[117/323] compile ../../src/trace_processor/importers/proto/concurrent_sessions_module.cc
[118/323] compile ../../src/trace_processor/importers/proto/metadata_minimal_module.cc
[119/323] compile ../../src/trace_processor/importers/proto/default_modules.cc
[120/323] compile ../../src/trace_processor/importers/proto/packet_analyzer.cc
[121/323] compile ../../src/trace_processor/importers/proto/network_trace_module.cc
[122/323] compile ../../src/trace_processor/importers/proto/memory_tracker_snapshot_module.cc
[123/323] compile ../../src/trace_processor/importers/proto/memory_tracker_snapshot_parser.cc
[124/323] compile ../../src/trace_processor/importers/proto/perf_sample_tracker.cc
[125/323] compile ../../src/trace_processor/importers/proto/packet_sequence_state_generation.cc
[126/323] compile ../../src/trace_processor/importers/proto/profile_packet_sequence_state.cc
[127/323] compile ../../src/trace_processor/importers/proto/profile_packet_utils.cc
[128/323] compile ../../src/trace_processor/importers/proto/tracing_service_module.cc
[129/323] compile ../../src/trace_processor/importers/proto/protovm_incremental_tracing.cc
[130/323] compile ../../src/trace_processor/importers/proto/stack_profile_sequence_state.cc
[131/323] compile ../../src/trace_processor/importers/proto/proto_trace_parser_impl.cc
[132/323] compile ../../src/trace_processor/importers/proto/track_event_arg_fields.cc
[133/323] compile ../../src/trace_processor/importers/proto/proto_trace_reader.cc
[134/323] compile ../../src/trace_processor/importers/proto/track_event_extension_parser.cc
[135/323] compile ../../src/trace_processor/importers/proto/user_tracker.cc
[136/323] compile ../../src/trace_processor/importers/proto/track_event_module.cc
[137/323] compile ../../src/trace_processor/importers/proto/track_event_tokenizer.cc
[138/323] compile ../../src/trace_processor/importers/proto/track_event_tracker.cc
[139/323] compile ../../src/trace_processor/importers/proto/track_event_parser.cc
[140/323] compile ../../src/trace_processor/importers/proto/proto_importer_module.cc
[141/323] compile ../../src/trace_processor/importers/proto/chrome_string_lookup_unittest.cc
[142/323] compile ../../src/trace_processor/importers/proto/heap_graph_tracker_unittest.cc
[143/323] compile ../../src/trace_processor/importers/proto/active_chrome_processes_tracker_unittest.cc
[144/323] compile ../../src/trace_processor/importers/proto/jit_tracker_unittest.cc
[145/323] compile ../../src/trace_processor/importers/proto/packet_sequence_state_generation_unittest.cc
[146/323] compile ../../src/trace_processor/importers/proto/perf_sample_tracker_unittest.cc
[147/323] compile ../../src/trace_processor/importers/proto/profile_packet_sequence_state_unittest.cc
[148/323] compile ../../src/trace_processor/importers/proto/network_trace_module_unittest.cc
[149/323] compile ../../src/trace_processor/importers/proto/proto_trace_reader_unittest.cc
[150/323] compile ../../src/trace_processor/importers/systrace/systrace_line_parser.cc
[151/323] compile ../../src/trace_processor/importers/proto/proto_trace_parser_impl_unittest.cc
[152/323] compile ../../src/trace_processor/importers/syscalls/syscall_tracker.cc
[153/323] compile ../../src/trace_processor/importers/simpleperf_proto/simpleperf_proto_tokenizer.cc
[154/323] compile ../../src/trace_processor/importers/simpleperf_proto/simpleperf_proto_parser.cc
[155/323] compile ../../src/trace_processor/importers/systrace/systrace_parser_unittest.cc
[156/323] compile ../../src/trace_processor/importers/systrace/systrace_trace_parser.cc
[157/323] compile ../../src/trace_processor/importers/systrace/systrace_parser.cc
[158/323] compile ../../src/trace_processor/importers/android_bugreport/android_dumpstate_reader.cc
[159/323] compile ../../src/trace_processor/importers/syscalls/syscall_tracker_unittest.cc
[160/323] compile ../../src/trace_processor/importers/android_bugreport/android_log_event_parser.cc
[161/323] compile ../../src/trace_processor/trace_parser.cc
[162/323] compile ../../src/trace_processor/importers/android_bugreport/android_bugreport_reader.cc
[163/323] compile ../../src/trace_processor/trace_processor_storage.cc
[164/323] compile ../../src/trace_processor/importers/android_bugreport/android_battery_stats_reader.cc
[165/323] compile ../../src/trace_processor/importers/android_bugreport/android_dumpstate_event_parser.cc
[166/323] compile ../../src/trace_processor/importers/common/slice_translation_table.cc
[167/323] compile ../../src/trace_processor/importers/etw/disk_io_tracker.cc
[168/323] compile ../../src/trace_processor/importers/common/virtual_memory_mapping.cc
[169/323] compile ../../src/trace_processor/importers/etw/etw_module_impl.cc
[170/323] compile ../../src/trace_processor/forwarding_trace_parser.cc
[171/323] compile ../../src/trace_processor/importers/common/args_translation_table.cc
[172/323] compile ../../src/trace_processor/trace_processor_context.cc
[173/323] compile ../../src/trace_processor/importers/common/state_tracker.cc
[174/323] compile ../../src/trace_processor/importers/common/trace_file_tracker.cc
[175/323] compile ../../src/trace_processor/importers/common/deobfuscation_mapping_table.cc
[176/323] compile ../../src/trace_processor/importers/common/clock_converter.cc
[177/323] compile ../../src/trace_processor/importers/common/thread_state_tracker.cc
[178/323] compile ../../src/trace_processor/importers/common/cpu_tracker.cc
[179/323] compile ../../src/trace_processor/importers/common/global_stats_tracker.cc
[180/323] compile ../../src/trace_processor/importers/etw/etw_parser.cc
[181/323] compile ../../src/trace_processor/importers/common/trace_diagnostics_tracker_helper.cc
[182/323] compile ../../src/trace_processor/importers/common/event_tracker.cc
[183/323] compile ../../src/trace_processor/importers/common/track_compressor.cc
[184/323] compile ../../src/trace_processor/importers/common/track_tracker.cc
[185/323] compile ../../src/trace_processor/importers/common/deobfuscation_mapping_table_unittest.cc
[186/323] compile ../../src/trace_processor/importers/common/state_tracker_unittest.cc
[187/323] compile ../../src/trace_processor/importers/common/process_track_translation_table.cc
[188/323] compile ../../src/trace_processor/importers/common/event_tracker_unittest.cc
[189/323] compile ../../src/trace_processor/importers/common/global_metadata_tracker.cc
[190/323] compile ../../src/trace_processor/importers/common/flow_tracker_unittest.cc
[191/323] compile ../../src/trace_processor/importers/common/args_translation_table_unittest.cc
[192/323] compile ../../src/trace_processor/importers/common/slice_tracker_unittest.cc
[193/323] compile ../../src/trace_processor/importers/common/slice_translation_table_unittest.cc
[194/323] compile ../../src/trace_processor/importers/common/flow_tracker.cc
[195/323] compile ../../src/trace_processor/importers/common/thread_state_tracker_unittest.cc
[196/323] compile ../../src/trace_processor/importers/common/process_track_translation_table_unittest.cc
[197/323] compile ../../src/trace_processor/importers/common/global_stats_tracker_unittest.cc
[198/323] compile ../../src/trace_processor/importers/common/track_compressor_unittest.cc
[199/323] compile ../../src/trace_processor/importers/common/process_tracker_unittest.cc
[200/323] compile ../../src/trace_processor/importers/collapsed_stack/collapsed_stack_trace_reader.cc
[201/323] compile ../../src/trace_processor/importers/common/args_tracker.cc
[202/323] compile ../../src/trace_processor/importers/etw/etw_tokenizer.cc
[203/323] compile ../../src/trace_processor/trace_processor_storage_impl.cc
[204/323] compile ../../src/trace_processor/importers/common/clock_converter_unittest.cc
[205/323] compile ../../src/trace_processor/importers/pprof/pprof_trace_reader.cc
[206/323] compile ../../src/trace_processor/importers/common/global_args_tracker.cc
[207/323] compile ../../src/trace_processor/importers/common/profiler_sample_tracker.cc
[208/323] compile ../../src/trace_processor/importers/common/machine_tracker.cc
[209/323] compile ../../src/trace_processor/importers/common/clock_tracker_unittest.cc
[210/323] compile ../../src/trace_processor/importers/common/stack_profile_tracker.cc
[211/323] compile ../../src/trace_processor/importers/common/mapping_tracker.cc
[212/323] compile ../../src/trace_processor/trace_parser_impl.cc
[213/323] compile ../../src/trace_processor/importers/common/registered_file_tracker.cc
[214/323] compile ../../src/trace_processor/importers/common/sparse_counter_tracker.cc
[215/323] compile ../../src/trace_processor/importers/common/slice_tracker.cc
[216/323] compile ../../src/trace_processor/importers/common/sched_event_tracker.cc
[217/323] compile ../../src/trace_processor/importers/common/legacy_v8_cpu_profile_tracker.cc
[218/323] compile ../../src/trace_processor/importers/common/metadata_tracker.cc
[219/323] compile ../../src/trace_processor/importers/common/gpu_tracker.cc
[220/323] compile ../../src/trace_processor/importers/common/symbol_tracker.cc
[221/323] compile ../../src/trace_processor/importers/common/system_info_tracker.cc
[222/323] compile ../../src/trace_processor/importers/common/import_logs_tracker.cc
[223/323] compile ../../src/trace_processor/importers/common/sparse_counter_tracker_unittest.cc
[224/323] compile ../../src/trace_processor/importers/common/jit_cache.cc
[225/323] compile ../../src/trace_processor/importers/common/process_tracker.cc
[226/323] compile ../../src/trace_processor/plugins/winscope_surfaceflinger_hierarchy_paths/winscope_surfaceflinger_hierarchy_paths.cc
[227/323] compile ../../src/trace_processor/importers/common/clock_tracker.cc
[228/323] compile ../../src/trace_processor/plugins/winscope_proto_to_args_with_defaults/winscope_proto_to_args_with_defaults.cc
[229/323] compile ../../src/trace_processor/sorter/trace_token_buffer_unittest.cc
[230/323] compile ../../src/trace_processor/storage/trace_storage.cc
[231/323] compile ../../src/trace_processor/sorter/trace_sorter.cc
[232/323] compile ../../src/trace_processor/sorter/trace_sorter_unittest.cc
[233/323] compile ../../src/trace_processor/plugins/structural_tree_partition/structural_tree_partition.cc
[234/323] compile ../../src/trace_processor/plugins/time_functions/plugin.cc
[235/323] compile ../../src/trace_processor/plugins/table_info/table_info.cc
[236/323] compile ../../src/trace_processor/plugins/trace_export/perfetto_export_reader.cc
[237/323] compile ../../src/trace_processor/plugins/to_ftrace/to_ftrace.cc
[238/323] compile ../../src/trace_processor/plugins/utils_functions/utils_functions.cc
[239/323] compile ../../src/trace_processor/plugins/tree_functions/tree_conversion.cc
[240/323] compile ../../src/trace_processor/plugins/video_frame_importer/video_frame_importer.cc
[241/323] compile ../../src/trace_processor/plugins/type_builder_functions/type_builders.cc
[242/323] compile ../../src/trace_processor/plugins/wattson/plugin.cc
[243/323] compile ../../src/trace_processor/plugins/winscope_importer/protolog_message_decoder.cc
[244/323] compile ../../src/trace_processor/plugins/video_frame_importer/video_frame_module.cc
[245/323] compile ../../src/trace_processor/plugins/video_frame_importer/video_frame_module_unittest.cc
[246/323] compile ../../src/trace_processor/plugins/winscope_importer/surfaceflinger_layers_parser.cc
[247/323] compile ../../src/trace_processor/plugins/winscope_importer/surfaceflinger_transactions_parser.cc
[248/323] compile ../../src/trace_processor/plugins/winscope_importer/protolog_parser.cc
[249/323] compile ../../src/trace_processor/plugins/winscope_importer/android_input_event_parser.cc
[250/323] compile ../../src/trace_processor/plugins/winscope_importer/shell_transitions_tracker.cc
[251/323] compile ../../src/trace_processor/plugins/winscope_importer/shell_transitions_parser.cc
[252/323] compile ../../src/trace_processor/plugins/winscope_importer/surfaceflinger_layers_rect_computation.cc
[253/323] compile ../../src/trace_processor/plugins/winscope_importer/viewcapture_rect_computation.cc
[254/323] compile ../../src/trace_processor/plugins/winscope_importer/winscope_transform_tracker.cc
[255/323] compile ../../src/trace_processor/plugins/winscope_importer/viewcapture_args_parser.cc
[256/323] compile ../../src/trace_processor/plugins/winscope_importer/viewcapture_parser.cc
[257/323] compile ../../src/trace_processor/plugins/winscope_importer/windowmanager_parser.cc
[258/323] compile ../../src/trace_processor/util/args_utils.cc
[259/323] compile ../../src/trace_processor/plugins/winscope_importer/winscope_rect_tracker.cc
[260/323] compile ../../src/trace_processor/plugins/winscope_importer/winscope_importer.cc
[261/323] compile ../../src/trace_processor/plugins/winscope_importer/winscope_module.cc
[262/323] compile ../../src/trace_processor/util/proto_to_args_parser_unittest.cc
[263/323] compile ../../src/trace_processor/util/profiler_util.cc
[264/323] compile ../../src/trace_processor/util/annotated_callsites.cc
[265/323] compile ../../src/trace_processor/util/json_args.cc
[266/323] compile ../../src/trace_processor/plugins/ancestor/ancestor.cc
[267/323] compile ../../src/trace_processor/util/profile_builder.cc
[268/323] compile ../../src/trace_processor/plugins/ancestor/ancestor_unittest.cc
[269/323] compile ../../src/trace_processor/plugins/experimental_slice_layout/experimental_slice_layout_unittest.cc
[270/323] compile ../../src/trace_processor/plugins/flamechart/flamechart_function.cc
[271/323] compile ../../src/trace_processor/plugins/experimental_slice_layout/experimental_slice_layout.cc
[272/323] compile ../../src/trace_processor/plugins/android_framework_track_event/android_framework_track_event.cc
[273/323] compile ../../src/trace_processor/plugins/flamegraph/flamegraph_function.cc
[274/323] compile ../../src/trace_processor/plugins/graph_scan/graph_scan.cc
[275/323] compile ../../src/trace_processor/plugins/graph_traversal/graph_traversal.cc
[276/323] compile ../../src/trace_processor/plugins/metadata/metadata.cc
[277/323] compile ../../src/trace_processor/plugins/interval_intersect/interval_intersect.cc
[278/323] compile ../../src/trace_processor/plugins/package_lookup/package_lookup.cc
[279/323] compile ../../src/trace_processor/plugins/perf_counter/perf_counter.cc
[280/323] compile ../../src/trace_processor/plugins/perf_text/perf_text.cc
[281/323] compile ../../src/trace_processor/plugins/perf_text/perf_text_trace_tokenizer.cc
[282/323] compile ../../src/trace_processor/plugins/perfetto_manifest/perfetto_manifest_reader.cc
[283/323] compile ../../src/trace_processor/plugins/perf_text/perf_text_trace_parser.cc
[284/323] compile ../../src/trace_processor/plugins/sql_stats_table/sql_stats_table.cc
[285/323] compile ../../src/trace_processor/plugins/stdlib_docs/stdlib_docs.cc
[286/323] compile ../../src/trace_processor/plugins/pprof_functions/pprof_functions.cc
[287/323] compile ../../src/trace_processor/plugins/stack_functions/stack_functions.cc
[288/323] compile ../../src/trace_processor/plugins/strace/strace.cc
[289/323] compile ../../src/trace_processor/plugins/stack_sample_importer/plugin.cc
[290/323] compile ../../src/trace_processor/plugins/stack_sample_importer/module.cc
[291/323] compile ../../src/trace_processor/plugins/storage_tables/storage_tables.cc
[292/323] compile ../../src/trace_processor/plugins/strace/strace_trace_tokenizer.cc
[293/323] compile ../../src/trace_processor/plugins/string_functions/replace_numbers_function.cc
[294/323] compile ../../src/trace_processor/plugins/strace/strace_trace_tokenizer_unittest.cc
[295/323] compile ../../src/trace_processor/plugins/strace/strace_trace_parser.cc
[296/323] compile ../../src/trace_processor/plugins/android_job_scheduler/android_job_scheduler.cc
[297/323] compile ../../src/trace_processor/plugins/art_process_metadata_importer/art_process_metadata_importer.cc
[298/323] compile ../../src/trace_processor/plugins/android_job_scheduler/android_job_scheduler_tracker.cc
[299/323] compile ../../src/trace_processor/plugins/android_process_state/android_process_state.cc
[300/323] compile ../../src/trace_processor/plugins/android_job_scheduler/android_job_scheduler_tracker_unittest.cc
[301/323] compile ../../src/trace_processor/plugins/android_process_state/android_process_state_module.cc
[302/323] compile ../../src/trace_processor/plugins/args/args.cc
[303/323] compile ../../src/trace_processor/plugins/art_heap_graph_functions/art_heap_graph_functions.cc
[304/323] compile ../../src/trace_processor/plugins/android_process_state/android_process_state_tracker.cc
[305/323] compile ../../src/trace_processor/plugins/connected_flow/connected_flow.cc
[306/323] compile ../../src/trace_processor/plugins/connected_flow/connected_flow_unittest.cc
[307/323] compile ../../src/trace_processor/plugins/art_process_metadata_importer/art_process_metadata_module.cc
[308/323] compile ../../src/trace_processor/plugins/counter_intervals/counter_intervals.cc
[309/323] compile ../../src/trace_processor/plugins/critical_path/critical_path.cc
[310/323] compile ../../src/trace_processor/plugins/create_intervals/create_intervals.cc
[311/323] compile ../../src/trace_processor/plugins/developer_functions/dataframe_query_plan_decoder.cc
[312/323] compile ../../src/trace_processor/plugins/descendant/descendant.cc
[313/323] compile ../../src/trace_processor/plugins/descendant/descendant_unittest.cc
[314/323] compile ../../src/trace_processor/plugins/dfs_weight_bounded/dfs_weight_bounded.cc
[315/323] compile ../../src/trace_processor/plugins/dominator_tree/dominator_tree.cc
[316/323] compile ../../src/trace_processor/plugins/experimental_annotated_stack/experimental_annotated_stack.cc
[317/323] compile ../../src/trace_processor/plugins/experimental_flat_slice/experimental_flat_slice_unittest.cc
[318/323] compile ../../src/trace_processor/plugins/experimental_flat_slice/experimental_flat_slice.cc
[319/323] compile ../../src/trace_processor/plugins/experimental_flamegraph/experimental_flamegraph.cc
[320/323] compile ../../src/trace_processor/plugins/experimental_flamegraph/flamegraph_construction_algorithms.cc
[321/323] link ./trace_processor_shell
[322/323] link ./perfetto_trace_processor_unittests
[323/323] link ./perfetto_unittests
