ninja: Entering directory `out/mac_debug'
[1/417] compile ../../src/trace_processor/importers/common/process_track_translation_table_unittest.cc
[2/417] compile ../../src/trace_processor/importers/perf/aux_data_tokenizer.cc
[3/417] compile ../../src/trace_processor/importers/perf/aux_record.cc
[4/417] compile ../../src/trace_processor/importers/perf/auxtrace_info_record.cc
[5/417] compile ../../src/trace_processor/importers/perf/aux_stream_manager.cc
[6/417] compile ../../src/trace_processor/importers/common/args_translation_table.cc
[7/417] compile ../../src/trace_processor/importers/ninja/ninja_log_parser.cc
[8/417] compile ../../src/trace_processor/importers/common/clock_converter.cc
[9/417] compile ../../src/trace_processor/importers/common/args_translation_table_unittest.cc
[10/417] compile ../../src/trace_processor/importers/common/clock_converter_unittest.cc
[11/417] compile ../../src/trace_processor/importers/common/state_tracker_unittest.cc
[12/417] compile ../../src/trace_processor/importers/common/mapping_tracker.cc
[13/417] compile ../../src/trace_processor/importers/common/clock_tracker_unittest.cc
[14/417] compile ../../src/trace_processor/importers/common/args_tracker.cc
[15/417] compile ../../src/trace_processor/importers/common/clock_tracker.cc
[16/417] compile ../../src/trace_processor/importers/common/slice_tracker_unittest.cc
[17/417] compile ../../src/trace_processor/importers/common/process_tracker_unittest.cc
[18/417] compile ../../src/trace_processor/importers/common/global_stats_tracker.cc
[19/417] compile ../../src/trace_processor/importers/common/track_tracker.cc
[20/417] compile ../../src/trace_processor/importers/common/virtual_memory_mapping.cc
[21/417] compile ../../src/trace_processor/importers/archive/zip_trace_reader.cc
[22/417] compile ../../src/trace_processor/importers/archive/tar_trace_reader.cc
[23/417] compile ../../src/trace_processor/importers/perf/sample_id.cc
[24/417] compile ../../src/trace_processor/local_file_system_unittest.cc
[25/417] compile ../../src/trace_processor/importers/common/slice_translation_table_unittest.cc
[26/417] compile ../../src/trace_processor/importers/perf/spe_record_parser.cc
[27/417] compile ../../src/trace_processor/importers/collapsed_stack/collapsed_stack_trace_reader.cc
[28/417] compile ../../src/trace_processor/importers/art_method/art_method_v2_tokenizer.cc
[29/417] compile ../../src/trace_processor/importers/art_hprof/art_heap_graph_builder.cc
[30/417] compile ../../src/trace_processor/importers/common/thread_state_tracker_unittest.cc
[31/417] compile ../../src/trace_processor/importers/art_method/art_method_tokenizer.cc
[32/417] compile ../../src/trace_processor/importers/common/global_stats_tracker_unittest.cc
[33/417] compile ../../src/trace_processor/importers/art_method/art_method_parser.cc
[34/417] compile ../../src/trace_processor/streaming_tables_unittest.cc
[35/417] compile ../../src/trace_processor/importers/common/system_info_tracker.cc
[36/417] compile ../../src/trace_processor/importers/common/deobfuscation_mapping_table_unittest.cc
[37/417] compile ../../src/trace_processor/importers/common/symbol_tracker.cc
[38/417] compile ../../src/trace_processor/importers/common/deobfuscation_mapping_table.cc
[39/417] compile ../../src/trace_processor/importers/common/flow_tracker_unittest.cc
[40/417] compile ../../src/trace_processor/importers/common/cpu_tracker.cc
[41/417] compile ../../src/trace_processor/importers/common/event_tracker_unittest.cc
[42/417] compile ../../src/trace_processor/importers/common/state_tracker.cc
[43/417] compile ../../src/trace_processor/importers/common/sparse_counter_tracker.cc
[44/417] compile ../../src/trace_processor/importers/common/global_args_tracker.cc
[45/417] compile ../../src/trace_processor/importers/common/event_tracker.cc
[46/417] compile ../../src/trace_processor/importers/common/global_metadata_tracker.cc
[47/417] compile ../../src/trace_processor/importers/common/flow_tracker.cc
[48/417] compile ../../src/trace_processor/importers/common/slice_translation_table.cc
[49/417] compile ../../src/trace_processor/importers/common/process_track_translation_table.cc
[50/417] compile ../../src/trace_processor/importers/common/machine_tracker.cc
[51/417] compile ../../src/trace_processor/importers/common/import_logs_tracker.cc
[52/417] compile ../../src/trace_processor/importers/common/jit_cache.cc
[53/417] compile ../../src/trace_processor/importers/common/legacy_v8_cpu_profile_tracker.cc
[54/417] compile ../../src/trace_processor/importers/common/metadata_tracker.cc
[55/417] compile ../../src/trace_processor/importers/common/registered_file_tracker.cc
[56/417] compile ../../src/trace_processor/importers/common/stack_profile_tracker.cc
[57/417] compile ../../src/trace_processor/importers/common/slice_tracker.cc
[58/417] compile ../../src/trace_processor/importers/common/profiler_sample_tracker.cc
[59/417] compile ../../src/trace_processor/importers/common/sched_event_tracker.cc
[60/417] compile ../../src/trace_processor/importers/common/trace_diagnostics_tracker_helper.cc
[61/417] compile ../../src/trace_processor/importers/common/process_tracker.cc
[62/417] compile ../../src/trace_processor/importers/archive/decompressing_trace_reader.cc
[63/417] compile ../../src/trace_processor/importers/common/track_compressor.cc
[64/417] compile ../../src/trace_processor/importers/perf/sample.cc
[65/417] compile ../../src/trace_processor/importers/android_bugreport/android_log_unittest.cc
[66/417] compile ../../src/trace_processor/importers/art_hprof/art_heap_graph_resolver.cc
[67/417] compile ../../src/trace_processor/importers/common/gpu_tracker.cc
[68/417] compile ../../src/trace_processor/export_json_unittest.cc
[69/417] compile ../../src/trace_processor/importers/art_hprof/art_hprof_parser.cc
[70/417] compile ../../src/trace_processor/importers/common/trace_file_tracker.cc
[71/417] compile ../../src/trace_processor/importers/common/thread_state_tracker.cc
[72/417] compile ../../src/trace_processor/importers/common/sparse_counter_tracker_unittest.cc
[73/417] compile ../../src/trace_processor/importers/common/track_compressor_unittest.cc
[74/417] compile ../../src/trace_processor/importers/instruments/instruments_xml_tokenizer.cc
[75/417] compile ../../src/trace_processor/importers/instruments/row_parser.cc
[76/417] compile ../../src/trace_processor/importers/i2c/i2c_tracker.cc
[77/417] compile ../../src/trace_processor/importers/generic_kernel/generic_kernel_module.cc
[78/417] compile ../../src/trace_processor/importers/json/json_trace_parser.cc
../../src/trace_processor/importers/json/json_trace_parser.cc:370:18: warning: unused variable 'rr' [-Wunused-variable]
  370 |             auto rr = (*context_->storage->mutable_slice_table())[*slice_id];
      |                  ^~
1 warning generated.
[79/417] compile ../../src/trace_processor/importers/generic_kernel/generic_kernel_parser.cc
[80/417] compile ../../src/trace_processor/importers/gecko/gecko_trace_parser.cc
[81/417] compile ../../src/trace_processor/importers/gecko/gecko_trace_tokenizer.cc
[82/417] compile ../../src/trace_processor/importers/perf/perf_tracker.cc
[83/417] compile ../../src/trace_processor/importers/json/json_trace_tokenizer.cc
[84/417] compile ../../src/trace_processor/importers/perf/auxtrace_record.cc
[85/417] compile ../../src/trace_processor/importers/perf/itrace_start_record.cc
[86/417] compile ../../src/trace_processor/importers/fuchsia/fuchsia_parser_unittest.cc
[87/417] compile ../../src/trace_processor/importers/json/json_trace_tokenizer_unittest.cc
[88/417] compile ../../src/trace_processor/importers/perf/mmap_record.cc
[89/417] compile ../../src/trace_processor/importers/fuchsia/fuchsia_trace_utils_unittest.cc
[90/417] compile ../../src/trace_processor/importers/ftrace/ftrace_module.cc
[91/417] compile ../../src/trace_processor/importers/perf/perf_data_tokenizer.cc
[92/417] compile ../../src/trace_processor/importers/ftrace/ftrace_sched_event_tracker.cc
[93/417] compile ../../src/trace_processor/importers/ftrace/rss_stat_tracker.cc
[94/417] compile ../../src/trace_processor/importers/ftrace/pixel_display_tracker.cc
[95/417] compile ../../src/trace_processor/importers/ftrace/gpu_work_period_tracker.cc
[96/417] compile ../../src/trace_processor/importers/ftrace/mali_gpu_event_tracker.cc
[97/417] compile ../../src/trace_processor/importers/etw/etw_tokenizer.cc
[98/417] compile ../../src/trace_processor/importers/ftrace/pixel_mm_kswapd_event_tracker.cc
[99/417] compile ../../src/trace_processor/importers/ftrace/drm_tracker.cc
[100/417] compile ../../src/trace_processor/importers/etw/etw_parser.cc
[101/417] compile ../../src/trace_processor/importers/etw/etw_module_impl.cc
[102/417] compile ../../src/trace_processor/importers/etw/disk_io_tracker.cc
[103/417] compile ../../src/trace_processor/importers/ftrace/thermal_tracker.cc
[104/417] compile ../../src/trace_processor/importers/ftrace/binder_tracker.cc
[105/417] compile ../../src/trace_processor/importers/ftrace/ftrace_parser.cc
[106/417] compile ../../src/trace_processor/importers/ftrace/ftrace_module_impl.cc
[107/417] compile ../../src/trace_processor/importers/etw/etw_module.cc
[108/417] compile ../../src/trace_processor/importers/fuchsia/fuchsia_trace_utils.cc
[109/417] compile ../../src/trace_processor/importers/fuchsia/fuchsia_trace_parser.cc
[110/417] compile ../../src/trace_processor/importers/etw/file_io_tracker.cc
[111/417] compile ../../src/trace_processor/importers/ftrace/v4l2_tracker.cc
[112/417] compile ../../src/trace_processor/importers/ftrace/ftrace_tokenizer.cc
[113/417] compile ../../src/trace_processor/importers/ftrace/ftrace_sched_event_tracker_unittest.cc
[114/417] compile ../../src/trace_processor/importers/ftrace/iostat_tracker.cc
[115/417] compile ../../src/trace_processor/importers/ftrace/pkvm_hyp_cpu_tracker.cc
[116/417] compile ../../src/trace_processor/importers/ftrace/virtio_video_tracker.cc
[117/417] compile ../../src/trace_processor/importers/perf/record_parser.cc
[118/417] compile ../../src/trace_processor/importers/ftrace/virtio_gpu_tracker.cc
[119/417] compile ../../src/trace_processor/importers/ftrace/generic_ftrace_tracker.cc
[120/417] compile ../../src/trace_processor/importers/fuchsia/fuchsia_trace_tokenizer.cc
[121/417] compile ../../src/trace_processor/importers/android_bugreport/android_log_reader.cc
[122/417] compile ../../src/trace_processor/importers/ftrace/binder_tracker_unittest.cc
[123/417] compile ../../src/trace_processor/importers/perf/perf_event_attr.cc
[124/417] compile ../../src/trace_processor/core/plugin/static_table_function.cc
[125/417] compile ../../src/trace_processor/importers/android_bugreport/android_log_event_parser.cc
[126/417] compile ../../src/trace_processor/core/plugin/plugin.cc
[127/417] compile ../../src/trace_processor/importers/android_bugreport/android_battery_stats_reader.cc
[128/417] compile ../../src/trace_processor/importers/android_bugreport/android_bugreport_reader.cc
[129/417] compile ../../src/trace_processor/importers/android_bugreport/android_dumpstate_reader.cc
[130/417] compile ../../src/trace_processor/importers/perf/spe_tokenizer.cc
[131/417] compile ../../src/trace_processor/importers/android_bugreport/android_dumpstate_event_parser.cc
[132/417] compile ../../src/trace_processor/importers/perf/perf_invocation.cc
[133/417] compile ../../src/trace_processor/importers/perf/perf_invocation_unittest.cc
[134/417] compile ../../src/trace_processor/importers/perf/aux_stream_manager_unittest.cc
[135/417] compile ../../src/trace_processor/importers/pprof/pprof_trace_reader.cc
[136/417] compile ../../src/trace_processor/importers/proto/android_kernel_wakelocks_state.cc
[137/417] compile ../../src/trace_processor/importers/primes/primes_trace_parser.cc
[138/417] compile ../../src/trace_processor/importers/primes/primes_trace_tokenizer.cc
[139/417] compile ../../src/trace_processor/importers/proto/android_cpu_per_uid_state.cc
[140/417] compile ../../src/trace_processor/importers/proto/android_cpu_per_uid_module.cc
[141/417] compile ../../src/trace_processor/importers/proto/android_kernel_wakelocks_module.cc
[142/417] compile ../../src/trace_processor/importers/proto/android_probes_tracker.cc
[143/417] compile ../../src/trace_processor/importers/proto/gpu_counter_sequence_state.cc
[144/417] compile ../../src/trace_processor/importers/proto/android_probes_module.cc
[145/417] compile ../../src/trace_processor/importers/proto/content_analyzer.cc
[146/417] compile ../../src/trace_processor/importers/proto/deobfuscation_tracker.cc
[147/417] compile ../../src/trace_processor/importers/proto/additional_modules.cc
[148/417] compile ../../src/trace_processor/importers/proto/android_probes_parser.cc
[149/417] compile ../../src/trace_processor/importers/proto/deobfuscation_module.cc
[150/417] compile ../../src/trace_processor/importers/proto/frame_timeline_event_parser.cc
[151/417] compile ../../src/trace_processor/importers/proto/linux_probes_module.cc
[152/417] compile ../../src/trace_processor/importers/proto/jit_tracker.cc
[153/417] compile ../../src/trace_processor/importers/proto/graphics_frame_event_parser.cc
[154/417] compile ../../src/trace_processor/importers/proto/graphics_event_module.cc
[155/417] compile ../../src/trace_processor/importers/proto/heap_graph_module.cc
[156/417] compile ../../src/trace_processor/importers/proto/gpu_event_parser.cc
[157/417] compile ../../src/trace_processor/importers/proto/heap_graph_tracker.cc
[158/417] compile ../../src/trace_processor/importers/proto/linux_probes_parser.cc
[159/417] compile ../../src/trace_processor/importers/proto/pixel_modem_module.cc
[160/417] compile ../../src/trace_processor/importers/proto/system_probes_module.cc
[161/417] compile ../../src/trace_processor/importers/proto/metadata_module.cc
[162/417] compile ../../src/trace_processor/importers/proto/pixel_modem_parser.cc
[163/417] compile ../../src/trace_processor/importers/proto/profile_module.cc
[164/417] compile ../../src/trace_processor/importers/proto/system_probes_parser.cc
[165/417] compile ../../src/trace_processor/importers/proto/translation_table_module.cc
[166/417] compile ../../src/trace_processor/importers/proto/vulkan_memory_tracker.cc
[167/417] compile ../../src/trace_processor/importers/proto/v8_sequence_state.cc
[168/417] compile ../../src/trace_processor/importers/proto/v8_module.cc
[169/417] compile ../../src/trace_processor/importers/proto/statsd_module.cc
[170/417] compile ../../src/trace_processor/importers/proto/chrome_string_lookup.cc
[171/417] compile ../../src/trace_processor/importers/proto/active_chrome_processes_tracker.cc
[172/417] compile ../../src/trace_processor/importers/proto/v8_tracker.cc
[173/417] compile ../../src/trace_processor/importers/proto/chrome_system_probes_module.cc
[174/417] compile ../../src/trace_processor/importers/proto/app_wakelock_module.cc
[175/417] compile ../../src/trace_processor/importers/proto/args_parser.cc
[176/417] compile ../../src/trace_processor/importers/proto/chrome_system_probes_parser.cc
[177/417] compile ../../src/trace_processor/importers/proto/incremental_state.cc
[178/417] compile ../../src/trace_processor/importers/proto/concurrent_sessions_module.cc
[179/417] compile ../../src/trace_processor/importers/proto/metadata_minimal_module.cc
[180/417] compile ../../src/trace_processor/importers/proto/packet_analyzer.cc
[181/417] compile ../../src/trace_processor/importers/proto/default_modules.cc
[182/417] compile ../../src/trace_processor/importers/proto/packet_sequence_state_generation.cc
[183/417] compile ../../src/trace_processor/importers/proto/network_trace_module.cc
[184/417] compile ../../src/trace_processor/importers/proto/memory_tracker_snapshot_parser.cc
[185/417] compile ../../src/trace_processor/importers/proto/memory_tracker_snapshot_module.cc
[186/417] compile ../../src/trace_processor/importers/proto/perf_sample_tracker.cc
[187/417] compile ../../src/trace_processor/importers/proto/profile_packet_sequence_state.cc
[188/417] compile ../../src/trace_processor/importers/proto/profile_packet_utils.cc
[189/417] compile ../../src/trace_processor/importers/proto/tracing_service_module.cc
[190/417] compile ../../src/trace_processor/importers/proto/protovm_incremental_tracing.cc
[191/417] compile ../../src/trace_processor/importers/proto/proto_trace_parser_impl.cc
[192/417] compile ../../src/trace_processor/importers/proto/stack_profile_sequence_state.cc
[193/417] compile ../../src/trace_processor/importers/proto/proto_trace_reader.cc
[194/417] compile ../../src/trace_processor/importers/proto/track_event_arg_fields.cc
[195/417] compile ../../src/trace_processor/importers/proto/track_event_extension_parser.cc
[196/417] compile ../../src/trace_processor/importers/proto/track_event_module.cc
[197/417] compile ../../src/trace_processor/importers/proto/proto_importer_module.cc
[198/417] compile ../../src/trace_processor/importers/proto/user_tracker.cc
[199/417] compile ../../src/trace_processor/importers/proto/track_event_tokenizer.cc
[200/417] compile ../../src/trace_processor/importers/proto/track_event_parser.cc
In file included from ../../src/trace_processor/importers/proto/track_event_parser.cc:44:
../../src/trace_processor/importers/proto/track_event_event_importer.h:827:12: warning: unused variable 'rr' [-Wunused-variable]
  827 |       auto rr = (*context_->storage->mutable_slice_table())[*opt_slice_id];
      |            ^~
1 warning generated.
[201/417] compile ../../src/trace_processor/importers/proto/track_event_tracker.cc
[202/417] compile ../../src/trace_processor/importers/proto/active_chrome_processes_tracker_unittest.cc
[203/417] compile ../../src/trace_processor/importers/proto/chrome_string_lookup_unittest.cc
[204/417] compile ../../src/trace_processor/importers/proto/heap_graph_tracker_unittest.cc
[205/417] compile ../../src/trace_processor/importers/proto/jit_tracker_unittest.cc
[206/417] compile ../../src/trace_processor/importers/proto/packet_sequence_state_generation_unittest.cc
[207/417] compile ../../src/trace_processor/importers/proto/profile_packet_sequence_state_unittest.cc
[208/417] compile ../../src/trace_processor/importers/proto/perf_sample_tracker_unittest.cc
[209/417] compile ../../src/trace_processor/importers/systrace/systrace_line_parser.cc
[210/417] compile ../../src/trace_processor/importers/syscalls/syscall_tracker.cc
[211/417] compile ../../src/trace_processor/importers/proto/network_trace_module_unittest.cc
[212/417] compile ../../src/trace_processor/importers/proto/proto_trace_reader_unittest.cc
[213/417] compile ../../src/trace_processor/plugins/layout_functions/layout_functions.cc
[214/417] compile ../../src/trace_processor/importers/simpleperf_proto/simpleperf_proto_tokenizer.cc
[215/417] compile ../../src/trace_processor/importers/simpleperf_proto/simpleperf_proto_parser.cc
[216/417] compile ../../src/trace_processor/importers/proto/proto_trace_parser_impl_unittest.cc
[217/417] compile ../../src/trace_processor/importers/systrace/systrace_trace_parser.cc
[218/417] compile ../../src/trace_processor/plugins/perf_text/perf_text_trace_tokenizer.cc
[219/417] compile ../../src/trace_processor/importers/systrace/systrace_parser.cc
[220/417] compile ../../src/trace_processor/trace_processor_shell_main.cc
[221/417] compile ../../src/trace_processor/importers/syscalls/syscall_tracker_unittest.cc
[222/417] compile ../../src/trace_processor/plugins/math_functions/math.cc
[223/417] compile ../../src/trace_processor/plugins/perf_text/perf_text.cc
[224/417] compile ../../src/trace_processor/plugins/perf_counter/perf_counter.cc
[225/417] compile ../../src/trace_processor/plugins/package_lookup/package_lookup.cc
[226/417] compile ../../src/trace_processor/plugins/import/import.cc
[227/417] compile ../../src/trace_processor/plugins/perfetto_manifest/perfetto_manifest.cc
[228/417] compile ../../src/trace_processor/plugins/metadata/metadata.cc
[229/417] compile ../../src/trace_processor/plugins/experimental_annotated_stack/experimental_annotated_stack.cc
[230/417] compile ../../src/trace_processor/plugins/slice_mipmap_operator/slice_mipmap_operator.cc
[231/417] compile ../../src/trace_processor/plugins/span_join_operator/span_join_operator.cc
[232/417] compile ../../src/trace_processor/plugins/perf_text/perf_text_trace_parser.cc
[233/417] compile ../../src/trace_processor/plugins/perfetto_manifest/perfetto_manifest_reader.cc
[234/417] compile ../../src/trace_processor/plugins/span_join_operator/span_join_operator_unittest.cc
[235/417] compile ../../src/trace_processor/plugins/pprof_functions/pprof_functions.cc
[236/417] compile ../../src/trace_processor/plugins/android_job_scheduler/android_job_scheduler_tracker_unittest.cc
[237/417] compile ../../src/trace_processor/plugins/sql_stats_table/sql_stats_table.cc
[238/417] compile ../../src/trace_processor/plugins/stack_functions/stack_functions.cc
[239/417] compile ../../src/trace_processor/plugins/graph_traversal/graph_traversal.cc
[240/417] compile ../../src/trace_processor/plugins/winscope_importer/shell_transitions_tracker.cc
[241/417] compile ../../src/trace_processor/plugins/graph_scan/graph_scan.cc
[242/417] compile ../../src/trace_processor/plugins/flamegraph/flamegraph_function.cc
[243/417] compile ../../src/trace_processor/plugins/flamechart/flamechart_function.cc
[244/417] compile ../../src/trace_processor/plugins/winscope_importer/surfaceflinger_layers_parser.cc
[245/417] compile ../../src/trace_processor/plugins/experimental_slice_layout/experimental_slice_layout.cc
[246/417] compile ../../src/trace_processor/plugins/experimental_slice_layout/experimental_slice_layout_unittest.cc
[247/417] compile ../../src/trace_processor/plugins/experimental_flat_slice/experimental_flat_slice.cc
[248/417] compile ../../src/trace_processor/plugins/experimental_flat_slice/experimental_flat_slice_unittest.cc
[249/417] compile ../../src/trace_processor/plugins/args/args.cc
[250/417] compile ../../src/trace_processor/plugins/experimental_flamegraph/flamegraph_construction_algorithms.cc
[251/417] compile ../../src/trace_processor/plugins/ancestor/ancestor_unittest.cc
[252/417] compile ../../src/trace_processor/plugins/experimental_flamegraph/experimental_flamegraph.cc
[253/417] compile ../../src/trace_processor/plugins/android_job_scheduler/android_job_scheduler.cc
[254/417] compile ../../src/trace_processor/plugins/ancestor/ancestor.cc
[255/417] compile ../../src/trace_processor/trace_processor_shell.cc
[256/417] compile ../../src/trace_processor/virtual_destructors.cc
[257/417] compile ../../src/trace_processor/plugins/android_process_state/android_process_state.cc
[258/417] compile ../../src/trace_processor/read_trace.cc
[259/417] compile ../../src/trace_processor/iterator_impl.cc
[260/417] compile ../../src/trace_processor/export_json.cc
[261/417] compile ../../src/trace_processor/plugins/android_job_scheduler/android_job_scheduler_tracker.cc
[262/417] compile ../../src/trace_processor/trace_processor_storage.cc
[263/417] compile ../../src/trace_processor/trace_processor_storage_impl.cc
[264/417] compile ../../src/trace_processor/sqlite_iterator_impl.cc
[265/417] compile ../../src/trace_processor/read_trace_internal.cc
[266/417] compile ../../src/trace_processor/trace_processor_context.cc
[267/417] compile ../../src/trace_processor/forwarding_trace_parser.cc
[268/417] compile ../../src/trace_processor/trace_processor.cc
[269/417] compile ../../src/trace_processor/plugins/base64_functions/base64.cc
[270/417] compile ../../src/trace_processor/plugins/art_process_metadata_importer/art_process_metadata_importer.cc
[271/417] compile ../../src/trace_processor/plugins/android_process_state/android_process_state_module.cc
[272/417] compile ../../src/trace_processor/plugins/android_framework_track_event/android_framework_track_event.cc
[273/417] compile ../../src/trace_processor/plugins/android_process_state/android_process_state_tracker.cc
[274/417] compile ../../src/trace_processor/plugins/art_heap_graph_functions/art_heap_graph_functions.cc
[275/417] compile ../../src/trace_processor/plugins/core_functions/plugin.cc
[276/417] compile ../../src/trace_processor/plugins/art_process_metadata_importer/art_process_metadata_module.cc
[277/417] compile ../../src/trace_processor/plugins/create_function/create_function.cc
[278/417] compile ../../src/trace_processor/plugins/counter_mipmap_operator/counter_mipmap_operator.cc
[279/417] compile ../../src/trace_processor/plugins/connected_flow/connected_flow.cc
[280/417] compile ../../src/trace_processor/trace_processor_impl.cc
[281/417] compile ../../src/trace_processor/plugins/connected_flow/connected_flow_unittest.cc
[282/417] compile ../../src/trace_processor/plugins/counter_intervals/counter_intervals.cc
[283/417] compile ../../src/trace_processor/plugins/create_view_function/create_view_function.cc
[284/417] compile ../../src/trace_processor/plugins/critical_path/critical_path.cc
[285/417] compile ../../src/trace_processor/plugins/create_intervals/create_intervals.cc
[286/417] compile ../../src/trace_processor/plugins/developer_functions/dataframe_query_plan_decoder.cc
[287/417] compile ../../src/trace_processor/plugins/dfs_weight_bounded/dfs_weight_bounded.cc
[288/417] compile ../../src/trace_processor/sqlite/sqlite_utils_unittest.cc
[289/417] compile ../../src/trace_processor/plugins/descendant/descendant.cc
[290/417] compile ../../src/trace_processor/plugins/dominator_tree/dominator_tree.cc
[291/417] compile ../../src/trace_processor/plugins/descendant/descendant_unittest.cc
[292/417] compile ../../src/traceconv/deobfuscate_profile.cc
[293/417] compile ../../src/trace_processor/trace_summary/summarizer.cc
[294/417] compile ../../src/trace_processor/rpc/remote_trace_processor.cc
[295/417] compile ../../src/traceconv/trace_to_firefox.cc
[296/417] compile ../../src/trace_processor/plugins/interval_intersect/interval_intersect.cc
[297/417] compile ../../src/traceconv/symbolize_profile.cc
[298/417] compile ../../src/trace_processor/trace_summary/summary.cc
[299/417] compile ../../src/traceconv/trace_to_systrace.cc
[300/417] compile ../../src/traceconv/trace_to_json.cc
[301/417] compile ../../src/traceconv/trace_to_bundle.cc
[302/417] compile ../../src/traceconv/trace_to_profile.cc
[303/417] compile ../../src/trace_processor/storage/trace_storage.cc
[304/417] compile ../../src/trace_processor/plugins/strace/strace.cc
[305/417] compile ../../src/trace_processor/plugins/stdlib_docs/stdlib_docs.cc
[306/417] compile ../../src/trace_processor/plugins/stack_sample_importer/plugin.cc
[307/417] compile ../../src/trace_processor/plugins/string_functions/replace_numbers_function.cc
[308/417] compile ../../src/trace_processor/plugins/string_functions/sqlite3_str_split.cc
[309/417] compile ../../src/trace_processor/plugins/storage_tables/storage_tables.cc
[310/417] compile ../../src/trace_processor/plugins/stack_sample_importer/module.cc
[311/417] compile ../../src/trace_processor/plugins/strace/strace_trace_tokenizer.cc
[312/417] compile ../../src/trace_processor/plugins/symbolize/symbolize.cc
[313/417] compile ../../src/trace_processor/plugins/strace/strace_trace_parser.cc
[314/417] compile ../../src/trace_processor/plugins/string_functions/sqlite3_str_split_unittest.cc
[315/417] compile ../../src/trace_processor/plugins/strace/strace_trace_tokenizer_unittest.cc
[316/417] compile ../../src/trace_processor/plugins/trace_export/trace_export.cc
[317/417] compile ../../src/trace_processor/plugins/table_pointer_module/table_pointer_module.cc
[318/417] compile ../../src/trace_processor/plugins/structural_tree_partition/structural_tree_partition.cc
[319/417] compile ../../src/trace_processor/plugins/trace_export/perfetto_export_manifest.cc
[320/417] compile ../../src/trace_processor/plugins/table_info/table_info.cc
[321/417] compile ../../src/trace_processor/plugins/time_functions/plugin.cc
[322/417] compile ../../src/trace_processor/plugins/trace_export/perfetto_export_reader.cc
[323/417] compile ../../src/trace_processor/plugins/to_ftrace/to_ftrace.cc
[324/417] compile ../../src/trace_processor/plugins/utils_functions/utils_functions.cc
[325/417] compile ../../src/trace_processor/plugins/tree_functions/tree_conversion.cc
[326/417] compile ../../src/trace_processor/plugins/type_builder_functions/type_builders.cc
[327/417] compile ../../src/trace_processor/plugins/video_frame_importer/video_frame_importer.cc
[328/417] compile ../../src/trace_processor/plugins/wattson/table_function.cc
[329/417] compile ../../src/trace_processor/plugins/wattson/plugin.cc
[330/417] compile ../../src/trace_processor/plugins/window_operator/window_operator.cc
[331/417] compile ../../src/trace_processor/plugins/video_frame_importer/video_frame_module.cc
[332/417] compile ../../src/trace_processor/plugins/winscope_importer/protolog_message_decoder.cc
[333/417] compile ../../src/trace_processor/plugins/video_frame_importer/video_frame_module_unittest.cc
[334/417] compile ../../src/trace_processor/importers/systrace/systrace_parser_unittest.cc
[335/417] compile ../../src/trace_processor/metrics/metrics.cc
[336/417] compile ../../src/trace_processor/perfetto_sql/engine/connection_catalog.cc
[337/417] compile ../../src/trace_processor/perfetto_sql/engine/created_function.cc
[338/417] compile ../../src/trace_processor/plugins/winscope_importer/android_input_event_parser.cc
[339/417] compile ../../src/trace_processor/plugins/winscope_importer/shell_transitions_parser.cc
[340/417] compile ../../src/trace_processor/plugins/winscope_importer/protolog_parser.cc
[341/417] compile ../../src/trace_processor/metrics/metrics_unittest.cc
[342/417] compile ../../src/trace_processor/perfetto_sql/engine/perfetto_sql_database.cc
[343/417] compile ../../src/trace_processor/perfetto_sql/engine/static_table_function_module.cc
[344/417] compile ../../src/trace_processor/perfetto_sql/engine/perfetto_sql_connection.cc
[345/417] compile ../../src/trace_processor/perfetto_sql/engine/runtime_table_function.cc
[346/417] compile ../../src/trace_processor/perfetto_sql/engine/pipeline_module.cc
[347/417] compile ../../src/trace_processor/perfetto_sql/parser/function_util.cc
[348/417] compile ../../src/trace_processor/perfetto_sql/engine/connection_catalog_unittest.cc
[349/417] compile ../../src/trace_processor/perfetto_sql/engine/dataframe_module.cc
[350/417] compile ../../src/trace_processor/perfetto_sql/engine/perfetto_sql_connection_unittest.cc
[351/417] compile ../../src/trace_processor/perfetto_sql/parser/perfetto_sql_parser.cc
[352/417] compile ../../src/trace_processor/perfetto_sql/pipeline/compiler.cc
[353/417] compile ../../src/trace_processor/util/sql_argument.cc
[354/417] compile ../../src/trace_processor/perfetto_sql/pipeline/plan_serialization_unittest.cc
[355/417] compile ../../src/trace_processor/util/annotated_callsites.cc
[356/417] compile ../../src/trace_processor/perfetto_sql/pipeline/physical_plan_unittest.cc
[357/417] compile ../../src/trace_processor/perfetto_sql/parser/perfetto_sql_parser_unittest.cc
[358/417] compile ../../src/trace_processor/util/sql_argument_unittest.cc
[359/417] compile ../../src/trace_processor/util/profiler_util.cc
[360/417] compile ../../src/trace_processor/util/trace_enrichment/trace_enrichment.cc
[361/417] compile ../../src/trace_processor/util/symbolizer/symbolize_database.cc
[362/417] compile ../../src/trace_processor/util/profile_builder.cc
[363/417] compile ../../src/trace_processor/util/symbolizer/symbolize_database_unittest.cc
[364/417] compile ../../src/trace_processor/util/proto_to_args_parser_unittest.cc
[365/417] compile ../../src/trace_processor/plugins/winscope_importer/surfaceflinger_layers_rect_computation.cc
[366/417] compile ../../src/trace_processor/plugins/winscope_importer/viewcapture_rect_computation.cc
[367/417] compile ../../src/trace_processor/plugins/winscope_importer/surfaceflinger_transactions_parser.cc
[368/417] compile ../../src/trace_processor/plugins/winscope_importer/winscope_transform_tracker.cc
[369/417] compile ../../src/trace_processor/plugins/winscope_importer/viewcapture_args_parser.cc
[370/417] compile ../../src/trace_processor/plugins/winscope_importer/viewcapture_parser.cc
[371/417] compile ../../src/trace_processor/plugins/winscope_importer/winscope_rect_tracker.cc
[372/417] compile ../../src/trace_processor/plugins/winscope_importer/windowmanager_parser.cc
[373/417] compile ../../src/trace_processor/plugins/zstd_functions/zstd.cc
[374/417] compile ../../src/trace_processor/rpc/query_result_deserializer.cc
[375/417] compile ../../src/trace_processor/plugins/winscope_importer/winscope_importer.cc
[376/417] compile ../../src/trace_processor/rpc/httpd.cc
[377/417] compile ../../src/traceconv/utils.cc
[378/417] compile ../../src/trace_processor/rpc/rpc.cc
[379/417] compile ../../src/trace_processor/plugins/winscope_importer/winscope_module.cc
[380/417] compile ../../src/trace_processor/rpc/stdiod.cc
[381/417] compile ../../src/trace_processor/rpc/query_result_serializer.cc
[382/417] compile ../../src/trace_processor/plugins/winscope_surfaceflinger_hierarchy_paths/winscope_surfaceflinger_hierarchy_paths.cc
[383/417] compile ../../src/trace_processor/rpc/unixd.cc
[384/417] compile ../../src/trace_processor/shell/shell_utils.cc
[385/417] compile ../../src/trace_processor/util/args_utils.cc
[386/417] compile ../../src/trace_processor/plugins/winscope_proto_to_args_with_defaults/winscope_proto_to_args_with_defaults.cc
[387/417] compile ../../src/trace_processor/rpc/rpc_unittest.cc
[388/417] compile ../../src/trace_processor/shell/interactive_subcommand.cc
[389/417] compile ../../src/trace_processor/rpc/query_result_serializer_unittest.cc
[390/417] compile ../../src/trace_processor/shell/export_subcommand.cc
[391/417] compile ../../src/trace_processor/shell/interactive.cc
[392/417] compile ../../src/trace_processor/shell/shell_utils_unittest.cc
[393/417] compile ../../src/trace_processor/shell/subcommand_flags_unittest.cc
[394/417] compile ../../src/trace_processor/shell/query.cc
[395/417] compile ../../src/trace_processor/trace_summary/summarizer_unittest.cc
[396/417] compile ../../src/trace_processor/shell/util_subcommand.cc
[397/417] compile ../../src/trace_processor/shell/server_subcommand.cc
[398/417] compile ../../src/trace_processor/shell/query_subcommand.cc
[399/417] compile ../../src/trace_processor/shell/metatrace.cc
[400/417] compile ../../src/trace_processor/shell/convert_subcommand.cc
[401/417] compile ../../src/trace_processor/shell/sql_packages.cc
[402/417] compile ../../src/trace_processor/shell/bundle_subcommand.cc
[403/417] compile ../../src/trace_processor/shell/metrics_subcommand.cc
[404/417] compile ../../src/trace_processor/sqlite/sqlite_export.cc
[405/417] compile ../../src/trace_processor/sqlite/sqlite_utils.cc
[406/417] compile ../../src/trace_processor/shell/metrics.cc
[407/417] compile ../../src/trace_processor/shell/summarize_subcommand.cc
[408/417] compile ../../src/trace_processor/shell/common_flags.cc
[409/417] compile ../../src/traceconv/pprof_builder.cc
[410/417] compile ../../src/trace_processor/sorter/trace_sorter.cc
[411/417] compile ../../src/trace_processor/sorter/trace_token_buffer_unittest.cc
[412/417] compile ../../src/trace_processor/sorter/trace_sorter_unittest.cc
[413/417] compile ../../src/trace_processor/util/json_args.cc
[414/417] link libtrace_processor_shell_lib.a
[415/417] link ./trace_processor_shell
[416/417] link ./perfetto_trace_processor_unittests
[417/417] link ./perfetto_unittests
ninja: Entering directory `out/mac_debug'
[1/4] compile ../../src/trace_processor/importers/proto/track_event_parser.cc
[2/4] compile ../../src/trace_processor/streaming_tables_unittest.cc
[3/4] link ./perfetto_trace_processor_unittests
[4/4] link ./perfetto_unittests
