ninja: Entering directory `out/mac_debug'
[0/1] Regenerating ninja files
[1/386] compile ../../src/trace_processor/util/args_utils.cc
[2/386] compile ../../src/trace_processor/util/profiler_util.cc
[3/386] compile ../../src/trace_processor/util/annotated_callsites.cc
[4/386] compile ../../src/trace_processor/util/json_args.cc
[5/386] compile ../../src/trace_processor/plugins/zstd_functions/zstd.cc
[6/386] compile ../../src/trace_processor/util/profile_builder.cc
[7/386] compile ../../src/trace_processor/util/proto_to_args_parser_unittest.cc
[8/386] compile ../../src/trace_processor/rpc/query_result_serializer.cc
[9/386] compile ../../src/trace_processor/plugins/winscope_surfaceflinger_hierarchy_paths/winscope_surfaceflinger_hierarchy_paths.cc
[10/386] compile ../../src/trace_processor/sorter/trace_token_buffer_unittest.cc
[11/386] compile ../../src/trace_processor/plugins/winscope_proto_to_args_with_defaults/winscope_proto_to_args_with_defaults.cc
[12/386] compile ../../src/trace_processor/plugins/symbolize/symbolize.cc
[13/386] compile ../../src/trace_processor/sorter/trace_sorter_unittest.cc
[14/386] compile ../../src/trace_processor/storage/trace_storage.cc
[15/386] compile ../../src/trace_processor/sorter/trace_sorter.cc
[16/386] compile ../../src/trace_processor/plugins/trace_export/trace_export.cc
[17/386] compile ../../src/trace_processor/plugins/table_pointer_module/table_pointer_module.cc
[18/386] compile ../../src/trace_processor/plugins/structural_tree_partition/structural_tree_partition.cc
[19/386] compile ../../src/trace_processor/plugins/table_info/table_info.cc
[20/386] compile ../../src/trace_processor/plugins/time_functions/plugin.cc
[21/386] compile ../../src/trace_processor/plugins/trace_export/perfetto_export_manifest.cc
[22/386] compile ../../src/trace_processor/plugins/to_ftrace/to_ftrace.cc
[23/386] compile ../../src/trace_processor/plugins/trace_export/perfetto_export_reader.cc
[24/386] compile ../../src/trace_processor/plugins/utils_functions/utils_functions.cc
[25/386] compile ../../src/trace_processor/plugins/tree_functions/tree_conversion.cc
[26/386] compile ../../src/trace_processor/plugins/type_builder_functions/type_builders.cc
[27/386] compile ../../src/trace_processor/plugins/video_frame_importer/video_frame_importer.cc
[28/386] compile ../../src/trace_processor/plugins/wattson/table_function.cc
[29/386] compile ../../src/trace_processor/plugins/wattson/plugin.cc
[30/386] compile ../../src/trace_processor/plugins/window_operator/window_operator.cc
[31/386] compile ../../src/trace_processor/plugins/video_frame_importer/video_frame_module_unittest.cc
[32/386] compile ../../src/trace_processor/plugins/video_frame_importer/video_frame_module.cc
[33/386] compile ../../src/trace_processor/plugins/winscope_importer/protolog_message_decoder.cc
[34/386] compile ../../src/trace_processor/plugins/winscope_importer/surfaceflinger_layers_parser.cc
[35/386] compile ../../src/trace_processor/plugins/winscope_importer/surfaceflinger_transactions_parser.cc
[36/386] compile ../../src/trace_processor/plugins/winscope_importer/android_input_event_parser.cc
[37/386] compile ../../src/trace_processor/plugins/winscope_importer/protolog_parser.cc
[38/386] compile ../../src/trace_processor/plugins/winscope_importer/shell_transitions_tracker.cc
[39/386] compile ../../src/trace_processor/plugins/winscope_importer/shell_transitions_parser.cc
[40/386] compile ../../src/trace_processor/plugins/winscope_importer/surfaceflinger_layers_rect_computation.cc
[41/386] compile ../../src/trace_processor/plugins/winscope_importer/viewcapture_rect_computation.cc
[42/386] compile ../../src/trace_processor/plugins/winscope_importer/winscope_transform_tracker.cc
[43/386] compile ../../src/trace_processor/plugins/winscope_importer/viewcapture_args_parser.cc
[44/386] compile ../../src/trace_processor/plugins/winscope_importer/viewcapture_parser.cc
[45/386] compile ../../src/trace_processor/plugins/winscope_importer/windowmanager_parser.cc
[46/386] compile ../../src/trace_processor/plugins/winscope_importer/winscope_rect_tracker.cc
[47/386] compile ../../src/trace_processor/plugins/flamechart/flamechart.cc
[48/386] compile ../../src/trace_processor/plugins/winscope_importer/winscope_importer.cc
[49/386] compile ../../src/trace_processor/plugins/experimental_slice_layout/experimental_slice_layout_unittest.cc
[50/386] compile ../../src/trace_processor/plugins/winscope_importer/winscope_module.cc
[51/386] compile ../../src/trace_processor/plugins/experimental_slice_layout/experimental_slice_layout.cc
[52/386] compile ../../src/trace_processor/plugins/flamechart/flamechart_function.cc
[53/386] compile ../../src/trace_processor/plugins/import/import.cc
[54/386] compile ../../src/trace_processor/plugins/graph_traversal/graph_traversal.cc
[55/386] compile ../../src/trace_processor/plugins/math_functions/math.cc
[56/386] compile ../../src/trace_processor/plugins/flamegraph/flamegraph_function.cc
[57/386] compile ../../src/trace_processor/plugins/graph_scan/graph_scan.cc
[58/386] compile ../../src/trace_processor/plugins/flamechart/flamechart_unittest.cc
[59/386] compile ../../src/trace_processor/plugins/layout_functions/layout_functions.cc
[60/386] compile ../../src/trace_processor/plugins/metadata/metadata.cc
[61/386] compile ../../src/trace_processor/plugins/interval_intersect/interval_intersect.cc
[62/386] compile ../../src/trace_processor/plugins/package_lookup/package_lookup.cc
[63/386] compile ../../src/trace_processor/plugins/perf_counter/perf_counter.cc
[64/386] compile ../../src/trace_processor/plugins/perf_text/perf_text.cc
[65/386] compile ../../src/trace_processor/plugins/perf_text/perf_text_trace_tokenizer.cc
[66/386] compile ../../src/trace_processor/plugins/slice_mipmap_operator/slice_mipmap_operator.cc
[67/386] compile ../../src/trace_processor/plugins/span_join_operator/span_join_operator.cc
[68/386] compile ../../src/trace_processor/plugins/perfetto_manifest/perfetto_manifest_reader.cc
[69/386] compile ../../src/trace_processor/plugins/perf_text/perf_text_trace_parser.cc
[70/386] compile ../../src/trace_processor/plugins/span_join_operator/span_join_operator_unittest.cc
[71/386] compile ../../src/trace_processor/plugins/pprof_functions/pprof_functions.cc
[72/386] compile ../../src/trace_processor/plugins/sql_stats_table/sql_stats_table.cc
[73/386] compile ../../src/trace_processor/plugins/stdlib_docs/stdlib_docs.cc
[74/386] compile ../../src/trace_processor/plugins/stack_functions/stack_functions.cc
[75/386] compile ../../src/trace_processor/plugins/stack_sample_importer/plugin.cc
[76/386] compile ../../src/trace_processor/plugins/strace/strace.cc
[77/386] compile ../../src/trace_processor/plugins/storage_tables/storage_tables.cc
[78/386] compile ../../src/trace_processor/plugins/stack_sample_importer/module.cc
[79/386] compile ../../src/trace_processor/plugins/string_functions/replace_numbers_function.cc
[80/386] compile ../../src/trace_processor/plugins/strace/strace_trace_tokenizer.cc
[81/386] compile ../../src/trace_processor/plugins/strace/strace_trace_tokenizer_unittest.cc
[82/386] compile ../../src/trace_processor/plugins/string_functions/sqlite3_str_split_unittest.cc
[83/386] compile ../../src/trace_processor/plugins/strace/strace_trace_parser.cc
[84/386] compile ../../src/trace_processor/plugins/android_job_scheduler/android_job_scheduler.cc
[85/386] compile ../../src/trace_processor/plugins/art_process_metadata_importer/art_process_metadata_importer.cc
[86/386] compile ../../src/trace_processor/plugins/android_job_scheduler/android_job_scheduler_tracker.cc
[87/386] compile ../../src/trace_processor/plugins/android_job_scheduler/android_job_scheduler_tracker_unittest.cc
[88/386] compile ../../src/trace_processor/plugins/android_process_state/android_process_state.cc
[89/386] compile ../../src/trace_processor/plugins/android_process_state/android_process_state_module.cc
[90/386] compile ../../src/trace_processor/plugins/base64_functions/base64.cc
[91/386] compile ../../src/trace_processor/plugins/args/args.cc
[92/386] compile ../../src/trace_processor/plugins/art_heap_graph_functions/art_heap_graph_functions.cc
[93/386] compile ../../src/trace_processor/plugins/android_process_state/android_process_state_tracker.cc
[94/386] compile ../../src/trace_processor/plugins/core_functions/plugin.cc
[95/386] compile ../../src/trace_processor/plugins/connected_flow/connected_flow.cc
[96/386] compile ../../src/trace_processor/plugins/create_function/create_function.cc
[97/386] compile ../../src/trace_processor/plugins/art_process_metadata_importer/art_process_metadata_module.cc
[98/386] compile ../../src/trace_processor/plugins/connected_flow/connected_flow_unittest.cc
[99/386] compile ../../src/trace_processor/plugins/counter_intervals/counter_intervals.cc
[100/386] compile ../../src/trace_processor/plugins/counter_mipmap_operator/counter_mipmap_operator.cc
[101/386] compile ../../src/trace_processor/plugins/create_view_function/create_view_function.cc
[102/386] compile ../../src/trace_processor/plugins/critical_path/critical_path.cc
[103/386] compile ../../src/trace_processor/plugins/create_intervals/create_intervals.cc
[104/386] compile ../../src/trace_processor/plugins/developer_functions/dataframe_query_plan_decoder.cc
[105/386] compile ../../src/trace_processor/plugins/descendant/descendant.cc
[106/386] compile ../../src/trace_processor/plugins/dfs_weight_bounded/dfs_weight_bounded.cc
[107/386] compile ../../src/trace_processor/plugins/dominator_tree/dominator_tree.cc
[108/386] compile ../../src/trace_processor/plugins/descendant/descendant_unittest.cc
[109/386] compile ../../src/trace_processor/plugins/experimental_annotated_stack/experimental_annotated_stack.cc
[110/386] compile ../../src/trace_processor/plugins/experimental_flat_slice/experimental_flat_slice_unittest.cc
[111/386] compile ../../src/trace_processor/plugins/experimental_flat_slice/experimental_flat_slice.cc
[112/386] compile ../../src/trace_processor/plugins/experimental_flamegraph/experimental_flamegraph.cc
[113/386] compile ../../src/trace_processor/plugins/ancestor/ancestor.cc
[114/386] compile ../../src/trace_processor/plugins/experimental_flamegraph/flamegraph_construction_algorithms.cc
[115/386] compile ../../src/trace_processor/perfetto_sql/engine/connection_catalog.cc
[116/386] compile ../../src/trace_processor/perfetto_sql/engine/created_function.cc
[117/386] compile ../../src/trace_processor/plugins/ancestor/ancestor_unittest.cc
[118/386] compile ../../src/trace_processor/perfetto_sql/engine/perfetto_sql_database.cc
[119/386] compile ../../src/trace_processor/perfetto_sql/engine/sqlite_dataframe_builder.cc
[120/386] compile ../../src/trace_processor/perfetto_sql/engine/pipeline_module.cc
[121/386] compile ../../src/trace_processor/perfetto_sql/engine/perfetto_sql_connection.cc
[122/386] compile ../../src/trace_processor/perfetto_sql/engine/runtime_table_function.cc
[123/386] compile ../../src/trace_processor/perfetto_sql/engine/static_table_function_module.cc
[124/386] compile ../../src/trace_processor/perfetto_sql/engine/dataframe_module.cc
[125/386] compile ../../src/trace_processor/perfetto_sql/pipeline/catalog.cc
[126/386] compile ../../src/trace_processor/perfetto_sql/parser/perfetto_sql_parser.cc
[127/386] compile ../../src/trace_processor/perfetto_sql/engine/connection_catalog_unittest.cc
[128/386] compile ../../src/trace_processor/perfetto_sql/pipeline/pipeline_sql.cc
[129/386] compile ../../src/trace_processor/perfetto_sql/engine/perfetto_sql_connection_unittest.cc
[130/386] compile ../../src/trace_processor/perfetto_sql/pipeline/compiler.cc
[131/386] compile ../../src/trace_processor/perfetto_sql/pipeline/plan_serialization.cc
[132/386] compile ../../src/trace_processor/perfetto_sql/parser/perfetto_sql_parser_unittest.cc
[133/386] compile ../../src/trace_processor/perfetto_sql/pipeline/plan_serialization_unittest.cc
[134/386] compile ../../src/trace_processor/perfetto_sql/pipeline/physical_plan_unittest.cc
[135/386] compile ../../src/trace_processor/importers/proto/android_kernel_wakelocks_state.cc
[136/386] compile ../../src/trace_processor/importers/proto/android_cpu_per_uid_state.cc
[137/386] compile ../../src/trace_processor/plugins/android_framework_track_event/android_framework_track_event.cc
[138/386] compile ../../src/trace_processor/importers/proto/android_cpu_per_uid_module.cc
[139/386] compile ../../src/trace_processor/importers/proto/android_kernel_wakelocks_module.cc
[140/386] compile ../../src/trace_processor/importers/proto/android_probes_tracker.cc
[141/386] compile ../../src/trace_processor/importers/proto/android_probes_module.cc
[142/386] compile ../../src/trace_processor/importers/proto/content_analyzer.cc
[143/386] compile ../../src/trace_processor/importers/proto/additional_modules.cc
[144/386] compile ../../src/trace_processor/importers/proto/deobfuscation_module.cc
[145/386] compile ../../src/trace_processor/importers/proto/android_probes_parser.cc
[146/386] compile ../../src/trace_processor/importers/proto/deobfuscation_tracker.cc
[147/386] compile ../../src/trace_processor/importers/proto/gpu_counter_sequence_state.cc
[148/386] compile ../../src/trace_processor/importers/proto/frame_timeline_event_parser.cc
[149/386] compile ../../src/trace_processor/importers/proto/graphics_frame_event_parser.cc
[150/386] compile ../../src/trace_processor/importers/proto/graphics_event_module.cc
[151/386] compile ../../src/trace_processor/importers/proto/gpu_event_parser.cc
[152/386] compile ../../src/trace_processor/importers/proto/heap_graph_module.cc
[153/386] compile ../../src/trace_processor/importers/proto/heap_graph_tracker.cc
[154/386] compile ../../src/trace_processor/importers/proto/jit_tracker.cc
[155/386] compile ../../src/trace_processor/importers/proto/linux_probes_module.cc
[156/386] compile ../../src/trace_processor/importers/proto/pixel_modem_module.cc
[157/386] compile ../../src/trace_processor/importers/proto/linux_probes_parser.cc
[158/386] compile ../../src/trace_processor/importers/proto/metadata_module.cc
[159/386] compile ../../src/trace_processor/importers/proto/system_probes_module.cc
[160/386] compile ../../src/trace_processor/importers/proto/pixel_modem_parser.cc
[161/386] compile ../../src/trace_processor/importers/proto/profile_module.cc
[162/386] compile ../../src/trace_processor/importers/proto/statsd_module.cc
[163/386] compile ../../src/trace_processor/importers/proto/v8_sequence_state.cc
[164/386] compile ../../src/trace_processor/importers/proto/translation_table_module.cc
[165/386] compile ../../src/trace_processor/importers/proto/system_probes_parser.cc
[166/386] compile ../../src/trace_processor/importers/proto/v8_module.cc
[167/386] compile ../../src/trace_processor/importers/proto/vulkan_memory_tracker.cc
[168/386] compile ../../src/trace_processor/importers/proto/chrome_string_lookup.cc
[169/386] compile ../../src/trace_processor/importers/proto/active_chrome_processes_tracker.cc
[170/386] compile ../../src/trace_processor/importers/proto/v8_tracker.cc
[171/386] compile ../../src/trace_processor/importers/proto/chrome_system_probes_module.cc
[172/386] compile ../../src/trace_processor/importers/proto/app_wakelock_module.cc
[173/386] compile ../../src/trace_processor/importers/proto/args_parser.cc
[174/386] compile ../../src/trace_processor/importers/proto/incremental_state.cc
[175/386] compile ../../src/trace_processor/importers/proto/chrome_system_probes_parser.cc
[176/386] compile ../../src/trace_processor/importers/proto/concurrent_sessions_module.cc
[177/386] compile ../../src/trace_processor/importers/proto/metadata_minimal_module.cc
[178/386] compile ../../src/trace_processor/importers/proto/default_modules.cc
[179/386] compile ../../src/trace_processor/importers/proto/packet_analyzer.cc
[180/386] compile ../../src/trace_processor/importers/proto/network_trace_module.cc
[181/386] compile ../../src/trace_processor/importers/proto/memory_tracker_snapshot_module.cc
[182/386] compile ../../src/trace_processor/importers/proto/memory_tracker_snapshot_parser.cc
[183/386] compile ../../src/trace_processor/importers/proto/packet_sequence_state_generation.cc
[184/386] compile ../../src/trace_processor/importers/proto/perf_sample_tracker.cc
[185/386] compile ../../src/trace_processor/importers/proto/profile_packet_utils.cc
[186/386] compile ../../src/trace_processor/importers/proto/profile_packet_sequence_state.cc
[187/386] compile ../../src/trace_processor/importers/proto/tracing_service_module.cc
[188/386] compile ../../src/trace_processor/importers/proto/protovm_incremental_tracing.cc
[189/386] compile ../../src/trace_processor/importers/proto/proto_trace_parser_impl.cc
[190/386] compile ../../src/trace_processor/importers/proto/stack_profile_sequence_state.cc
[191/386] compile ../../src/trace_processor/importers/proto/proto_trace_reader.cc
[192/386] compile ../../src/trace_processor/importers/proto/track_event_arg_fields.cc
[193/386] compile ../../src/trace_processor/importers/proto/track_event_extension_parser.cc
[194/386] compile ../../src/trace_processor/importers/proto/track_event_module.cc
[195/386] compile ../../src/trace_processor/importers/proto/user_tracker.cc
[196/386] compile ../../src/trace_processor/importers/proto/track_event_tokenizer.cc
[197/386] compile ../../src/trace_processor/importers/proto/track_event_parser.cc
[198/386] compile ../../src/trace_processor/importers/proto/track_event_tracker.cc
[199/386] compile ../../src/trace_processor/importers/proto/proto_importer_module.cc
[200/386] compile ../../src/trace_processor/importers/proto/heap_graph_tracker_unittest.cc
[201/386] compile ../../src/trace_processor/importers/proto/chrome_string_lookup_unittest.cc
[202/386] compile ../../src/trace_processor/importers/proto/active_chrome_processes_tracker_unittest.cc
[203/386] compile ../../src/trace_processor/importers/proto/jit_tracker_unittest.cc
[204/386] compile ../../src/trace_processor/importers/proto/packet_sequence_state_generation_unittest.cc
[205/386] compile ../../src/trace_processor/importers/proto/profile_packet_sequence_state_unittest.cc
[206/386] compile ../../src/trace_processor/importers/proto/perf_sample_tracker_unittest.cc
[207/386] compile ../../src/trace_processor/importers/proto/network_trace_module_unittest.cc
[208/386] compile ../../src/trace_processor/importers/proto/proto_trace_reader_unittest.cc
[209/386] compile ../../src/trace_processor/importers/systrace/systrace_line_parser.cc
[210/386] compile ../../src/trace_processor/importers/proto/proto_trace_parser_impl_unittest.cc
[211/386] compile ../../src/trace_processor/importers/syscalls/syscall_tracker.cc
[212/386] compile ../../src/trace_processor/importers/simpleperf_proto/simpleperf_proto_parser.cc
[213/386] compile ../../src/trace_processor/importers/simpleperf_proto/simpleperf_proto_tokenizer.cc
[214/386] compile ../../src/trace_processor/importers/systrace/systrace_parser_unittest.cc
[215/386] compile ../../src/trace_processor/metrics/metrics.cc
[216/386] compile ../../src/trace_processor/metrics/metrics_unittest.cc
[217/386] compile ../../src/trace_processor/importers/systrace/systrace_trace_parser.cc
[218/386] compile ../../src/trace_processor/importers/systrace/systrace_parser.cc
[219/386] compile ../../src/trace_processor/importers/syscalls/syscall_tracker_unittest.cc
[220/386] compile ../../src/trace_processor/core/dataframe/adhoc_dataframe_builder_unittest.cc
[221/386] compile ../../src/trace_processor/core/dataframe/arrow_serializer_unittest.cc
[222/386] compile ../../src/trace_processor/core/dataframe/query_plan.cc
[223/386] compile ../../src/trace_processor/core/dataframe/arrow_deserializer_unittest.cc
[224/386] compile ../../src/trace_processor/core/exec/dataframe_scan.cc
[225/386] compile ../../src/trace_processor/core/dataframe/typed_cursor.cc
[226/386] compile ../../src/trace_processor/core/exec/dataframe_scan_unittest.cc
[227/386] compile ../../src/trace_processor/core/dataframe/dataframe.cc
[228/386] compile ../../src/trace_processor/core/dataframe/bytecode_lowering.cc
[229/386] compile ../../src/trace_processor/core/dataframe/arrow_serializer.cc
[230/386] compile ../../src/trace_processor/core/dataframe/arrow_deserializer.cc
[231/386] compile ../../src/trace_processor/importers/android_bugreport/android_log_event_parser.cc
[232/386] compile ../../src/trace_processor/core/dataframe/dataframe_unittest.cc
[233/386] compile ../../src/trace_processor/core/dataframe/adhoc_dataframe_builder.cc
[234/386] compile ../../src/trace_processor/importers/android_bugreport/android_bugreport_reader.cc
[235/386] compile ../../src/trace_processor/importers/android_bugreport/android_battery_stats_reader.cc
[236/386] compile ../../src/trace_processor/importers/android_bugreport/android_dumpstate_reader.cc
[237/386] compile ../../src/trace_processor/importers/android_bugreport/android_battery_stats_history_string_tracker.cc
[238/386] compile ../../src/trace_processor/core/dataframe/dataframe_concurrency_unittest.cc
[239/386] compile ../../src/trace_processor/importers/android_bugreport/android_dumpstate_event_parser.cc
[240/386] compile ../../src/trace_processor/core/tree/tree_from_dataframe.cc
[241/386] compile ../../src/trace_processor/core/dataframe/runtime_dataframe_builder_unittest.cc
[242/386] compile ../../src/trace_processor/core/tree/tree_algorithms_unittest.cc
[243/386] compile ../../src/trace_processor/core/exec/tree_number_nodes_unittest.cc
[244/386] compile ../../src/trace_processor/core/exec/tree_order_unittest.cc
[245/386] compile ../../src/trace_processor/importers/ftrace/drm_tracker.cc
[246/386] compile ../../src/trace_processor/forwarding_trace_parser_unittest.cc
[247/386] compile ../../src/trace_processor/importers/ftrace/binder_tracker.cc
[248/386] compile ../../src/trace_processor/importers/ftrace/binder_tracker_unittest.cc
[249/386] compile ../../src/trace_processor/importers/ftrace/ftrace_module_impl.cc
[250/386] compile ../../src/trace_processor/importers/pprof/pprof_trace_reader.cc
[251/386] compile ../../src/trace_processor/importers/ftrace/ftrace_parser.cc
[252/386] compile ../../src/trace_processor/streaming_tables_unittest.cc
../../src/trace_processor/streaming_tables_unittest.cc:247:22: warning: implicit conversion changes signedness: 'int32_t' (aka 'int') to 'uint32_t' (aka 'unsigned int') [-Wsign-conversion]
  247 |       event->set_pid(static_cast<int32_t>(i < 4 ? 0 : 1 + cpu));
      |              ~~~~~~~ ^~~~~~~~~~~~~~~~~~~~~~~~~~~~~~~~~~~~~~~~~
1 warning generated.
[253/386] compile ../../src/trace_processor/importers/gecko/gecko_trace_parser.cc
[254/386] compile ../../src/trace_processor/export_json_unittest.cc
[255/386] compile ../../src/trace_processor/importers/ftrace/ftrace_tokenizer.cc
[256/386] compile ../../src/trace_processor/importers/ftrace/ftrace_sched_event_tracker.cc
[257/386] compile ../../src/trace_processor/importers/fuchsia/fuchsia_parser_unittest.cc
[258/386] compile ../../src/trace_processor/importers/ftrace/generic_ftrace_tracker.cc
[259/386] compile ../../src/trace_processor/importers/ftrace/gpu_work_period_tracker.cc
[260/386] compile ../../src/trace_processor/importers/ftrace/ftrace_module.cc
[261/386] compile ../../src/trace_processor/importers/ftrace/mali_gpu_event_tracker.cc
[262/386] compile ../../src/trace_processor/importers/ftrace/virtio_video_tracker.cc
[263/386] compile ../../src/trace_processor/importers/ftrace/virtio_gpu_tracker.cc
[264/386] compile ../../src/trace_processor/importers/ftrace/rss_stat_tracker.cc
[265/386] compile ../../src/trace_processor/importers/ftrace/pixel_display_tracker.cc
[266/386] compile ../../src/trace_processor/importers/ftrace/thermal_tracker.cc
[267/386] compile ../../src/trace_processor/importers/ftrace/iostat_tracker.cc
[268/386] compile ../../src/trace_processor/importers/fuchsia/fuchsia_trace_utils_unittest.cc
[269/386] compile ../../src/trace_processor/importers/ftrace/v4l2_tracker.cc
[270/386] compile ../../src/trace_processor/importers/generic_kernel/generic_kernel_module.cc
[271/386] compile ../../src/trace_processor/importers/ftrace/pkvm_hyp_cpu_tracker.cc
[272/386] compile ../../src/trace_processor/importers/ftrace/pixel_mm_kswapd_event_tracker.cc
[273/386] compile ../../src/trace_processor/importers/gecko/gecko_trace_tokenizer.cc
[274/386] compile ../../src/trace_processor/importers/fuchsia/fuchsia_trace_utils.cc
[275/386] compile ../../src/trace_processor/importers/i2c/i2c_tracker.cc
[276/386] compile ../../src/trace_processor/importers/generic_kernel/generic_kernel_parser.cc
[277/386] compile ../../src/trace_processor/importers/instruments/instruments_xml_tokenizer.cc
[278/386] compile ../../src/trace_processor/importers/instruments/row_parser.cc
[279/386] compile ../../src/trace_processor/importers/fuchsia/fuchsia_trace_tokenizer.cc
[280/386] compile ../../src/trace_processor/importers/fuchsia/fuchsia_trace_parser.cc
[281/386] compile ../../src/trace_processor/importers/ftrace/ftrace_sched_event_tracker_unittest.cc
[282/386] compile ../../src/trace_processor/importers/json/json_trace_tokenizer.cc
[283/386] compile ../../src/trace_processor/importers/json/json_trace_tokenizer_unittest.cc
[284/386] compile ../../src/trace_processor/importers/json/json_trace_parser.cc
[285/386] compile ../../src/trace_processor/importers/ninja/ninja_log_parser.cc
[286/386] compile ../../src/trace_processor/importers/perf/aux_record.cc
[287/386] compile ../../src/trace_processor/importers/perf/aux_data_tokenizer.cc
[288/386] compile ../../src/trace_processor/importers/perf/auxtrace_info_record.cc
[289/386] compile ../../src/trace_processor/importers/perf/auxtrace_record.cc
[290/386] compile ../../src/trace_processor/importers/perf/aux_stream_manager.cc
[291/386] compile ../../src/trace_processor/importers/perf/itrace_start_record.cc
[292/386] compile ../../src/trace_processor/importers/perf/mmap_record.cc
[293/386] compile ../../src/trace_processor/importers/perf/sample.cc
[294/386] compile ../../src/trace_processor/importers/perf/perf_tracker.cc
[295/386] compile ../../src/trace_processor/importers/perf/sample_id.cc
[296/386] compile ../../src/trace_processor/importers/perf/perf_data_tokenizer.cc
[297/386] compile ../../src/trace_processor/importers/perf/record_parser.cc
[298/386] compile ../../src/trace_processor/importers/perf/perf_counter.cc
[299/386] compile ../../src/trace_processor/importers/perf/spe_record_parser.cc
[300/386] compile ../../src/trace_processor/importers/perf/spe_tokenizer.cc
[301/386] compile ../../src/trace_processor/importers/perf/perf_invocation.cc
[302/386] compile ../../src/trace_processor/importers/perf/perf_event_attr.cc
[303/386] compile ../../src/trace_processor/importers/perf/aux_stream_manager_unittest.cc
[304/386] compile ../../src/trace_processor/importers/art_method/art_method_v2_tokenizer.cc
[305/386] compile ../../src/trace_processor/importers/perf/perf_invocation_unittest.cc
[306/386] compile ../../src/trace_processor/importers/archive/tar_trace_reader.cc
[307/386] compile ../../src/trace_processor/importers/art_hprof/art_heap_graph_resolver.cc
[308/386] compile ../../src/trace_processor/export_json.cc
[309/386] compile ../../src/trace_processor/importers/archive/zip_trace_reader.cc
[310/386] compile ../../src/trace_processor/importers/android_bugreport/android_log_reader.cc
[311/386] compile ../../src/trace_processor/trace_processor.cc
[312/386] compile ../../src/trace_processor/importers/android_bugreport/android_log_unittest.cc
[313/386] compile ../../src/trace_processor/importers/art_method/art_method_tokenizer.cc
[314/386] compile ../../src/trace_processor/sqlite_iterator_impl.cc
[315/386] compile ../../src/trace_processor/importers/art_hprof/art_heap_graph_builder.cc
[316/386] compile ../../src/trace_processor/iterator_impl.cc
[317/386] compile ../../src/trace_processor/importers/archive/decompressing_trace_reader.cc
[318/386] compile ../../src/trace_processor/importers/art_hprof/art_hprof_parser.cc
[319/386] compile ../../src/trace_processor/importers/art_method/art_method_parser.cc
[320/386] compile ../../src/trace_processor/importers/primes/primes_trace_parser.cc
[321/386] compile ../../src/trace_processor/importers/common/virtual_memory_mapping.cc
[322/386] compile ../../src/trace_processor/importers/common/slice_translation_table.cc
[323/386] compile ../../src/trace_processor/importers/common/machine_tracker.cc
[324/386] compile ../../src/trace_processor/trace_processor_impl.cc
[325/386] compile ../../src/trace_processor/importers/common/track_tracker.cc
[326/386] compile ../../src/trace_processor/importers/common/track_compressor.cc
[327/386] compile ../../src/trace_processor/trace_processor_storage.cc
[328/386] compile ../../src/trace_processor/importers/common/symbol_tracker.cc
[329/386] compile ../../src/trace_processor/forwarding_trace_parser.cc
[330/386] compile ../../src/trace_processor/importers/common/args_tracker.cc
[331/386] compile ../../src/trace_processor/trace_processor_storage_impl.cc
[332/386] compile ../../src/trace_processor/importers/common/jit_cache.cc
[333/386] compile ../../src/trace_processor/importers/common/trace_file_tracker.cc
[334/386] compile ../../src/trace_processor/trace_processor_context.cc
[335/386] compile ../../src/trace_processor/importers/common/event_tracker.cc
[336/386] compile ../../src/trace_processor/importers/common/thread_state_tracker.cc
[337/386] compile ../../src/trace_processor/importers/common/slice_translation_table_unittest.cc
[338/386] compile ../../src/trace_processor/importers/common/sparse_counter_tracker_unittest.cc
[339/386] compile ../../src/trace_processor/importers/common/process_track_translation_table_unittest.cc
[340/386] compile ../../src/trace_processor/importers/common/global_stats_tracker_unittest.cc
[341/386] compile ../../src/trace_processor/importers/common/track_compressor_unittest.cc
[342/386] compile ../../src/trace_processor/importers/etw/etw_tokenizer.cc
[343/386] compile ../../src/trace_processor/importers/common/process_tracker_unittest.cc
[344/386] compile ../../src/trace_processor/importers/common/legacy_v8_cpu_profile_tracker.cc
[345/386] compile ../../src/trace_processor/importers/common/global_stats_tracker.cc
[346/386] compile ../../src/trace_processor/importers/etw/etw_parser.cc
[347/386] compile ../../src/trace_processor/importers/common/clock_converter.cc
[348/386] compile ../../src/trace_processor/importers/common/thread_state_tracker_unittest.cc
[349/386] compile ../../src/trace_processor/importers/etw/file_io_tracker.cc
[350/386] compile ../../src/trace_processor/importers/common/args_translation_table_unittest.cc
[351/386] compile ../../src/trace_processor/importers/common/gpu_tracker.cc
[352/386] compile ../../src/trace_processor/importers/common/global_metadata_tracker.cc
[353/386] compile ../../src/trace_processor/importers/common/import_logs_tracker.cc
[354/386] compile ../../src/trace_processor/importers/common/deobfuscation_mapping_table.cc
[355/386] compile ../../src/trace_processor/importers/common/cpu_tracker.cc
[356/386] compile ../../src/trace_processor/importers/common/flow_tracker.cc
[357/386] compile ../../src/trace_processor/importers/common/clock_tracker.cc
[358/386] compile ../../src/trace_processor/importers/common/args_translation_table.cc
[359/386] compile ../../src/trace_processor/importers/common/deobfuscation_mapping_table_unittest.cc
[360/386] compile ../../src/trace_processor/importers/common/flow_tracker_unittest.cc
[361/386] compile ../../src/trace_processor/importers/common/slice_tracker_unittest.cc
[362/386] compile ../../src/trace_processor/importers/common/clock_tracker_unittest.cc
[363/386] compile ../../src/trace_processor/importers/common/mapping_tracker.cc
[364/386] compile ../../src/trace_processor/importers/common/state_tracker_unittest.cc
[365/386] compile ../../src/trace_processor/importers/common/event_tracker_unittest.cc
[366/386] compile ../../src/trace_processor/importers/common/system_info_tracker.cc
[367/386] compile ../../src/trace_processor/importers/etw/disk_io_tracker.cc
[368/386] compile ../../src/trace_processor/importers/common/registered_file_tracker.cc
[369/386] compile ../../src/trace_processor/importers/common/state_tracker.cc
[370/386] compile ../../src/trace_processor/importers/common/clock_converter_unittest.cc
[371/386] compile ../../src/trace_processor/importers/collapsed_stack/collapsed_stack_trace_reader.cc
[372/386] compile ../../src/trace_processor/importers/common/process_track_translation_table.cc
[373/386] compile ../../src/trace_processor/importers/common/slice_tracker.cc
[374/386] compile ../../src/trace_processor/importers/common/profiler_sample_tracker.cc
[375/386] compile ../../src/trace_processor/importers/common/sched_event_tracker.cc
[376/386] compile ../../src/trace_processor/importers/etw/etw_module.cc
[377/386] compile ../../src/trace_processor/importers/common/trace_diagnostics_tracker_helper.cc
[378/386] compile ../../src/trace_processor/importers/etw/etw_module_impl.cc
[379/386] compile ../../src/trace_processor/importers/common/process_tracker.cc
[380/386] compile ../../src/trace_processor/importers/common/global_args_tracker.cc
[381/386] compile ../../src/trace_processor/importers/common/metadata_tracker.cc
[382/386] compile ../../src/trace_processor/importers/common/sparse_counter_tracker.cc
[383/386] compile ../../src/trace_processor/importers/common/stack_profile_tracker.cc
[384/386] compile ../../src/trace_processor/importers/primes/primes_trace_tokenizer.cc
[385/386] link ./perfetto_trace_processor_unittests
[386/386] link ./perfetto_unittests
