ninja: Entering directory `out/mac_release'
[0/1] Regenerating ninja files
[1/108] compile ../../src/trace_processor/importers/common/trace_file_tracker.cc
[2/108] compile ../../streaming-parser-audit/benchmark.cc
[3/108] compile ../../src/trace_processor/trace_processor_storage.cc
[4/108] compile ../../src/trace_processor/forwarding_trace_parser.cc
[5/108] compile ../../src/trace_processor/trace_processor_storage_impl.cc
[6/108] compile ../../src/trace_processor/trace_parser.cc
[7/108] compile ../../src/trace_processor/trace_parser_impl.cc
[8/108] compile ../../src/trace_processor/importers/common/system_info_tracker.cc
[9/108] compile ../../src/trace_processor/trace_processor_context.cc
[10/108] compile ../../src/trace_processor/importers/common/symbol_tracker.cc
[11/108] compile ../../src/trace_processor/importers/common/state_tracker.cc
[12/108] compile ../../src/trace_processor/importers/common/clock_converter.cc
[13/108] compile ../../src/trace_processor/importers/common/thread_state_tracker.cc
[14/108] compile ../../src/trace_processor/importers/common/args_tracker.cc
[15/108] compile ../../src/trace_processor/importers/common/cpu_tracker.cc
[16/108] compile ../../src/trace_processor/importers/common/args_translation_table.cc
[17/108] compile ../../src/trace_processor/importers/common/deobfuscation_mapping_table.cc
[18/108] compile ../../src/trace_processor/importers/common/clock_tracker.cc
[19/108] compile ../../src/trace_processor/importers/common/global_args_tracker.cc
[20/108] compile ../../src/trace_processor/importers/common/global_metadata_tracker.cc
[21/108] compile ../../src/trace_processor/importers/common/gpu_tracker.cc
[22/108] compile ../../src/trace_processor/importers/common/event_tracker.cc
[23/108] compile ../../src/trace_processor/importers/common/flow_tracker.cc
[24/108] compile ../../src/trace_processor/importers/common/import_logs_tracker.cc
[25/108] compile ../../src/trace_processor/importers/common/jit_cache.cc
[26/108] compile ../../src/trace_processor/importers/common/metadata_tracker.cc
[27/108] compile ../../src/trace_processor/importers/common/machine_tracker.cc
[28/108] compile ../../src/trace_processor/importers/common/legacy_v8_cpu_profile_tracker.cc
[29/108] compile ../../src/trace_processor/importers/common/mapping_tracker.cc
[30/108] compile ../../src/trace_processor/importers/common/slice_translation_table.cc
[31/108] compile ../../src/trace_processor/importers/common/stack_profile_tracker.cc
[32/108] compile ../../src/trace_processor/importers/common/profiler_sample_tracker.cc
[33/108] compile ../../src/trace_processor/importers/common/sparse_counter_tracker.cc
[34/108] compile ../../src/trace_processor/importers/common/process_track_translation_table.cc
[35/108] compile ../../src/trace_processor/importers/common/process_tracker.cc
[36/108] compile ../../src/trace_processor/importers/common/registered_file_tracker.cc
[37/108] compile ../../src/trace_processor/importers/common/sched_event_tracker.cc
[38/108] compile ../../src/trace_processor/importers/common/slice_tracker.cc
[39/108] compile ../../src/trace_processor/importers/common/trace_diagnostics_tracker_helper.cc
[40/108] compile ../../src/trace_processor/importers/common/track_compressor.cc
[41/108] compile ../../src/trace_processor/importers/common/global_stats_tracker.cc
[42/108] compile ../../src/trace_processor/importers/common/virtual_memory_mapping.cc
[43/108] compile ../../src/trace_processor/importers/common/track_tracker.cc
[44/108] compile ../../src/trace_processor/importers/json/json_trace_parser.cc
../../src/trace_processor/importers/json/json_trace_parser.cc:370:18: warning: unused variable 'rr' [-Wunused-variable]
  370 |             auto rr = (*context_->storage->mutable_slice_table())[*slice_id];
      |                  ^~
1 warning generated.
[45/108] compile ../../src/trace_processor/importers/ftrace/iostat_tracker.cc
[46/108] compile ../../src/trace_processor/importers/json/json_trace_tokenizer.cc
[47/108] compile ../../src/trace_processor/importers/ftrace/pixel_display_tracker.cc
[48/108] compile ../../src/trace_processor/importers/ftrace/mali_gpu_event_tracker.cc
[49/108] compile ../../src/trace_processor/importers/ftrace/ftrace_tokenizer.cc
[50/108] compile ../../src/trace_processor/importers/ftrace/ftrace_sched_event_tracker.cc
[51/108] compile ../../src/trace_processor/importers/ftrace/generic_ftrace_tracker.cc
[52/108] compile ../../src/trace_processor/importers/ftrace/virtio_video_tracker.cc
[53/108] compile ../../src/trace_processor/importers/ftrace/virtio_gpu_tracker.cc
[54/108] compile ../../src/trace_processor/importers/ftrace/ftrace_parser.cc
[55/108] compile ../../src/trace_processor/importers/ftrace/gpu_work_period_tracker.cc
[56/108] compile ../../src/trace_processor/importers/ftrace/pixel_mm_kswapd_event_tracker.cc
[57/108] compile ../../src/trace_processor/importers/ftrace/pkvm_hyp_cpu_tracker.cc
[58/108] compile ../../src/trace_processor/importers/ftrace/rss_stat_tracker.cc
[59/108] compile ../../src/trace_processor/importers/ftrace/thermal_tracker.cc
[60/108] compile ../../src/trace_processor/importers/ftrace/v4l2_tracker.cc
[61/108] compile ../../src/trace_processor/importers/etw/etw_module.cc
[62/108] compile ../../src/trace_processor/importers/ftrace/drm_tracker.cc
[63/108] compile ../../src/trace_processor/importers/ftrace/binder_tracker.cc
[64/108] compile ../../src/trace_processor/importers/ftrace/ftrace_module_impl.cc
[65/108] compile ../../src/trace_processor/importers/etw/file_io_tracker.cc
[66/108] compile ../../src/trace_processor/importers/ftrace/ftrace_module.cc
[67/108] compile ../../src/trace_processor/importers/etw/disk_io_tracker.cc
[68/108] compile ../../src/trace_processor/importers/i2c/i2c_tracker.cc
[69/108] compile ../../src/trace_processor/importers/proto/active_chrome_processes_tracker.cc
[70/108] compile ../../src/trace_processor/importers/proto/chrome_string_lookup.cc
[71/108] compile ../../src/trace_processor/importers/proto/chrome_system_probes_module.cc
[72/108] compile ../../src/trace_processor/importers/proto/app_wakelock_module.cc
[73/108] compile ../../src/trace_processor/importers/proto/args_parser.cc
[74/108] compile ../../src/trace_processor/importers/proto/chrome_system_probes_parser.cc
[75/108] compile ../../src/trace_processor/importers/proto/incremental_state.cc
[76/108] compile ../../src/trace_processor/importers/proto/concurrent_sessions_module.cc
[77/108] compile ../../src/trace_processor/importers/proto/metadata_minimal_module.cc
[78/108] compile ../../src/trace_processor/importers/proto/default_modules.cc
[79/108] compile ../../src/trace_processor/importers/proto/packet_analyzer.cc
[80/108] compile ../../src/trace_processor/importers/proto/network_trace_module.cc
[81/108] compile ../../src/trace_processor/importers/proto/memory_tracker_snapshot_module.cc
[82/108] compile ../../src/trace_processor/importers/proto/packet_sequence_state_generation.cc
[83/108] compile ../../src/trace_processor/importers/proto/perf_sample_tracker.cc
[84/108] compile ../../src/trace_processor/importers/proto/memory_tracker_snapshot_parser.cc
[85/108] compile ../../src/trace_processor/importers/proto/profile_packet_sequence_state.cc
[86/108] compile ../../src/trace_processor/importers/proto/profile_packet_utils.cc
[87/108] compile ../../src/trace_processor/importers/proto/protovm_incremental_tracing.cc
[88/108] compile ../../src/trace_processor/importers/proto/tracing_service_module.cc
[89/108] compile ../../src/trace_processor/importers/proto/proto_trace_parser_impl.cc
[90/108] compile ../../src/trace_processor/importers/proto/stack_profile_sequence_state.cc
[91/108] compile ../../src/trace_processor/importers/proto/track_event_arg_fields.cc
[92/108] compile ../../src/trace_processor/importers/proto/proto_trace_reader.cc
[93/108] compile ../../src/trace_processor/importers/proto/track_event_extension_parser.cc
[94/108] compile ../../src/trace_processor/importers/proto/track_event_module.cc
[95/108] compile ../../src/trace_processor/importers/proto/user_tracker.cc
[96/108] compile ../../src/trace_processor/importers/proto/proto_importer_module.cc
[97/108] compile ../../src/trace_processor/importers/proto/track_event_tokenizer.cc
[98/108] compile ../../src/trace_processor/importers/proto/track_event_tracker.cc
[99/108] compile ../../src/trace_processor/importers/proto/track_event_parser.cc
[100/108] compile ../../src/trace_processor/importers/syscalls/syscall_tracker.cc
[101/108] compile ../../src/trace_processor/importers/systrace/systrace_line_parser.cc
[102/108] compile ../../src/trace_processor/sorter/trace_sorter.cc
[103/108] compile ../../src/trace_processor/importers/systrace/systrace_parser.cc
[104/108] compile ../../src/trace_processor/importers/systrace/systrace_trace_parser.cc
[105/108] compile ../../src/trace_processor/util/profiler_util.cc
[106/108] compile ../../src/trace_processor/storage/trace_storage.cc
[107/108] compile ../../src/trace_processor/util/json_args.cc
[108/108] link ./streaming_parser_benchmark
