ninja: Entering directory `out/mac_release'
[0/1] Regenerating ninja files
[1/603] ACTION //python:trace_processor_table_generator(//gn/standalone/toolchain:gcc_like)
[2/603] ACTION //protos/perfetto/trace/gpu:gpu_interned_data_descriptor(//gn/standalone/toolchain:gcc_like)
[3/603] ACTION //protos/third_party/android:android_extensions_descriptor(//gn/standalone/toolchain:gcc_like)
[4/603] compile ../../src/base/atomic_file.cc
[5/603] compile ../../src/base/base64.cc
[6/603] compile ../../src/base/cpu_info.cc
[7/603] compile ../../src/base/ctrl_c_handler.cc
[8/603] compile ../../src/base/android_utils.cc
[9/603] compile ../../src/base/crash_keys.cc
[10/603] compile ../../src/base/event_fd.cc
[11/603] compile ../../src/base/dynamic_string_writer.cc
[12/603] compile ../../src/base/intrusive_list.cc
[13/603] compile ../../src/base/getopt_compat.cc
[14/603] compile ../../src/base/intrusive_tree.cc
[15/603] compile ../../src/base/file_utils.cc
[16/603] compile ../../src/base/logging.cc
[17/603] compile ../../src/base/paged_memory.cc
[18/603] compile ../../src/base/metatrace.cc
[19/603] compile ../../src/base/pipe.cc
[20/603] compile ../../src/base/periodic_task.cc
[21/603] compile ../../src/base/progress_reporter.cc
[22/603] compile ../../src/base/rt_mutex.cc
[23/603] compile ../../src/base/scoped_mmap.cc
[24/603] compile ../../src/base/string_splitter.cc
[25/603] compile ../../src/base/scoped_sched_boost.cc
[26/603] compile ../../src/base/status.cc
[27/603] compile ../../src/base/string_view.cc
[28/603] compile ../../src/base/string_utils.cc
[29/603] compile ../../src/base/string_view_splitter.cc
[30/603] compile ../../src/base/temp_file.cc
[31/603] compile ../../src/base/thread_utils.cc
[32/603] compile ../../src/base/thread_checker.cc
[33/603] compile ../../src/base/time.cc
[34/603] compile ../../src/base/watchdog_posix.cc
[35/603] compile ../../src/base/utils.cc
[36/603] compile ../../src/base/uuid.cc
[37/603] compile ../../src/base/subprocess.cc
[38/603] compile ../../src/base/thread_task_runner.cc
[39/603] compile ../../src/base/lock_free_task_runner.cc
[40/603] ACTION //src/base:version_gen_h(//gn/standalone/toolchain:gcc_like)
[41/603] compile ../../src/base/unix_task_runner.cc
[42/603] compile ../../src/base/version.cc
[43/603] compile ../../src/base/subprocess_windows.cc
[44/603] compile ../../src/kernel_utils/syscall_table.cc
[45/603] compile ../../src/base/subprocess_posix.cc
[46/603] compile ../../src/trace_processor/importers/ftrace/ftrace_descriptors.cc
[47/603] ACTION //src/trace_processor/importers/proto:gen_cc_gpu_interned_data_descriptor(//gn/standalone/toolchain:gcc_like)
[48/603] compile ../../src/base/regex/regex.cc
[49/603] compile ../../src/trace_processor/importers/common/v8_profile_parser.cc
[50/603] compile ../../src/trace_processor/importers/memory_tracker/graph.cc
[51/603] compile ../../src/trace_processor/importers/memory_tracker/memory_allocator_node_id.cc
[52/603] ACTION //src/trace_processor/tables:tables_python(//gn/standalone/toolchain:gcc_like)
[53/603] compile ../../src/trace_processor/importers/memory_tracker/raw_process_memory_node.cc
[54/603] compile ../../src/trace_processor/importers/memory_tracker/graph_processor.cc
[55/603] compile ../../src/trace_processor/util/decompressor.cc
[56/603] compile ../../src/trace_processor/util/build_id.cc
[57/603] compile ../../src/trace_processor/util/bump_allocator.cc
[58/603] compile ../../src/trace_processor/util/zstd_decompressor.cc
[59/603] compile ../../src/trace_processor/util/flatbuffer_reader.cc
[60/603] compile ../../src/trace_processor/util/glob.cc
[61/603] compile ../../src/trace_processor/util/flatbuffer_writer.cc
[62/603] compile ../../src/trace_processor/util/elf/binary_info.cc
[63/603] compile ../../src/trace_processor/util/trace_blob_view_reader.cc
[64/603] compile ../../src/trace_processor/util/simple_json_parser.cc
[65/603] ACTION //protos/perfetto/trace:descriptor(//gn/standalone/toolchain:gcc_like)
[66/603] compile ../../src/protozero/field.cc
[67/603] ACTION //src/trace_processor/importers/proto:gen_cc_trace_descriptor(//gn/standalone/toolchain:gcc_like)
[68/603] compile ../../src/protozero/gen_field_helpers.cc
[69/603] compile ../../src/protozero/message.cc
[70/603] compile ../../src/protozero/protoc_plugin/protozero_plugin.cc
[71/603] link ./protozero_plugin
[72/603] compile ../../src/protozero/message_arena.cc
[73/603] compile ../../src/protozero/packed_repeated_fields.cc
[74/603] compile ../../src/protozero/scattered_stream_writer.cc
[75/603] compile ../../src/protozero/proto_decoder.cc
[76/603] compile ../../src/protozero/scattered_stream_null_delegate.cc
[77/603] compile ../../src/protozero/virtual_destructors.cc
[78/603] compile ../../src/protozero/static_buffer.cc
[79/603] compile ../../src/protozero/scattered_heap_buffer.cc
[80/603] ACTION //protos/perfetto/trace/etw:zero_gen(//gn/standalone/toolchain:gcc_like)
[81/603] ACTION //protos/perfetto/trace/filesystem:zero_gen(//gn/standalone/toolchain:gcc_like)
[82/603] ACTION //protos/perfetto/trace/chrome:zero_gen(//gn/standalone/toolchain:gcc_like)
[83/603] compile gen/protos/perfetto/trace/filesystem/inode_file_map.pbzero.cc
[84/603] compile gen/protos/perfetto/trace/etw/etw.pbzero.cc
[85/603] compile gen/protos/perfetto/trace/chrome/chrome_metadata.pbzero.cc
[86/603] ACTION //protos/perfetto/trace/ftrace:zero_gen(//gn/standalone/toolchain:gcc_like)
[87/603] compile gen/protos/perfetto/trace/chrome/chrome_benchmark_metadata.pbzero.cc
[88/603] compile gen/protos/perfetto/trace/chrome/chrome_trace_event.pbzero.cc
[89/603] compile gen/protos/perfetto/trace/chrome/chrome_trigger.pbzero.cc
[90/603] compile gen/protos/perfetto/trace/ftrace/ftrace_event.pbzero.cc
[91/603] compile gen/protos/perfetto/trace/ftrace/ftrace_stats.pbzero.cc
[92/603] compile gen/protos/perfetto/trace/ftrace/generic.pbzero.cc
[93/603] compile gen/protos/perfetto/trace/ftrace/ftrace_event_bundle.pbzero.cc
[94/603] compile gen/protos/perfetto/trace/ftrace/test_bundle_wrapper.pbzero.cc
[95/603] compile gen/protos/perfetto/trace/ftrace/android_fs.pbzero.cc
[96/603] compile gen/protos/perfetto/trace/ftrace/bcl_exynos.pbzero.cc
[97/603] compile gen/protos/perfetto/trace/ftrace/binder.pbzero.cc
[98/603] compile gen/protos/perfetto/trace/ftrace/block.pbzero.cc
[99/603] compile gen/protos/perfetto/trace/ftrace/cgroup.pbzero.cc
[100/603] compile gen/protos/perfetto/trace/ftrace/cma.pbzero.cc
[101/603] compile gen/protos/perfetto/trace/ftrace/clk.pbzero.cc
[102/603] compile gen/protos/perfetto/trace/ftrace/cpm_trace.pbzero.cc
[103/603] compile gen/protos/perfetto/trace/ftrace/compaction.pbzero.cc
[104/603] compile gen/protos/perfetto/trace/ftrace/cpuhp.pbzero.cc
[105/603] compile gen/protos/perfetto/trace/ftrace/cros_ec.pbzero.cc
[106/603] compile gen/protos/perfetto/trace/ftrace/dcvsh.pbzero.cc
[107/603] compile gen/protos/perfetto/trace/ftrace/dma_fence.pbzero.cc
[108/603] compile gen/protos/perfetto/trace/ftrace/devfreq.pbzero.cc
[109/603] compile gen/protos/perfetto/trace/ftrace/dmabuf_heap.pbzero.cc
[110/603] compile gen/protos/perfetto/trace/ftrace/dpu.pbzero.cc
[111/603] compile gen/protos/perfetto/trace/ftrace/drm.pbzero.cc
[112/603] compile gen/protos/perfetto/trace/ftrace/dwc3.pbzero.cc
[113/603] compile gen/protos/perfetto/trace/ftrace/ext4.pbzero.cc
[114/603] compile gen/protos/perfetto/trace/ftrace/f2fs.pbzero.cc
[115/603] compile gen/protos/perfetto/trace/ftrace/fence.pbzero.cc
[116/603] compile gen/protos/perfetto/trace/ftrace/fastrpc.pbzero.cc
[117/603] compile gen/protos/perfetto/trace/ftrace/filemap.pbzero.cc
[118/603] compile gen/protos/perfetto/trace/ftrace/fs.pbzero.cc
[119/603] compile gen/protos/perfetto/trace/ftrace/ftrace.pbzero.cc
[120/603] compile gen/protos/perfetto/trace/ftrace/fwtp_ftrace.pbzero.cc
[121/603] compile gen/protos/perfetto/trace/ftrace/g2d.pbzero.cc
[122/603] compile gen/protos/perfetto/trace/ftrace/google_icc_trace.pbzero.cc
[123/603] compile gen/protos/perfetto/trace/ftrace/google_irm_trace.pbzero.cc
[124/603] compile gen/protos/perfetto/trace/ftrace/gpu_mem.pbzero.cc
[125/603] compile gen/protos/perfetto/trace/ftrace/gpu_scheduler.pbzero.cc
[126/603] compile gen/protos/perfetto/trace/ftrace/hypervisor.pbzero.cc
[127/603] compile gen/protos/perfetto/trace/ftrace/hyp.pbzero.cc
[128/603] compile gen/protos/perfetto/trace/ftrace/i2c.pbzero.cc
[129/603] compile gen/protos/perfetto/trace/ftrace/ion.pbzero.cc
[130/603] compile gen/protos/perfetto/trace/ftrace/ipi.pbzero.cc
[131/603] compile gen/protos/perfetto/trace/ftrace/irq.pbzero.cc
[132/603] compile gen/protos/perfetto/trace/ftrace/irq_vectors.pbzero.cc
[133/603] compile gen/protos/perfetto/trace/ftrace/kgsl.pbzero.cc
[134/603] compile gen/protos/perfetto/trace/ftrace/kmem.pbzero.cc
[135/603] compile gen/protos/perfetto/trace/ftrace/kvm.pbzero.cc
[136/603] compile gen/protos/perfetto/trace/ftrace/lowmemorykiller.pbzero.cc
[137/603] compile gen/protos/perfetto/trace/ftrace/lwis.pbzero.cc
[138/603] compile gen/protos/perfetto/trace/ftrace/mali.pbzero.cc
[139/603] compile gen/protos/perfetto/trace/ftrace/mdss.pbzero.cc
[140/603] compile gen/protos/perfetto/trace/ftrace/mm_event.pbzero.cc
[141/603] compile gen/protos/perfetto/trace/ftrace/net.pbzero.cc
[142/603] compile gen/protos/perfetto/trace/ftrace/oom.pbzero.cc
[143/603] compile gen/protos/perfetto/trace/ftrace/panel.pbzero.cc
[144/603] compile gen/protos/perfetto/trace/ftrace/pixel_metrics.pbzero.cc
[145/603] compile gen/protos/perfetto/trace/ftrace/pixel_mm.pbzero.cc
[146/603] compile gen/protos/perfetto/trace/ftrace/perf_trace_counters.pbzero.cc
[147/603] compile gen/protos/perfetto/trace/ftrace/power.pbzero.cc
[148/603] compile gen/protos/perfetto/trace/ftrace/printk.pbzero.cc
[149/603] compile gen/protos/perfetto/trace/ftrace/raw_syscalls.pbzero.cc
[150/603] compile gen/protos/perfetto/trace/ftrace/regulator.pbzero.cc
[151/603] compile gen/protos/perfetto/trace/ftrace/rpm.pbzero.cc
[152/603] compile gen/protos/perfetto/trace/ftrace/samsung.pbzero.cc
[153/603] compile gen/protos/perfetto/trace/ftrace/sched.pbzero.cc
[154/603] compile gen/protos/perfetto/trace/ftrace/scm.pbzero.cc
[155/603] compile gen/protos/perfetto/trace/ftrace/scsi.pbzero.cc
[156/603] compile gen/protos/perfetto/trace/ftrace/sde.pbzero.cc
[157/603] compile gen/protos/perfetto/trace/ftrace/signal.pbzero.cc
[158/603] compile gen/protos/perfetto/trace/ftrace/skb.pbzero.cc
[159/603] compile gen/protos/perfetto/trace/ftrace/sock.pbzero.cc
[160/603] compile gen/protos/perfetto/trace/ftrace/sync.pbzero.cc
[161/603] compile gen/protos/perfetto/trace/ftrace/synthetic.pbzero.cc
[162/603] compile gen/protos/perfetto/trace/ftrace/systrace.pbzero.cc
[163/603] compile gen/protos/perfetto/trace/ftrace/tcp.pbzero.cc
[164/603] compile gen/protos/perfetto/trace/ftrace/thermal.pbzero.cc
[165/603] compile gen/protos/perfetto/trace/ftrace/task.pbzero.cc
[166/603] compile gen/protos/perfetto/trace/ftrace/thermal_exynos.pbzero.cc
[167/603] compile gen/protos/perfetto/trace/ftrace/timer.pbzero.cc
[168/603] compile gen/protos/perfetto/trace/ftrace/trusty.pbzero.cc
[169/603] compile gen/protos/perfetto/trace/ftrace/ufs.pbzero.cc
[170/603] compile gen/protos/perfetto/trace/ftrace/v4l2.pbzero.cc
[171/603] compile gen/protos/perfetto/trace/ftrace/virtio_gpu.pbzero.cc
[172/603] compile gen/protos/perfetto/trace/ftrace/virtio_video.pbzero.cc
[173/603] compile gen/protos/perfetto/trace/ftrace/vmscan.pbzero.cc
[174/603] compile gen/protos/perfetto/trace/ftrace/workqueue.pbzero.cc
[175/603] compile gen/protos/perfetto/trace/chrome/v8.pbzero.cc
[176/603] compile gen/protos/perfetto/trace/etw/etw_event.pbzero.cc
[177/603] compile gen/protos/perfetto/trace/etw/etw_event_bundle.pbzero.cc
[178/603] ACTION //protos/perfetto/trace/ps:zero_gen(//gn/standalone/toolchain:gcc_like)
[179/603] ACTION //protos/perfetto/trace/system_info:zero_gen(//gn/standalone/toolchain:gcc_like)
[180/603] ACTION //protos/perfetto/trace/translation:zero_gen(//gn/standalone/toolchain:gcc_like)
[181/603] compile gen/protos/perfetto/trace/ps/process_stats.pbzero.cc
[182/603] ACTION //protos/perfetto/trace/track_event:zero_gen(//gn/standalone/toolchain:gcc_like)
[183/603] compile gen/protos/perfetto/trace/ps/process_tree.pbzero.cc
[184/603] compile gen/protos/perfetto/trace/system_info/cpu_info.pbzero.cc
[185/603] compile gen/protos/perfetto/trace/system_info/gpu_info.pbzero.cc
[186/603] compile gen/protos/perfetto/trace/system_info/interrupt_info.pbzero.cc
[187/603] compile gen/protos/perfetto/trace/translation/translation_table.pbzero.cc
[188/603] compile gen/protos/perfetto/trace/track_event/chrome_legacy_ipc.pbzero.cc
[189/603] compile gen/protos/perfetto/trace/track_event/chrome_mojo_event_info.pbzero.cc
[190/603] compile gen/protos/perfetto/trace/track_event/chrome_process_descriptor.pbzero.cc
[191/603] compile gen/protos/perfetto/trace/track_event/log_message.pbzero.cc
[192/603] compile gen/protos/perfetto/trace/track_event/chrome_latency_info.pbzero.cc
[193/603] compile gen/protos/perfetto/trace/track_event/chrome_user_event.pbzero.cc
[194/603] compile gen/protos/perfetto/trace/track_event/chrome_thread_descriptor.pbzero.cc
[195/603] compile gen/protos/perfetto/trace/track_event/chrome_content_settings_event_info.pbzero.cc
[196/603] compile gen/protos/perfetto/trace/track_event/chrome_message_pump.pbzero.cc
[197/603] compile gen/protos/perfetto/trace/track_event/chrome_keyed_service.pbzero.cc
[198/603] compile gen/protos/perfetto/trace/track_event/chrome_histogram_sample.pbzero.cc
[199/603] compile gen/protos/perfetto/trace/track_event/chrome_frame_reporter.pbzero.cc
[200/603] compile gen/protos/perfetto/trace/track_event/chrome_renderer_scheduler_state.pbzero.cc
[201/603] compile gen/protos/perfetto/trace/track_event/chrome_application_state_info.pbzero.cc
[202/603] compile gen/protos/perfetto/trace/track_event/chrome_active_processes.pbzero.cc
[203/603] compile gen/protos/perfetto/trace/track_event/chrome_window_handle_event_info.pbzero.cc
[204/603] compile gen/protos/perfetto/trace/track_event/chrome_compositor_scheduler_state.pbzero.cc
[205/603] compile gen/protos/perfetto/trace/track_event/screenshot.pbzero.cc
[206/603] compile gen/protos/perfetto/trace/track_event/counter_descriptor.pbzero.cc
[207/603] compile gen/protos/perfetto/trace/track_event/track_event.pbzero.cc
[208/603] compile gen/protos/perfetto/trace/track_event/debug_annotation.pbzero.cc
[209/603] compile gen/protos/perfetto/trace/track_event/process_descriptor.pbzero.cc
[210/603] compile gen/protos/perfetto/trace/track_event/range_of_interest.pbzero.cc
[211/603] compile gen/protos/perfetto/trace/track_event/source_location.pbzero.cc
[212/603] compile gen/protos/perfetto/trace/track_event/state_descriptor.pbzero.cc
[213/603] compile gen/protos/perfetto/trace/track_event/thread_descriptor.pbzero.cc
[214/603] compile gen/protos/perfetto/trace/track_event/task_execution.pbzero.cc
[215/603] compile gen/protos/perfetto/trace/track_event/track_descriptor.pbzero.cc
[216/603] ACTION //protos/perfetto/trace/generic_kernel:zero_gen(//gn/standalone/toolchain:gcc_like)
[217/603] ACTION //protos/perfetto/trace/linux:zero_gen(//gn/standalone/toolchain:gcc_like)
[218/603] ACTION //protos/perfetto/trace/perfetto:zero_gen(//gn/standalone/toolchain:gcc_like)
[219/603] compile gen/protos/perfetto/trace/generic_kernel/generic_gpu_frequency.pbzero.cc
[220/603] ACTION //protos/perfetto/trace/gpu:gpu_track_event_zero_gen(//gn/standalone/toolchain:gcc_like)
[221/603] compile gen/protos/perfetto/trace/generic_kernel/generic_power.pbzero.cc
[222/603] compile gen/protos/perfetto/trace/generic_kernel/generic_task.pbzero.cc
[223/603] compile gen/protos/perfetto/trace/linux/journald_event.pbzero.cc
[224/603] compile gen/protos/perfetto/trace/gpu/gpu_track_event.pbzero.cc
[225/603] compile gen/protos/perfetto/trace/perfetto/trace_provenance.pbzero.cc
[226/603] compile gen/protos/perfetto/trace/perfetto/concurrent_session_event.pbzero.cc
[227/603] compile gen/protos/perfetto/trace/perfetto/perfetto_metatrace.pbzero.cc
[228/603] compile gen/protos/perfetto/trace/perfetto/tracing_service_event.pbzero.cc
[229/603] ACTION //protos/perfetto/trace/profiling:inline_callstack_zero_gen(//gn/standalone/toolchain:gcc_like)
[230/603] ACTION //protos/third_party/pprof:zero_gen(//gn/standalone/toolchain:gcc_like)
[231/603] ACTION //protos/third_party/android/frameworks/base/proto/tracing:frameworks_base_common_zero_gen(//gn/standalone/toolchain:gcc_like)
[232/603] ACTION //protos/third_party/chromium:zero_gen(//gn/standalone/toolchain:gcc_like)
[233/603] compile gen/protos/perfetto/trace/profiling/inline_callstack.pbzero.cc
[234/603] compile gen/protos/third_party/pprof/profile.pbzero.cc
[235/603] compile gen/protos/third_party/android/frameworks/base/proto/tracing/frameworks_base_common.pbzero.cc
[236/603] compile gen/protos/third_party/chromium/chrome_enums.pbzero.cc
[237/603] compile gen/protos/third_party/chromium/chrome_track_event.pbzero.cc
[238/603] ACTION //protos/perfetto/config/ftrace:zero_gen(//gn/standalone/toolchain:gcc_like)
[239/603] ACTION //protos/perfetto/config/gpu:zero_gen(//gn/standalone/toolchain:gcc_like)
[240/603] ACTION //protos/perfetto/config/inode_file:zero_gen(//gn/standalone/toolchain:gcc_like)
[241/603] ACTION //protos/perfetto/config/power:zero_gen(//gn/standalone/toolchain:gcc_like)
[242/603] compile gen/protos/perfetto/config/ftrace/ftrace_config.pbzero.cc
[243/603] compile gen/protos/perfetto/config/ftrace/frozen_ftrace_config.pbzero.cc
[244/603] compile gen/protos/perfetto/config/gpu/gpu_counter_config.pbzero.cc
[245/603] compile gen/protos/perfetto/config/gpu/vulkan_memory_config.pbzero.cc
[246/603] compile gen/protos/perfetto/config/gpu/gpu_renderstages_config.pbzero.cc
[247/603] compile gen/protos/perfetto/config/inode_file/inode_file_config.pbzero.cc
[248/603] compile gen/protos/perfetto/config/power/android_power_config.pbzero.cc
[249/603] ACTION //protos/perfetto/config/linux:zero_gen(//gn/standalone/toolchain:gcc_like)
[250/603] ACTION //protos/perfetto/config/priority_boost:zero_gen(//gn/standalone/toolchain:gcc_like)
[251/603] ACTION //protos/perfetto/config/process_stats:zero_gen(//gn/standalone/toolchain:gcc_like)
[252/603] ACTION //protos/perfetto/common:semantic_type_zero_gen(//gn/standalone/toolchain:gcc_like)
[253/603] compile gen/protos/perfetto/config/priority_boost/priority_boost_config.pbzero.cc
[254/603] compile gen/protos/perfetto/config/linux/journald_config.pbzero.cc
[255/603] compile gen/protos/perfetto/config/process_stats/process_stats_config.pbzero.cc
[256/603] compile gen/protos/perfetto/common/semantic_type.pbzero.cc
[257/603] ACTION //protos/perfetto/trace:field_options_zero_gen(//gn/standalone/toolchain:gcc_like)
[258/603] ACTION //protos/perfetto/protovm:zero_gen(//gn/standalone/toolchain:gcc_like)
[259/603] ACTION //protos/perfetto/perfetto_sql:zero_gen(//gn/standalone/toolchain:gcc_like)
[260/603] ACTION //protos/perfetto/config/protovm:zero_gen(//gn/standalone/toolchain:gcc_like)
[261/603] compile gen/protos/perfetto/trace/field_options.pbzero.cc
[262/603] compile ../../src/protovm/ro_cursor.cc
[263/603] compile ../../src/protovm/rw_proto.cc
[264/603] compile ../../src/protovm/vm.cc
[265/603] compile ../../src/protovm/node.cc
[266/603] compile ../../src/protovm/rw_proto_cursor.cc
[267/603] compile ../../src/protovm/parser.cc
[268/603] compile ../../src/protovm/executor.cc
[269/603] compile gen/protos/perfetto/perfetto_sql/structured_query.pbzero.cc
[270/603] ACTION //protos/third_party/android/frameworks/base/proto/tracing:frameworks_base_track_event_zero_gen(//gn/standalone/toolchain:gcc_like)
[271/603] compile ../../src/protovm/error_handling.cc
[272/603] compile gen/protos/third_party/android/frameworks/base/proto/tracing/frameworks_base_track_event.pbzero.cc
[273/603] compile gen/protos/perfetto/protovm/vm_program.pbzero.cc
[274/603] ACTION //protos/perfetto/trace_summary:zero_gen(//gn/standalone/toolchain:gcc_like)
[275/603] compile gen/protos/perfetto/config/protovm/protovm_config.pbzero.cc
[276/603] compile gen/protos/perfetto/trace_summary/file.pbzero.cc
[277/603] ACTION //protos/perfetto/common:zero_gen(//gn/standalone/toolchain:gcc_like)
[278/603] compile gen/protos/perfetto/trace_summary/v2_metric.pbzero.cc
[279/603] ACTION //protos/perfetto/config/statsd:zero_gen(//gn/standalone/toolchain:gcc_like)
[280/603] compile ../../src/trace_processor/util/trace_blob.cc
[281/603] compile ../../src/protovm/allocator.cc
[282/603] compile gen/protos/perfetto/common/android_log_constants.pbzero.cc
[283/603] compile gen/protos/perfetto/common/builtin_clock.pbzero.cc
[284/603] compile ../../src/protozero/descriptor_diff/main.cc
[285/603] compile gen/protos/perfetto/common/android_energy_consumer_descriptor.pbzero.cc
[286/603] compile gen/protos/perfetto/common/commit_data_request.pbzero.cc
[287/603] compile gen/protos/perfetto/common/data_source_descriptor.pbzero.cc
[288/603] compile gen/protos/perfetto/common/descriptor.pbzero.cc
[289/603] compile gen/protos/perfetto/common/ftrace_descriptor.pbzero.cc
[290/603] compile gen/protos/perfetto/common/gpu_counter_descriptor.pbzero.cc
[291/603] compile gen/protos/perfetto/common/interceptor_descriptor.pbzero.cc
[292/603] compile gen/protos/perfetto/common/observable_events.pbzero.cc
[293/603] compile gen/protos/perfetto/common/perf_events.pbzero.cc
[294/603] compile gen/protos/perfetto/common/sys_stats_counters.pbzero.cc
[295/603] compile gen/protos/perfetto/common/system_info.pbzero.cc
[296/603] compile ../../src/protozero/descriptor_diff/descriptor_diff.cc
[297/603] compile gen/protos/perfetto/common/trace_attributes.pbzero.cc
[298/603] compile gen/protos/perfetto/common/trace_stats.pbzero.cc
[299/603] compile gen/protos/perfetto/common/tracing_service_state.pbzero.cc
[300/603] compile gen/protos/perfetto/common/track_event_descriptor.pbzero.cc
[301/603] compile gen/protos/perfetto/common/tracing_service_capabilities.pbzero.cc
[302/603] compile gen/protos/perfetto/config/statsd/atom_ids.pbzero.cc
[303/603] compile gen/protos/perfetto/config/statsd/statsd_tracing_config.pbzero.cc
[304/603] link ./protozero_descriptor_diff
[305/603] ACTION //protos/perfetto/trace/android:zero_gen(//gn/standalone/toolchain:gcc_like)
[306/603] ACTION //protos/perfetto/trace/statsd:zero_gen(//gn/standalone/toolchain:gcc_like)
[307/603] compile gen/protos/perfetto/trace/android/recovered_trace_info.pbzero.cc
[308/603] ACTION //protos/perfetto/trace/sys_stats:zero_gen(//gn/standalone/toolchain:gcc_like)
[309/603] compile gen/protos/perfetto/trace/android/pixel_modem_events.pbzero.cc
[310/603] compile gen/protos/perfetto/trace/android/kernel_wakelock_data.pbzero.cc
[311/603] compile gen/protos/perfetto/trace/android/android_aflags.pbzero.cc
[312/603] compile gen/protos/perfetto/trace/android/initial_display_state.pbzero.cc
[313/603] compile gen/protos/perfetto/trace/android/graphics_frame_event.pbzero.cc
[314/603] compile gen/protos/perfetto/trace/android/user_list.pbzero.cc
[315/603] compile gen/protos/perfetto/trace/android/android_system_property.pbzero.cc
[316/603] compile gen/protos/perfetto/trace/android/packages_list.pbzero.cc
[317/603] compile gen/protos/perfetto/trace/android/android_game_intervention_list.pbzero.cc
[318/603] compile gen/protos/perfetto/trace/android/cpu_per_uid_data.pbzero.cc
[319/603] compile gen/protos/perfetto/trace/android/android_log.pbzero.cc
[320/603] compile gen/protos/perfetto/trace/statsd/statsd_atom.pbzero.cc
[321/603] compile gen/protos/perfetto/trace/sys_stats/sys_stats.pbzero.cc
[322/603] ACTION //protos/perfetto/trace/gpu:zero_gen(//gn/standalone/toolchain:gcc_like)
[323/603] ACTION //protos/perfetto/trace_processor:zero_gen(//gn/standalone/toolchain:gcc_like)
[324/603] ACTION //protos/perfetto/trace/power:zero_gen(//gn/standalone/toolchain:gcc_like)
[325/603] compile gen/protos/perfetto/trace/gpu/gpu_counter_event.pbzero.cc
[326/603] compile gen/protos/perfetto/trace_processor/serialization.pbzero.cc
[327/603] compile gen/protos/perfetto/trace_processor/stack.pbzero.cc
[328/603] compile gen/protos/perfetto/trace_processor/metatrace_categories.pbzero.cc
[329/603] compile gen/protos/perfetto/trace_processor/trace_processor.pbzero.cc
[330/603] compile gen/protos/perfetto/trace/gpu/gpu_log.pbzero.cc
[331/603] compile gen/protos/perfetto/trace/gpu/gpu_mem_event.pbzero.cc
[332/603] compile gen/protos/perfetto/trace/gpu/vulkan_api_event.pbzero.cc
[333/603] compile gen/protos/perfetto/trace/gpu/vulkan_memory_event.pbzero.cc
[334/603] compile gen/protos/perfetto/trace/gpu/gpu_render_stage_event.pbzero.cc
[335/603] compile gen/protos/perfetto/trace/power/battery_counters.pbzero.cc
[336/603] compile gen/protos/perfetto/trace/power/power_rails.pbzero.cc
[337/603] compile gen/protos/perfetto/trace/power/android_entity_state_residency.pbzero.cc
[338/603] compile gen/protos/perfetto/trace/power/android_energy_estimation_breakdown.pbzero.cc
[339/603] compile ../../src/trace_processor/util/clock_synchronizer.cc
[340/603] ACTION //protos/perfetto/trace/profiling:zero_gen(//gn/standalone/toolchain:gcc_like)
[341/603] compile gen/protos/perfetto/trace/profiling/deobfuscation.pbzero.cc
[342/603] compile gen/protos/perfetto/trace/profiling/profile_common.pbzero.cc
[343/603] ACTION //protos/third_party/chromium:extension_descriptor(//gn/standalone/toolchain:gcc_like)
[344/603] ACTION //protos/third_party/android:extension_descriptor(//gn/standalone/toolchain:gcc_like)
[345/603] compile gen/protos/perfetto/trace/profiling/art_process_metadata.pbzero.cc
[346/603] compile gen/protos/perfetto/trace/profiling/smaps.pbzero.cc
[347/603] compile gen/protos/perfetto/trace/profiling/profile_packet.pbzero.cc
[348/603] compile gen/protos/perfetto/trace/profiling/stack_sample.pbzero.cc
[349/603] ACTION //protos/perfetto/trace/interned_data:zero_gen(//gn/standalone/toolchain:gcc_like)
[350/603] ACTION //src/trace_processor/importers/proto:gen_cc_chrome_track_event_descriptor(//gn/standalone/toolchain:gcc_like)
[351/603] compile gen/protos/perfetto/trace/interned_data/interned_data.pbzero.cc
[352/603] ACTION //protos/perfetto/trace/gpu:gpu_interned_data_zero_gen(//gn/standalone/toolchain:gcc_like)
[353/603] compile gen/protos/perfetto/trace/gpu/gpu_interned_data.pbzero.cc
[354/603] compile ../../src/trace_processor/core/interpreter/bytecode_builder.cc
[355/603] compile ../../src/trace_processor/core/util/ops.cc
[356/603] compile ../../src/trace_processor/core/interpreter/bytecode_interpreter_impl.cc
[357/603] compile ../../src/trace_processor/core/interpreter/bytecode_to_string.cc
[358/603] compile ../../src/trace_processor/core/util/row_layout_sort.cc
[359/603] compile ../../src/trace_processor/core/dataframe/query_plan.cc
[360/603] ACTION //src/trace_processor/importers/proto:gen_cc_android_extension_descriptor(//gn/standalone/toolchain:gcc_like)
[361/603] compile ../../src/trace_processor/importers/fuchsia/fuchsia_record.cc
[362/603] compile ../../src/trace_processor/util/proto_profiler.cc
[363/603] compile ../../src/trace_processor/util/proto_to_args_parser.cc
[364/603] ACTION //protos/perfetto/config/android:zero_gen(//gn/standalone/toolchain:gcc_like)
[365/603] ACTION //protos/perfetto/config/interceptors:zero_gen(//gn/standalone/toolchain:gcc_like)
[366/603] compile gen/protos/perfetto/config/interceptors/console_config.pbzero.cc
[367/603] ACTION //protos/perfetto/config/profiling:zero_gen(//gn/standalone/toolchain:gcc_like)
[368/603] compile gen/protos/perfetto/config/profiling/smaps_config.pbzero.cc
[369/603] compile gen/protos/perfetto/config/profiling/heapprofd_config.pbzero.cc
[370/603] compile ../../src/trace_processor/util/protozero_to_text.cc
[371/603] compile gen/protos/perfetto/config/profiling/java_hprof_config.pbzero.cc
[372/603] compile gen/protos/perfetto/config/profiling/perf_event_config.pbzero.cc
[373/603] compile ../../src/trace_processor/util/descriptors.cc
[374/603] compile ../../src/trace_processor/containers/string_pool.cc
[375/603] compile ../../src/trace_processor/core/common/string_ranks.cc
[376/603] compile ../../src/trace_processor/core/dataframe/adhoc_dataframe_builder.cc
[377/603] compile ../../src/trace_processor/core/dataframe/arrow_serializer.cc
[378/603] compile ../../src/trace_processor/core/dataframe/arrow_deserializer.cc
[379/603] compile ../../src/trace_processor/core/dataframe/bytecode_lowering.cc
[380/603] compile gen/protos/perfetto/config/android/android_aflags_config.pbzero.cc
[381/603] compile gen/protos/perfetto/config/android/android_input_event_config.pbzero.cc
[382/603] compile gen/protos/perfetto/config/android/protolog_config.pbzero.cc
[383/603] compile gen/protos/perfetto/config/android/surfaceflinger_transactions_config.pbzero.cc
[384/603] compile ../../src/trace_processor/core/dataframe/typed_cursor.cc
[385/603] compile gen/protos/perfetto/config/android/android_game_intervention_list_config.pbzero.cc
[386/603] compile gen/protos/perfetto/config/android/android_log_config.pbzero.cc
[387/603] compile gen/protos/perfetto/config/android/android_polled_state_config.pbzero.cc
[388/603] compile gen/protos/perfetto/config/android/android_process_state_config.pbzero.cc
[389/603] compile ../../src/trace_processor/core/dataframe/logical_plan.cc
[390/603] compile gen/protos/perfetto/config/android/android_sdk_sysprop_guard_config.pbzero.cc
[391/603] compile gen/protos/perfetto/config/android/app_wakelock_config.pbzero.cc
[392/603] compile gen/protos/perfetto/config/android/android_system_property_config.pbzero.cc
[393/603] compile gen/protos/perfetto/config/android/cpu_per_uid_config.pbzero.cc
[394/603] compile gen/protos/perfetto/config/android/display_video_config.pbzero.cc
[395/603] compile gen/protos/perfetto/config/android/inputmethod_config.pbzero.cc
[396/603] compile gen/protos/perfetto/config/android/kernel_wakelocks_config.pbzero.cc
[397/603] compile gen/protos/perfetto/config/android/network_trace_config.pbzero.cc
[398/603] compile gen/protos/perfetto/config/android/packages_list_config.pbzero.cc
[399/603] compile gen/protos/perfetto/config/android/pixel_modem_config.pbzero.cc
[400/603] compile gen/protos/perfetto/config/android/user_list_config.pbzero.cc
[401/603] compile gen/protos/perfetto/config/android/surfaceflinger_layers_config.pbzero.cc
[402/603] compile gen/protos/perfetto/config/android/windowmanager_config.pbzero.cc
[403/603] ACTION //protos/perfetto/config/qnx:zero_gen(//gn/standalone/toolchain:gcc_like)
[404/603] ACTION //protos/perfetto/config/sys_stats:zero_gen(//gn/standalone/toolchain:gcc_like)
[405/603] ACTION //protos/perfetto/config/system_info:zero_gen(//gn/standalone/toolchain:gcc_like)
[406/603] compile gen/protos/perfetto/config/qnx/qnx_config.pbzero.cc
[407/603] compile gen/protos/perfetto/config/sys_stats/sys_stats_config.pbzero.cc
[408/603] compile gen/protos/perfetto/config/system_info/system_info_config.pbzero.cc
[409/603] ACTION //protos/perfetto/config/track_event:zero_gen(//gn/standalone/toolchain:gcc_like)
[410/603] compile gen/protos/perfetto/config/track_event/track_event_config.pbzero.cc
[411/603] ACTION //protos/perfetto/config:zero_gen(//gn/standalone/toolchain:gcc_like)
[412/603] compile gen/protos/perfetto/config/chrome/scenario_config.pbzero.cc
[413/603] compile gen/protos/perfetto/config/chrome/histogram_samples.pbzero.cc
[414/603] compile gen/protos/perfetto/config/chrome/chrome_config.pbzero.cc
[415/603] compile gen/protos/perfetto/config/chrome/v8_config.pbzero.cc
[416/603] compile gen/protos/perfetto/config/chrome/system_metrics.pbzero.cc
[417/603] compile gen/protos/perfetto/config/chrome/sampling_heap_profiler.pbzero.cc
[418/603] compile gen/protos/perfetto/config/chrome/stack_sampling_profiler.pbzero.cc
[419/603] compile gen/protos/perfetto/config/data_source_config.pbzero.cc
[420/603] compile gen/protos/perfetto/config/etw/etw_config.pbzero.cc
[421/603] compile gen/protos/perfetto/config/interceptor_config.pbzero.cc
[422/603] compile gen/protos/perfetto/config/stress_test_config.pbzero.cc
[423/603] compile gen/protos/perfetto/config/test_config.pbzero.cc
[424/603] compile gen/protos/perfetto/config/trace_config.pbzero.cc
[425/603] ACTION //protos/perfetto/trace:minimal_zero_gen(//gn/standalone/toolchain:gcc_like)
[426/603] compile ../../src/trace_processor/core/dataframe/dataframe.cc
[427/603] compile gen/protos/perfetto/trace/trace_uuid.pbzero.cc
[428/603] compile gen/protos/perfetto/trace/clock_snapshot.pbzero.cc
[429/603] compile gen/protos/perfetto/trace/trigger.pbzero.cc
[430/603] ACTION //protos/perfetto/trace:non_minimal_zero_gen(//gn/standalone/toolchain:gcc_like)
[431/603] compile gen/protos/perfetto/trace/test_event.pbzero.cc
[432/603] compile gen/protos/perfetto/trace/trace_packet_defaults.pbzero.cc
[433/603] compile gen/protos/perfetto/trace/remote_clock_sync.pbzero.cc
[434/603] compile gen/protos/perfetto/trace/trace_packet.pbzero.cc
[435/603] compile gen/protos/perfetto/trace/trace.pbzero.cc
[436/603] compile gen/protos/perfetto/trace/memory_graph.pbzero.cc
[437/603] compile gen/protos/perfetto/trace/test_extensions.pbzero.cc
[438/603] compile gen/protos/perfetto/trace/ui_state.pbzero.cc
[439/603] compile gen/protos/perfetto/trace/extension_descriptor.pbzero.cc
[440/603] ACTION //protos/third_party/android/packages/modules/bluetooth/tracing:bluetooth_tracing_zero_gen(//gn/standalone/toolchain:gcc_like)
[441/603] compile gen/protos/third_party/android/packages/modules/bluetooth/tracing/bluetooth_trace.pbzero.cc
[442/603] ACTION //protos/third_party/android/art:art_heap_graph_zero_gen(//gn/standalone/toolchain:gcc_like)
[443/603] compile gen/protos/third_party/android/art/heap_graph.pbzero.cc
[444/603] ACTION //protos/third_party/android/connectivity:connectivity_network_trace_zero_gen(//gn/standalone/toolchain:gcc_like)
[445/603] compile gen/protos/third_party/android/connectivity/network_trace.pbzero.cc
[446/603] ACTION //protos/third_party/android/frameworks/base/proto/tracing:frameworks_base_interned_data_zero_gen(//gn/standalone/toolchain:gcc_like)
[447/603] compile gen/protos/third_party/android/frameworks/base/proto/tracing/frameworks_base_interned_data.pbzero.cc
[448/603] ACTION //protos/third_party/android/frameworks/base/proto/tracing:frameworks_base_trace_packet_zero_gen(//gn/standalone/toolchain:gcc_like)
[449/603] compile gen/protos/third_party/android/frameworks/base/proto/tracing/frameworks_base_trace_packet.pbzero.cc
[450/603] ACTION //protos/third_party/android/frameworks/native/tracing:frameworks_native_trace_packet_zero_gen(//gn/standalone/toolchain:gcc_like)
[451/603] compile gen/protos/third_party/android/frameworks/native/tracing/frameworks_native_trace_packet.pbzero.cc
[452/603] compile ../../src/trace_processor/importers/common/deobfuscation_mapping_table.cc
[453/603] compile ../../src/trace_processor/virtual_destructors.cc
[454/603] compile ../../src/trace_processor/importers/ftrace/ftrace_module.cc
[455/603] compile ../../streaming-parser-audit/benchmark.cc
FAILED: obj/streaming-parser-audit/streaming_parser_benchmark.benchmark.o 
ccache clang++ -MMD -MF obj/streaming-parser-audit/streaming_parser_benchmark.benchmark.o.d -DNDEBUG -DPERFETTO_IMPLEMENTATION -I../.. -I../../src/profiling/memory/include -I../../include -Igen/build_config -Igen -fstrict-aliasing -Wformat -g -fPIC -fstack-protector-strong -fcolor-diagnostics -fdiagnostics-show-template-tree -fno-omit-frame-pointer -Wall -Wextra -Wpedantic -Wextra-semi -Wsign-conversion -Wno-c++98-compat-pedantic -Wno-c++98-compat -Wno-c2y-extensions -Wno-disabled-macro-expansion -Wno-documentation-unknown-command -Wno-gnu-include-next -Wno-gnu-statement-expression -Wno-gnu-zero-variadic-macro-arguments -Wno-padded -Wno-poison-system-directories -Wno-pre-c11-compat -Wno-c2y-extensions -Wno-reserved-id-macro -Wno-reserved-identifier -Wno-shadow-uncaptured-local -Wno-unknown-sanitizers -Wno-unknown-warning-option -Wno-unsafe-buffer-usage -Wno-lifetime-safety-intra-tu-suggestions -Wno-lifetime-safety-cross-tu-suggestions -Wno-lifetime-safety-invalidation -Wno-lifetime-safety-lifetimebound-violation -Wno-lifetime-safety-intra-tu-misplaced-lifetimebound -Wno-lifetime-safety-return-stack-addr -Wno-lifetime-safety-return-stack-addr-moved -Wno-lifetime-safety-dangling-field-moved -Wno-lifetime-safety-use-after-scope-moved -Wno-lifetime-safety-dangling-global -Wno-unique-object-duplication -Wno-nrvo -Wno-switch-default -fvisibility=hidden -O3 -fdata-sections -ffunction-sections -fno-exceptions -fno-rtti -std=c++17      -c ../../streaming-parser-audit/benchmark.cc -o obj/streaming-parser-audit/streaming_parser_benchmark.benchmark.o
../../streaming-parser-audit/benchmark.cc:98:32: error: member access into incomplete type 'const tables::SchedSliceTable'
   98 |          usage.ru_maxrss, sched.row_count(), sched.dataframe().first_retained_row(),
      |                                ^
gen/src/trace_processor/tables/sched_tables_fwd.h:40:7: note: forward declaration of 'perfetto::trace_processor::tables::SchedSliceTable'
   40 | class SchedSliceTable;
      |       ^
../../streaming-parser-audit/benchmark.cc:98:51: error: member access into incomplete type 'const tables::SchedSliceTable'
   98 |          usage.ru_maxrss, sched.row_count(), sched.dataframe().first_retained_row(),
      |                                                   ^
gen/src/trace_processor/tables/sched_tables_fwd.h:40:7: note: forward declaration of 'perfetto::trace_processor::tables::SchedSliceTable'
   40 | class SchedSliceTable;
      |       ^
2 errors generated.
[456/603] compile ../../src/trace_processor/importers/common/event_tracker.cc
[457/603] compile ../../src/trace_processor/importers/ftrace/generic_ftrace_tracker.cc
[458/603] compile ../../src/trace_processor/importers/ftrace/mali_gpu_event_tracker.cc
ninja: build stopped: subcommand failed.
ninja: Entering directory `out/mac_release'
[0/1] Regenerating ninja files
[1/146] compile ../../src/trace_processor/importers/common/clock_converter.cc
[2/146] compile ../../src/trace_processor/importers/generic_kernel/generic_kernel_module.cc
[3/146] compile ../../src/trace_processor/importers/i2c/i2c_tracker.cc
[4/146] compile ../../src/trace_processor/importers/common/args_translation_table.cc
[5/146] compile ../../src/trace_processor/importers/common/args_tracker.cc
[6/146] compile ../../src/trace_processor/importers/common/cpu_tracker.cc
[7/146] compile ../../src/trace_processor/importers/generic_kernel/generic_kernel_parser.cc
[8/146] compile ../../src/trace_processor/importers/common/global_args_tracker.cc
[9/146] compile ../../src/trace_processor/importers/common/clock_tracker.cc
[10/146] compile ../../src/trace_processor/importers/common/global_metadata_tracker.cc
[11/146] compile ../../src/trace_processor/importers/common/gpu_tracker.cc
[12/146] compile ../../src/trace_processor/importers/common/flow_tracker.cc
[13/146] compile ../../src/trace_processor/importers/common/import_logs_tracker.cc
[14/146] compile ../../src/trace_processor/importers/common/machine_tracker.cc
[15/146] compile ../../src/trace_processor/importers/common/jit_cache.cc
[16/146] compile ../../src/trace_processor/importers/common/metadata_tracker.cc
[17/146] compile ../../src/trace_processor/importers/common/legacy_v8_cpu_profile_tracker.cc
[18/146] compile ../../src/trace_processor/importers/common/mapping_tracker.cc
[19/146] compile ../../src/trace_processor/importers/common/process_track_translation_table.cc
[20/146] compile ../../src/trace_processor/importers/common/registered_file_tracker.cc
[21/146] compile ../../src/trace_processor/importers/common/slice_translation_table.cc
[22/146] compile ../../src/trace_processor/importers/common/profiler_sample_tracker.cc
[23/146] compile ../../src/trace_processor/importers/common/process_tracker.cc
[24/146] compile ../../src/trace_processor/importers/common/sched_event_tracker.cc
[25/146] compile ../../src/trace_processor/importers/common/stack_profile_tracker.cc
[26/146] compile ../../src/trace_processor/importers/common/slice_tracker.cc
[27/146] compile ../../src/trace_processor/importers/common/system_info_tracker.cc
[28/146] compile ../../src/trace_processor/importers/common/sparse_counter_tracker.cc
[29/146] compile ../../src/trace_processor/importers/common/state_tracker.cc
[30/146] compile ../../src/trace_processor/importers/common/symbol_tracker.cc
[31/146] compile ../../src/trace_processor/importers/common/trace_diagnostics_tracker.cc
[32/146] compile ../../src/trace_processor/importers/common/trace_file_tracker.cc
[33/146] compile ../../src/trace_processor/importers/common/trace_diagnostics_tracker_helper.cc
[34/146] compile ../../src/trace_processor/importers/common/thread_state_tracker.cc
[35/146] compile ../../src/trace_processor/importers/common/virtual_memory_mapping.cc
[36/146] compile ../../src/trace_processor/importers/common/track_compressor.cc
[37/146] compile ../../src/trace_processor/importers/common/track_tracker.cc
[38/146] compile ../../src/trace_processor/importers/proto/android_kernel_wakelocks_state.cc
[39/146] compile ../../src/trace_processor/importers/proto/android_cpu_per_uid_state.cc
[40/146] compile ../../src/trace_processor/importers/proto/android_cpu_per_uid_module.cc
[41/146] compile ../../src/trace_processor/importers/proto/android_kernel_wakelocks_module.cc
[42/146] compile ../../src/trace_processor/importers/proto/android_probes_tracker.cc
[43/146] compile ../../src/trace_processor/importers/proto/android_probes_module.cc
[44/146] compile ../../src/trace_processor/importers/proto/additional_modules.cc
[45/146] compile ../../src/trace_processor/importers/proto/android_probes_parser.cc
[46/146] compile ../../src/trace_processor/importers/proto/content_analyzer.cc
[47/146] compile ../../src/trace_processor/importers/proto/deobfuscation_module.cc
[48/146] compile ../../src/trace_processor/importers/proto/deobfuscation_tracker.cc
[49/146] compile ../../src/trace_processor/importers/proto/gpu_counter_sequence_state.cc
[50/146] compile ../../src/trace_processor/importers/etw/etw_module.cc
[51/146] compile ../../src/trace_processor/importers/proto/frame_timeline_event_parser.cc
[52/146] compile ../../src/trace_processor/importers/etw/etw_module_impl.cc
[53/146] compile ../../src/trace_processor/importers/etw/disk_io_tracker.cc
[54/146] compile ../../src/trace_processor/importers/etw/file_io_tracker.cc
[55/146] compile ../../src/trace_processor/importers/proto/heap_graph_module.cc
[56/146] compile ../../src/trace_processor/importers/proto/graphics_frame_event_parser.cc
[57/146] compile ../../src/trace_processor/importers/ftrace/virtio_video_tracker.cc
[58/146] compile ../../src/trace_processor/importers/ftrace/virtio_gpu_tracker.cc
[59/146] compile ../../src/trace_processor/importers/ftrace/v4l2_tracker.cc
[60/146] compile ../../src/trace_processor/importers/ftrace/rss_stat_tracker.cc
[61/146] compile ../../src/trace_processor/importers/ftrace/thermal_tracker.cc
[62/146] compile ../../src/trace_processor/importers/ftrace/pkvm_hyp_cpu_tracker.cc
[63/146] compile ../../src/trace_processor/importers/ftrace/pixel_mm_kswapd_event_tracker.cc
[64/146] compile ../../src/trace_processor/importers/ftrace/iostat_tracker.cc
[65/146] compile ../../src/trace_processor/importers/ftrace/pixel_display_tracker.cc
[66/146] compile ../../src/trace_processor/importers/ftrace/ftrace_tokenizer.cc
[67/146] compile ../../src/trace_processor/importers/ftrace/gpu_work_period_tracker.cc
[68/146] compile ../../src/trace_processor/importers/ftrace/ftrace_sched_event_tracker.cc
[69/146] compile ../../src/trace_processor/importers/etw/etw_tokenizer.cc
[70/146] compile ../../src/trace_processor/importers/ftrace/binder_tracker.cc
[71/146] compile ../../src/trace_processor/importers/ftrace/drm_tracker.cc
[72/146] compile ../../src/trace_processor/importers/ftrace/ftrace_module_impl.cc
[73/146] compile ../../src/trace_processor/importers/common/global_stats_tracker.cc
[74/146] compile ../../src/trace_processor/importers/etw/etw_parser.cc
[75/146] compile ../../src/trace_processor/util/trace_type.cc
[76/146] compile ../../src/trace_processor/importers/ftrace/ftrace_parser.cc
[77/146] compile ../../src/trace_processor/util/profiler_util.cc
[78/146] compile ../../src/trace_processor/importers/proto/graphics_event_module.cc
[79/146] compile ../../src/trace_processor/util/json_args.cc
[80/146] compile ../../src/trace_processor/types/gfp_flags.cc
[81/146] compile ../../src/trace_processor/types/task_state.cc
[82/146] compile ../../src/trace_processor/sorter/trace_token_buffer.cc
[83/146] compile ../../src/trace_processor/trace_reader_registry.cc
[84/146] compile ../../src/trace_processor/importers/proto/blob_packet_writer.cc
[85/146] compile ../../src/trace_processor/importers/proto/chrome_string_lookup.cc
[86/146] compile ../../src/trace_processor/sorter/trace_sorter.cc
[87/146] compile ../../src/trace_processor/storage/trace_storage.cc
[88/146] compile ../../src/trace_processor/trace_processor_storage.cc
[89/146] compile ../../src/trace_processor/importers/proto/track_event_sequence_state.cc
[90/146] compile ../../src/trace_processor/forwarding_trace_parser.cc
[91/146] compile ../../src/trace_processor/trace_processor_storage_impl.cc
[92/146] compile ../../streaming-parser-audit/benchmark.cc
[93/146] compile ../../src/trace_processor/importers/proto/protovm_incremental_tracing.cc
[94/146] compile ../../src/trace_processor/importers/proto/memory_tracker_snapshot_module.cc
[95/146] compile ../../src/trace_processor/trace_processor_context.cc
[96/146] compile ../../src/trace_processor/importers/proto/chrome_system_probes_parser.cc
[97/146] compile ../../src/trace_processor/importers/proto/concurrent_sessions_module.cc
[98/146] compile ../../src/trace_processor/importers/proto/metadata_minimal_module.cc
[99/146] compile ../../src/trace_processor/importers/proto/track_event_parser.cc
[100/146] compile ../../src/trace_processor/importers/proto/chrome_system_probes_module.cc
[101/146] compile ../../src/trace_processor/importers/proto/incremental_state.cc
[102/146] compile ../../src/trace_processor/importers/proto/default_modules.cc
[103/146] compile ../../src/trace_processor/importers/proto/network_trace_module.cc
[104/146] compile ../../src/trace_processor/importers/proto/user_tracker.cc
[105/146] compile ../../src/trace_processor/importers/proto/track_event_extension_parser.cc
[106/146] compile ../../src/trace_processor/importers/proto/track_event_arg_fields.cc
[107/146] compile ../../src/trace_processor/importers/proto/tracing_service_module.cc
[108/146] compile ../../src/trace_processor/importers/proto/track_event_module.cc
[109/146] compile ../../src/trace_processor/importers/proto/track_event_tokenizer.cc
[110/146] compile ../../src/trace_processor/importers/proto/active_chrome_processes_tracker.cc
[111/146] compile ../../src/trace_processor/importers/proto/vulkan_memory_tracker.cc
[112/146] compile ../../src/trace_processor/importers/proto/args_parser.cc
[113/146] compile ../../src/trace_processor/importers/proto/app_wakelock_module.cc
[114/146] compile ../../src/trace_processor/importers/proto/v8_sequence_state.cc
[115/146] compile ../../src/trace_processor/importers/proto/string_encoding_utils.cc
[116/146] compile ../../src/trace_processor/importers/proto/v8_tracker.cc
[117/146] compile ../../src/trace_processor/importers/proto/v8_module.cc
[118/146] compile ../../src/trace_processor/importers/proto/translation_table_module.cc
[119/146] compile ../../src/trace_processor/importers/proto/system_probes_module.cc
[120/146] compile ../../src/trace_processor/importers/proto/pigweed_detokenizer.cc
[121/146] compile ../../src/trace_processor/importers/proto/pixel_modem_module.cc
[122/146] compile ../../src/trace_processor/importers/proto/system_probes_parser.cc
[123/146] compile ../../src/trace_processor/importers/proto/pixel_modem_parser.cc
[124/146] compile ../../src/trace_processor/importers/proto/statsd_module.cc
[125/146] compile ../../src/trace_processor/importers/proto/linux_probes_module.cc
[126/146] compile ../../src/trace_processor/importers/proto/metadata_module.cc
[127/146] compile ../../src/trace_processor/importers/proto/profile_module.cc
[128/146] compile ../../src/trace_processor/importers/proto/proto_trace_tokenizer.cc
[129/146] compile ../../src/trace_processor/importers/proto/linux_probes_parser.cc
[130/146] compile ../../src/trace_processor/importers/proto/jit_tracker.cc
[131/146] compile ../../src/trace_processor/importers/proto/packet_sequence_state_generation.cc
[132/146] compile ../../src/trace_processor/importers/proto/profile_packet_utils.cc
[133/146] compile ../../src/trace_processor/importers/proto/stack_profile_sequence_state.cc
[134/146] compile ../../src/trace_processor/importers/proto/heap_graph_tracker.cc
[135/146] compile ../../src/trace_processor/importers/proto/proto_trace_parser_impl.cc
[136/146] compile ../../src/trace_processor/importers/proto/packet_analyzer.cc
[137/146] compile ../../src/trace_processor/importers/proto/proto_trace_reader.cc
[138/146] compile ../../src/trace_processor/importers/proto/profile_packet_sequence_state.cc
[139/146] compile ../../src/trace_processor/importers/proto/perf_sample_tracker.cc
[140/146] compile ../../src/trace_processor/importers/proto/proto_importer_module.cc
[141/146] compile ../../src/trace_processor/importers/proto/memory_tracker_snapshot_parser.cc
[142/146] compile ../../src/trace_processor/importers/syscalls/syscall_tracker.cc
[143/146] compile ../../src/trace_processor/importers/proto/track_event_tracker.cc
[144/146] compile ../../src/trace_processor/importers/systrace/systrace_parser.cc
[145/146] compile ../../src/trace_processor/importers/proto/gpu_event_parser.cc
[146/146] link ./streaming_parser_benchmark
