[==========] Running 116 tests.
[ RUN      ] JsonParser:args_ordered
[       OK ] JsonParser:args_ordered (ingest: 50.14 ms query: 0.14 ms)
[ RUN      ] JsonParser:invalid_string_ts_and_dur
[       OK ] JsonParser:invalid_string_ts_and_dur (ingest: 51.50 ms query: 0.06 ms)
[ RUN      ] JsonParser:json_counter_args
[       OK ] JsonParser:json_counter_args (ingest: 61.17 ms query: 0.56 ms)
[ RUN      ] JsonParser:json_flow
[       OK ] JsonParser:json_flow (ingest: 53.91 ms query: 4.22 ms)
[ RUN      ] JsonParser:json_extreme_vals
[       OK ] JsonParser:json_extreme_vals (ingest: 45.96 ms query: 2.72 ms)
[ RUN      ] JsonParser:json_all_slice_types
[       OK ] JsonParser:json_all_slice_types (ingest: 59.22 ms query: 7.73 ms)
[ RUN      ] JsonParser:json_async
[       OK ] JsonParser:json_async (ingest: 66.78 ms query: 4.91 ms)
[ RUN      ] JsonParser:json_id2
[       OK ] JsonParser:json_id2 (ingest: 53.13 ms query: 4.24 ms)
[ RUN      ] JsonParser:json_id2_global_int_id
[       OK ] JsonParser:json_id2_global_int_id (ingest: 39.17 ms query: 0.13 ms)
[ RUN      ] JsonParser:json_id2_local_string_id
[       OK ] JsonParser:json_id2_local_string_id (ingest: 52.49 ms query: 0.13 ms)
[ RUN      ] JsonParser:json_id2_global_string_id
[       OK ] JsonParser:json_id2_global_string_id (ingest: 56.21 ms query: 0.13 ms)
[ RUN      ] JsonParser:json_incomplete
[       OK ] JsonParser:json_incomplete (ingest: 59.14 ms query: 0.06 ms)
[ RUN      ] JsonParser:json_id2_local_int_id
[       OK ] JsonParser:json_id2_local_int_id (ingest: 62.31 ms query: 0.16 ms)
[ RUN      ] JsonParser:json_metadata_missing_or_invalid_ts
[       OK ] JsonParser:json_metadata_missing_or_invalid_ts (ingest: 47.60 ms query: 0.10 ms)
[ RUN      ] JsonParser:json_metadata
[       OK ] JsonParser:json_metadata (ingest: 60.39 ms query: 4.91 ms)
[ RUN      ] JsonParser:json_pid_tid_zero
[       OK ] JsonParser:json_pid_tid_zero (ingest: 74.89 ms query: 0.08 ms)
[ RUN      ] JsonParser:json_sort_index_hints
[       OK ] JsonParser:json_sort_index_hints (ingest: 84.12 ms query: 0.22 ms)
[ RUN      ] JsonParser:json_trailing_comma
[       OK ] JsonParser:json_trailing_comma (ingest: 53.36 ms query: 0.07 ms)
[ RUN      ] JsonParser:json_thread_state_sched
[       OK ] JsonParser:json_thread_state_sched (ingest: 57.26 ms query: 0.23 ms)
[ RUN      ] JsonParser:overlapping_complete_event_import_log
[       OK ] JsonParser:overlapping_complete_event_import_log (ingest: 52.72 ms query: 0.27 ms)
[ RUN      ] JsonParser:json_thread_state
[       OK ] JsonParser:json_thread_state (ingest: 66.88 ms query: 0.22 ms)
[ RUN      ] JsonParser:json_trace_metadata
[       OK ] JsonParser:json_trace_metadata (ingest: 50.45 ms query: 0.13 ms)
[ RUN      ] JsonParser:json_sort_index_ordering
[       OK ] JsonParser:json_sort_index_ordering (ingest: 62.33 ms query: 0.68 ms)
[ RUN      ] JsonParser:overlapping_complete_event_recovered
[       OK ] JsonParser:overlapping_complete_event_recovered (ingest: 67.89 ms query: 0.32 ms)
[ RUN      ] JsonParser:string_pid_tid
[       OK ] JsonParser:string_pid_tid (ingest: 62.95 ms query: 0.17 ms)
[ RUN      ] JsonParser:string_ts_and_dur
[       OK ] JsonParser:string_ts_and_dur (ingest: 48.39 ms query: 0.07 ms)
[ RUN      ] JsonParser:string_ts_trailing_chars
[       OK ] JsonParser:string_ts_trailing_chars (ingest: 47.92 ms query: 0.06 ms)
[ RUN      ] JsonParser:string_tts_and_tdur
[       OK ] JsonParser:string_tts_and_tdur (ingest: 64.67 ms query: 0.08 ms)
[ RUN      ] JsonParser:trailing_empty_event
[       OK ] JsonParser:trailing_empty_event (ingest: 77.91 ms query: 0.11 ms)
[ RUN      ] JsonParser:x_event_order
[       OK ] JsonParser:x_event_order (ingest: 64.51 ms query: 0.07 ms)
[ RUN      ] ProcessTracking:cmdline_is_comm_for_kthreads
[       OK ] ProcessTracking:cmdline_is_comm_for_kthreads (ingest: 159.19 ms query: 0.21 ms)
[ RUN      ] ProcessTracking:idle_thread_single_machine
[       OK ] ProcessTracking:idle_thread_single_machine (ingest: 165.95 ms query: 0.15 ms)
[ RUN      ] ProcessTracking:process_age_optionality
[       OK ] ProcessTracking:process_age_optionality (ingest: 146.31 ms query: 0.12 ms)
[ RUN      ] ProcessTracking:main_thread_comm_from_process_tree
[       OK ] ProcessTracking:main_thread_comm_from_process_tree (ingest: 146.56 ms query: 0.32 ms)
[ RUN      ] ProcessTracking:kworker_main_thread_name_redacted
[       OK ] ProcessTracking:kworker_main_thread_name_redacted (ingest: 167.12 ms query: 0.14 ms)
[ RUN      ] ProcessTracking:process_is_kthread_from_procfs
[       OK ] ProcessTracking:process_is_kthread_from_procfs (ingest: 153.57 ms query: 0.17 ms)
[ RUN      ] ProcessTracking:process_parent_pid_process_parent_pid_tracking_1
[       OK ] ProcessTracking:process_parent_pid_process_parent_pid_tracking_1 (ingest: 139.77 ms query: 0.33 ms)
[ RUN      ] ProcessTracking:process_parent_pid_process_parent_pid_tracking_2
[       OK ] ProcessTracking:process_parent_pid_process_parent_pid_tracking_2 (ingest: 140.50 ms query: 0.13 ms)
[ RUN      ] ProcessTracking:process_stats_process_runtime
[       OK ] ProcessTracking:process_stats_process_runtime (ingest: 151.96 ms query: 0.22 ms)
[ RUN      ] ProcessTracking:process_reparent_and_reuse
[       OK ] ProcessTracking:process_reparent_and_reuse (ingest: 165.80 ms query: 0.17 ms)
[ RUN      ] ProcessTracking:process_tracking
[       OK ] ProcessTracking:process_tracking (ingest: 143.03 ms query: 0.18 ms)
[ RUN      ] ProcessTracking:process_tracking_machine_id
[       OK ] ProcessTracking:process_tracking_machine_id (ingest: 156.70 ms query: 0.20 ms)
[ RUN      ] ProcessTracking:process_tracking_process_tracking_exec
[       OK ] ProcessTracking:process_tracking_process_tracking_exec (ingest: 173.94 ms query: 0.32 ms)
[ RUN      ] ProcessTracking:process_tracking_process_tracking_short_lived_1
[       OK ] ProcessTracking:process_tracking_process_tracking_short_lived_1 (ingest: 181.11 ms query: 0.32 ms)
[ RUN      ] ProcessTracking:unknown_thread_name_tracking
[       OK ] ProcessTracking:unknown_thread_name_tracking (ingest: 56.10 ms query: 0.13 ms)
[ RUN      ] ProcessTracking:process_tracking_process_tracking_short_lived_2
[       OK ] ProcessTracking:process_tracking_process_tracking_short_lived_2 (ingest: 167.18 ms query: 0.13 ms)
[ RUN      ] ProcessTracking:process_tracking_reused_thread_print
[       OK ] ProcessTracking:process_tracking_reused_thread_print (ingest: 169.55 ms query: 0.14 ms)
[ RUN      ] ProcessTracking:slice_with_pid_sde_tracing_mark_write
[       OK ] ProcessTracking:slice_with_pid_sde_tracing_mark_write (ingest: 156.00 ms query: 0.19 ms)
[ RUN      ] ProcessTracking:process_tracking_uid
[       OK ] ProcessTracking:process_tracking_uid (ingest: 150.14 ms query: 0.22 ms)
[ RUN      ] ProcessTracking:track_event_process_rename
[       OK ] ProcessTracking:track_event_process_rename (ingest: 161.44 ms query: 0.17 ms)
[ RUN      ] TrackEvent:experimental_slice_layout_depth
[       OK ] TrackEvent:experimental_slice_layout_depth (ingest: 185.35 ms query: 0.22 ms)
[ RUN      ] TrackEvent:flow_events_track_event
[       OK ] TrackEvent:flow_events_track_event (ingest: 153.41 ms query: 0.40 ms)
[ RUN      ] TrackEvent:legacy_async_event
[       OK ] TrackEvent:legacy_async_event (ingest: 123.88 ms query: 0.43 ms)
[ RUN      ] TrackEvent:incremental_counter_sequences
[       OK ] TrackEvent:incremental_counter_sequences (ingest: 123.06 ms query: 0.12 ms)
[ RUN      ] TrackEvent:flow_events_proto_v2
[       OK ] TrackEvent:flow_events_proto_v2 (ingest: 199.55 ms query: 0.37 ms)
[ RUN      ] TrackEvent:flow_events_proto_v1
[       OK ] TrackEvent:flow_events_proto_v1 (ingest: 237.45 ms query: 0.48 ms)
[ RUN      ] TrackEvent:range_of_interest
[       OK ] TrackEvent:range_of_interest (ingest: 127.45 ms query: 0.07 ms)
[ RUN      ] TrackEvent:state_track_legacy_fallback_error
[       OK ] TrackEvent:state_track_legacy_fallback_error (ingest: 139.21 ms query: 0.07 ms)
[ RUN      ] TrackEvent:streaming_profile_timestamp_delta_overflow
[       OK ] TrackEvent:streaming_profile_timestamp_delta_overflow (ingest: 131.51 ms query: 0.46 ms)
[ RUN      ] ProcessTracking:idle_thread_multi_machine
[       OK ] ProcessTracking:idle_thread_multi_machine (ingest: 1525.31 ms query: 0.98 ms)
[ RUN      ] TrackEvent:track_descriptor_process_thread_sort_index
[       OK ] TrackEvent:track_descriptor_process_thread_sort_index (ingest: 164.07 ms query: 0.16 ms)
[ RUN      ] TrackEvent:track_event_absolute_timestamp_us_overflow
[       OK ] TrackEvent:track_event_absolute_timestamp_us_overflow (ingest: 129.53 ms query: 0.14 ms)
[ RUN      ] TrackEvent:track_descriptor_process_thread_sort_index_default_ignored
[       OK ] TrackEvent:track_descriptor_process_thread_sort_index_default_ignored (ingest: 148.55 ms query: 0.13 ms)
[ RUN      ] TrackEvent:track_event_chrome_histogram_sample_args
[       OK ] TrackEvent:track_event_chrome_histogram_sample_args (ingest: 129.28 ms query: 0.19 ms)
[ RUN      ] TrackEvent:track_event_callstack_weights
[       OK ] TrackEvent:track_event_callstack_weights (ingest: 156.31 ms query: 0.14 ms)
[ RUN      ] TrackEvent:track_event_callstacks
[       OK ] TrackEvent:track_event_callstacks (ingest: 153.00 ms query: 0.89 ms)
[ RUN      ] TrackEvent:track_event_counters_slices
[       OK ] TrackEvent:track_event_counters_slices (ingest: 166.44 ms query: 0.31 ms)
[ RUN      ] TrackEvent:track_event_counters_counters
[       OK ] TrackEvent:track_event_counters_counters (ingest: 157.17 ms query: 0.41 ms)
[ RUN      ] TrackEvent:track_event_counters_counters_machine_id
[       OK ] TrackEvent:track_event_counters_counters_machine_id (ingest: 150.34 ms query: 0.14 ms)
[ RUN      ] TrackEvent:track_event_delta_timestamp_addition_overflow
[       OK ] TrackEvent:track_event_delta_timestamp_addition_overflow (ingest: 170.85 ms query: 0.15 ms)
[ RUN      ] TrackEvent:track_event_descriptions
[       OK ] TrackEvent:track_event_descriptions (ingest: 119.52 ms query: 0.36 ms)
[ RUN      ] TrackEvent:track_event_merged_debug_annotations_args
[       OK ] TrackEvent:track_event_merged_debug_annotations_args (ingest: 165.88 ms query: 0.20 ms)
[ RUN      ] TrackEvent:track_event_instant_slices
[       OK ] TrackEvent:track_event_instant_slices (ingest: 168.29 ms query: 0.27 ms)
[ RUN      ] TrackEvent:track_event_monotonic_trace_clock_slices
[       OK ] TrackEvent:track_event_monotonic_trace_clock_slices (ingest: 145.15 ms query: 0.28 ms)
[ RUN      ] TrackEvent:track_event_name_resolution_extended
[       OK ] TrackEvent:track_event_name_resolution_extended (ingest: 154.70 ms query: 0.11 ms)
[ RUN      ] TrackEvent:track_event_name_resolution
[       OK ] TrackEvent:track_event_name_resolution (ingest: 162.96 ms query: 0.09 ms)
[ RUN      ] TrackEvent:track_event_name_resolution_null_override
[       OK ] TrackEvent:track_event_name_resolution_null_override (ingest: 158.12 ms query: 0.07 ms)
[ RUN      ] TrackEvent:track_event_out_of_order_state_descriptors
[       OK ] TrackEvent:track_event_out_of_order_state_descriptors (ingest: 188.08 ms query: 0.12 ms)
[ RUN      ] TrackEvent:track_event_same_tids_threads
[       OK ] TrackEvent:track_event_same_tids_threads (ingest: 156.68 ms query: 0.15 ms)
[ RUN      ] TrackEvent:track_event_simple_state
[       OK ] TrackEvent:track_event_simple_state (ingest: 159.01 ms query: 0.13 ms)
[ RUN      ] TrackEvent:track_event_state_state
[       OK ] TrackEvent:track_event_state_state (ingest: 162.47 ms query: 0.68 ms)
[ RUN      ] TrackEvent:track_event_same_tids_slices
[       OK ] TrackEvent:track_event_same_tids_slices (ingest: 177.04 ms query: 0.27 ms)
[ RUN      ] TrackEvent:track_event_tracks
[       OK ] TrackEvent:track_event_tracks (ingest: 166.34 ms query: 0.88 ms)
[ RUN      ] TrackEvent:track_event_state_on_non_state_track
[       OK ] TrackEvent:track_event_state_on_non_state_track (ingest: 196.06 ms query: 0.18 ms)
[ RUN      ] TrackEvent:track_event_tracks_ordering
[       OK ] TrackEvent:track_event_tracks_ordering (ingest: 154.86 ms query: 0.19 ms)
[ RUN      ] TrackEvent:track_event_tracks_machine_id
[       OK ] TrackEvent:track_event_tracks_machine_id (ingest: 175.08 ms query: 0.82 ms)
[ RUN      ] TrackEvent:track_event_tracks_slices
[       OK ] TrackEvent:track_event_tracks_slices (ingest: 157.53 ms query: 0.39 ms)
[ RUN      ] TrackEvent:track_event_typed_args_args
[       OK ] TrackEvent:track_event_typed_args_args (ingest: 166.21 ms query: 0.23 ms)
[ RUN      ] TrackEvent:track_event_tracks_processes
[       OK ] TrackEvent:track_event_tracks_processes (ingest: 176.09 ms query: 0.24 ms)
[ RUN      ] TrackEvent:track_event_typed_args_slices
[       OK ] TrackEvent:track_event_typed_args_slices (ingest: 133.96 ms query: 0.30 ms)
[ RUN      ] TrackEvent:track_event_with_atrace
[       OK ] TrackEvent:track_event_with_atrace (ingest: 184.00 ms query: 0.62 ms)
[ RUN      ] TrackEvent:track_event_with_atrace_separate_tracks
[       OK ] TrackEvent:track_event_with_atrace_separate_tracks (ingest: 126.26 ms query: 0.28 ms)
[ RUN      ] TablesSched:sched_cpu_id
[       OK ] TablesSched:sched_cpu_id (ingest: 117.63 ms query: 0.10 ms)
[ RUN      ] TablesSched:sched_cpu_id_machine_id
[       OK ] TablesSched:sched_cpu_id_machine_id (ingest: 223.74 ms query: 0.28 ms)
[ RUN      ] TablesSched:ftrace_event_common_flags
[       OK ] TablesSched:ftrace_event_common_flags (ingest: 4298.13 ms query: 1.34 ms)
[ RUN      ] TablesSched:sched_waker_id
[       OK ] TablesSched:sched_waker_id (ingest: 4116.01 ms query: 0.23 ms)
[ RUN      ] TablesSched:synth_1_filter_sched
[       OK ] TablesSched:synth_1_filter_sched (ingest: 115.62 ms query: 0.09 ms)
[ RUN      ] TablesSched:sched_wakeup
[       OK ] TablesSched:sched_wakeup (ingest: 4471.86 ms query: 0.27 ms)
[ RUN      ] TablesSched:thread_executing_span_critical_path_by_intervals
[       OK ] TablesSched:thread_executing_span_critical_path_by_intervals (ingest: 137.77 ms query: 26.89 ms)
[ RUN      ] TablesSched:thread_executing_span_critical_path_by_roots
[       OK ] TablesSched:thread_executing_span_critical_path_by_roots (ingest: 130.82 ms query: 37.74 ms)
[ RUN      ] TablesSched:sched_with_thread_process
[       OK ] TablesSched:sched_with_thread_process (ingest: 4431.48 ms query: 90.16 ms)
[ RUN      ] TrackEvent:merging_regression
[       OK ] TrackEvent:merging_regression (ingest: 11814.61 ms query: 0.20 ms)
[ RUN      ] TablesSched:ftrace_event_machine_id
[       OK ] TablesSched:ftrace_event_machine_id (ingest: 11965.25 ms query: 398.38 ms)
[ RUN      ] TablesSched:thread_executing_span_graph_accepts_null_irq_context
[       OK ] TablesSched:thread_executing_span_graph_accepts_null_irq_context (ingest: 165.19 ms query: 27.64 ms)
[ RUN      ] TablesSched:android_sched_and_ps_b119496959
[       OK ] TablesSched:android_sched_and_ps_b119496959 (ingest: 13192.63 ms query: 0.78 ms)
[ RUN      ] TablesSched:android_sched_and_ps_machine_id
[       OK ] TablesSched:android_sched_and_ps_machine_id (ingest: 12911.12 ms query: 0.34 ms)
[ RUN      ] TablesSched:android_sched_and_ps_b119301023
[       OK ] TablesSched:android_sched_and_ps_b119301023 (ingest: 13477.91 ms query: 0.30 ms)
[ RUN      ] TablesSched:thread_executing_span_critical_path_utid
[       OK ] TablesSched:thread_executing_span_critical_path_utid (ingest: 4499.67 ms query: 600.11 ms)
[ RUN      ] TablesSched:thread_executing_span_graph
[       OK ] TablesSched:thread_executing_span_graph (ingest: 4523.80 ms query: 334.53 ms)
[ RUN      ] TablesSched:thread_executing_span_graph_has_no_null_dur
[       OK ] TablesSched:thread_executing_span_graph_has_no_null_dur (ingest: 4354.03 ms query: 297.38 ms)
[ RUN      ] TablesSched:thread_executing_span_intervals_to_roots
[       OK ] TablesSched:thread_executing_span_intervals_to_roots (ingest: 4312.74 ms query: 316.94 ms)
[ RUN      ] TablesSched:thread_executing_span_graph_contains_forked_states
[       OK ] TablesSched:thread_executing_span_graph_contains_forked_states (ingest: 4582.27 ms query: 291.83 ms)
[ RUN      ] TablesSched:thread_executing_span_intervals_to_roots_edge_case
[       OK ] TablesSched:thread_executing_span_intervals_to_roots_edge_case (ingest: 4283.29 ms query: 301.00 ms)
[ RUN      ] TablesSched:thread_executing_span_runnable_state_has_no_running
[       OK ] TablesSched:thread_executing_span_runnable_state_has_no_running (ingest: 4143.06 ms query: 200.99 ms)
[ RUN      ] TablesSched:thread_executing_span_critical_path_graph
[       OK ] TablesSched:thread_executing_span_critical_path_graph (ingest: 4329.84 ms query: 11515.44 ms)
[ RUN      ] TablesSched:thread_executing_span_critical_path_stack
[       OK ] TablesSched:thread_executing_span_critical_path_stack (ingest: 4198.40 ms query: 12198.52 ms)
[==========] Name filter selected 116 tests out of 1663.
[==========] 116 tests ran out of 116 total. (25449 ms total)
[  PASSED  ] 116 tests.
