[==========] Running 116 tests.
[ RUN      ] JsonParser:json_id2
[       OK ] JsonParser:json_id2 (ingest: 62.72 ms query: 2.45 ms)
[ RUN      ] JsonParser:json_flow
[       OK ] JsonParser:json_flow (ingest: 73.76 ms query: 4.18 ms)
[ RUN      ] JsonParser:json_all_slice_types
[       OK ] JsonParser:json_all_slice_types (ingest: 57.83 ms query: 5.83 ms)
[ RUN      ] JsonParser:json_async
[       OK ] JsonParser:json_async (ingest: 44.29 ms query: 7.85 ms)
[ RUN      ] JsonParser:json_extreme_vals
[       OK ] JsonParser:json_extreme_vals (ingest: 71.79 ms query: 7.45 ms)
[ RUN      ] JsonParser:invalid_string_ts_and_dur
[       OK ] JsonParser:invalid_string_ts_and_dur (ingest: 69.42 ms query: 0.07 ms)
[ RUN      ] JsonParser:json_counter_args
[       OK ] JsonParser:json_counter_args (ingest: 69.48 ms query: 0.22 ms)
[ RUN      ] JsonParser:args_ordered
[       OK ] JsonParser:args_ordered (ingest: 71.19 ms query: 0.34 ms)
[ RUN      ] JsonParser:json_pid_tid_zero
[       OK ] JsonParser:json_pid_tid_zero (ingest: 38.99 ms query: 0.08 ms)
[ RUN      ] JsonParser:json_metadata_missing_or_invalid_ts
[       OK ] JsonParser:json_metadata_missing_or_invalid_ts (ingest: 43.80 ms query: 0.09 ms)
[ RUN      ] JsonParser:json_metadata
[       OK ] JsonParser:json_metadata (ingest: 65.06 ms query: 8.41 ms)
[ RUN      ] JsonParser:json_incomplete
[       OK ] JsonParser:json_incomplete (ingest: 57.64 ms query: 0.05 ms)
[ RUN      ] JsonParser:json_id2_local_string_id
[       OK ] JsonParser:json_id2_local_string_id (ingest: 61.73 ms query: 0.18 ms)
[ RUN      ] JsonParser:json_id2_global_int_id
[       OK ] JsonParser:json_id2_global_int_id (ingest: 72.79 ms query: 0.14 ms)
[ RUN      ] JsonParser:json_id2_global_string_id
[       OK ] JsonParser:json_id2_global_string_id (ingest: 93.32 ms query: 1.54 ms)
[ RUN      ] JsonParser:json_id2_local_int_id
[       OK ] JsonParser:json_id2_local_int_id (ingest: 92.83 ms query: 0.51 ms)
[ RUN      ] JsonParser:json_thread_state
[       OK ] JsonParser:json_thread_state (ingest: 77.25 ms query: 0.52 ms)
[ RUN      ] JsonParser:json_thread_state_sched
[       OK ] JsonParser:json_thread_state_sched (ingest: 57.27 ms query: 0.24 ms)
[ RUN      ] JsonParser:overlapping_complete_event_recovered
[       OK ] JsonParser:overlapping_complete_event_recovered (ingest: 41.37 ms query: 0.33 ms)
[ RUN      ] JsonParser:overlapping_complete_event_import_log
[       OK ] JsonParser:overlapping_complete_event_import_log (ingest: 52.86 ms query: 0.27 ms)
[ RUN      ] JsonParser:json_trailing_comma
[       OK ] JsonParser:json_trailing_comma (ingest: 60.03 ms query: 0.08 ms)
[ RUN      ] JsonParser:json_sort_index_ordering
[       OK ] JsonParser:json_sort_index_ordering (ingest: 74.26 ms query: 0.31 ms)
[ RUN      ] JsonParser:json_sort_index_hints
[       OK ] JsonParser:json_sort_index_hints (ingest: 70.78 ms query: 0.47 ms)
[ RUN      ] JsonParser:json_trace_metadata
[       OK ] JsonParser:json_trace_metadata (ingest: 68.07 ms query: 0.30 ms)
[ RUN      ] JsonParser:string_pid_tid
[       OK ] JsonParser:string_pid_tid (ingest: 71.82 ms query: 0.40 ms)
[ RUN      ] JsonParser:string_tts_and_tdur
[       OK ] JsonParser:string_tts_and_tdur (ingest: 62.61 ms query: 0.25 ms)
[ RUN      ] JsonParser:string_ts_and_dur
[       OK ] JsonParser:string_ts_and_dur (ingest: 69.26 ms query: 0.15 ms)
[ RUN      ] JsonParser:string_ts_trailing_chars
[       OK ] JsonParser:string_ts_trailing_chars (ingest: 91.11 ms query: 0.14 ms)
[ RUN      ] JsonParser:trailing_empty_event
[       OK ] JsonParser:trailing_empty_event (ingest: 53.08 ms query: 0.26 ms)
[ RUN      ] JsonParser:x_event_order
[       OK ] JsonParser:x_event_order (ingest: 63.59 ms query: 0.15 ms)
[ RUN      ] ProcessTracking:cmdline_is_comm_for_kthreads
[       OK ] ProcessTracking:cmdline_is_comm_for_kthreads (ingest: 238.07 ms query: 0.18 ms)
[ RUN      ] ProcessTracking:process_is_kthread_from_procfs
[       OK ] ProcessTracking:process_is_kthread_from_procfs (ingest: 135.05 ms query: 0.14 ms)
[ RUN      ] ProcessTracking:process_age_optionality
[       OK ] ProcessTracking:process_age_optionality (ingest: 151.80 ms query: 0.12 ms)
[ RUN      ] ProcessTracking:kworker_main_thread_name_redacted
[       OK ] ProcessTracking:kworker_main_thread_name_redacted (ingest: 170.01 ms query: 0.14 ms)
[ RUN      ] ProcessTracking:main_thread_comm_from_process_tree
[       OK ] ProcessTracking:main_thread_comm_from_process_tree (ingest: 205.02 ms query: 0.31 ms)
[ RUN      ] ProcessTracking:idle_thread_single_machine
[       OK ] ProcessTracking:idle_thread_single_machine (ingest: 222.57 ms query: 0.16 ms)
[ RUN      ] ProcessTracking:process_parent_pid_process_parent_pid_tracking_1
[       OK ] ProcessTracking:process_parent_pid_process_parent_pid_tracking_1 (ingest: 121.30 ms query: 0.14 ms)
[ RUN      ] ProcessTracking:process_stats_process_runtime
[       OK ] ProcessTracking:process_stats_process_runtime (ingest: 201.98 ms query: 0.22 ms)
[ RUN      ] ProcessTracking:process_reparent_and_reuse
[       OK ] ProcessTracking:process_reparent_and_reuse (ingest: 190.16 ms query: 0.16 ms)
[ RUN      ] ProcessTracking:process_tracking_process_tracking_exec
[       OK ] ProcessTracking:process_tracking_process_tracking_exec (ingest: 126.77 ms query: 0.13 ms)
[ RUN      ] ProcessTracking:process_tracking_machine_id
[       OK ] ProcessTracking:process_tracking_machine_id (ingest: 119.29 ms query: 0.18 ms)
[ RUN      ] ProcessTracking:process_parent_pid_process_parent_pid_tracking_2
[       OK ] ProcessTracking:process_parent_pid_process_parent_pid_tracking_2 (ingest: 226.64 ms query: 0.34 ms)
[ RUN      ] ProcessTracking:process_tracking_process_tracking_short_lived_1
[       OK ] ProcessTracking:process_tracking_process_tracking_short_lived_1 (ingest: 155.02 ms query: 0.39 ms)
[ RUN      ] ProcessTracking:process_tracking
[       OK ] ProcessTracking:process_tracking (ingest: 171.29 ms query: 0.19 ms)
[ RUN      ] ProcessTracking:unknown_thread_name_tracking
[       OK ] ProcessTracking:unknown_thread_name_tracking (ingest: 51.51 ms query: 0.14 ms)
[ RUN      ] ProcessTracking:process_tracking_reused_thread_print
[       OK ] ProcessTracking:process_tracking_reused_thread_print (ingest: 119.38 ms query: 0.31 ms)
[ RUN      ] ProcessTracking:track_event_process_rename
[       OK ] ProcessTracking:track_event_process_rename (ingest: 206.68 ms query: 0.23 ms)
[ RUN      ] ProcessTracking:process_tracking_process_tracking_short_lived_2
[       OK ] ProcessTracking:process_tracking_process_tracking_short_lived_2 (ingest: 158.35 ms query: 0.15 ms)
[ RUN      ] ProcessTracking:slice_with_pid_sde_tracing_mark_write
[       OK ] ProcessTracking:slice_with_pid_sde_tracing_mark_write (ingest: 213.47 ms query: 0.20 ms)
[ RUN      ] TrackEvent:experimental_slice_layout_depth
[       OK ] TrackEvent:experimental_slice_layout_depth (ingest: 130.26 ms query: 0.40 ms)
[ RUN      ] ProcessTracking:process_tracking_uid
[       OK ] ProcessTracking:process_tracking_uid (ingest: 193.16 ms query: 0.20 ms)
[ RUN      ] TrackEvent:flow_events_proto_v1
[       OK ] TrackEvent:flow_events_proto_v1 (ingest: 152.94 ms query: 0.37 ms)
[ RUN      ] TrackEvent:incremental_counter_sequences
[       OK ] TrackEvent:incremental_counter_sequences (ingest: 169.87 ms query: 0.26 ms)
[ RUN      ] TrackEvent:flow_events_track_event
[       OK ] TrackEvent:flow_events_track_event (ingest: 192.18 ms query: 0.19 ms)
[ RUN      ] TrackEvent:legacy_async_event
[       OK ] TrackEvent:legacy_async_event (ingest: 197.18 ms query: 0.43 ms)
[ RUN      ] TrackEvent:flow_events_proto_v2
[       OK ] TrackEvent:flow_events_proto_v2 (ingest: 205.16 ms query: 0.62 ms)
[ RUN      ] TrackEvent:range_of_interest
[       OK ] TrackEvent:range_of_interest (ingest: 120.89 ms query: 0.07 ms)
[ RUN      ] TrackEvent:state_track_legacy_fallback_error
[       OK ] TrackEvent:state_track_legacy_fallback_error (ingest: 121.56 ms query: 0.08 ms)
[ RUN      ] TrackEvent:track_event_absolute_timestamp_us_overflow
[       OK ] TrackEvent:track_event_absolute_timestamp_us_overflow (ingest: 144.32 ms query: 0.34 ms)
[ RUN      ] TrackEvent:streaming_profile_timestamp_delta_overflow
[       OK ] TrackEvent:streaming_profile_timestamp_delta_overflow (ingest: 183.11 ms query: 0.19 ms)
[ RUN      ] TrackEvent:track_event_callstacks
[       OK ] TrackEvent:track_event_callstacks (ingest: 132.79 ms query: 0.39 ms)
[ RUN      ] TrackEvent:track_descriptor_process_thread_sort_index
[       OK ] TrackEvent:track_descriptor_process_thread_sort_index (ingest: 172.47 ms query: 0.35 ms)
[ RUN      ] TrackEvent:track_descriptor_process_thread_sort_index_default_ignored
[       OK ] TrackEvent:track_descriptor_process_thread_sort_index_default_ignored (ingest: 175.45 ms query: 0.67 ms)
[ RUN      ] TrackEvent:track_event_callstack_weights
[       OK ] TrackEvent:track_event_callstack_weights (ingest: 167.19 ms query: 0.32 ms)
[ RUN      ] TrackEvent:track_event_counters_counters_machine_id
[       OK ] TrackEvent:track_event_counters_counters_machine_id (ingest: 112.84 ms query: 0.06 ms)
[ RUN      ] TrackEvent:track_event_descriptions
[       OK ] TrackEvent:track_event_descriptions (ingest: 120.26 ms query: 0.36 ms)
[ RUN      ] TrackEvent:track_event_chrome_histogram_sample_args
[       OK ] TrackEvent:track_event_chrome_histogram_sample_args (ingest: 164.71 ms query: 0.20 ms)
[ RUN      ] TrackEvent:track_event_counters_counters
[       OK ] TrackEvent:track_event_counters_counters (ingest: 158.21 ms query: 1.04 ms)
[ RUN      ] TrackEvent:track_event_delta_timestamp_addition_overflow
[       OK ] TrackEvent:track_event_delta_timestamp_addition_overflow (ingest: 148.64 ms query: 0.15 ms)
[ RUN      ] TrackEvent:track_event_counters_slices
[       OK ] TrackEvent:track_event_counters_slices (ingest: 176.00 ms query: 0.34 ms)
[ RUN      ] TrackEvent:track_event_merged_debug_annotations_args
[       OK ] TrackEvent:track_event_merged_debug_annotations_args (ingest: 144.71 ms query: 0.20 ms)
[ RUN      ] TrackEvent:track_event_instant_slices
[       OK ] TrackEvent:track_event_instant_slices (ingest: 182.69 ms query: 0.63 ms)
[ RUN      ] TrackEvent:track_event_name_resolution
[       OK ] TrackEvent:track_event_name_resolution (ingest: 132.64 ms query: 0.09 ms)
[ RUN      ] TrackEvent:track_event_name_resolution_extended
[       OK ] TrackEvent:track_event_name_resolution_extended (ingest: 122.05 ms query: 0.10 ms)
[ RUN      ] TrackEvent:track_event_monotonic_trace_clock_slices
[       OK ] TrackEvent:track_event_monotonic_trace_clock_slices (ingest: 177.57 ms query: 5.60 ms)
[ RUN      ] TrackEvent:track_event_name_resolution_null_override
[       OK ] TrackEvent:track_event_name_resolution_null_override (ingest: 154.20 ms query: 0.07 ms)
[ RUN      ] TrackEvent:track_event_state_on_non_state_track
[       OK ] TrackEvent:track_event_state_on_non_state_track (ingest: 112.65 ms query: 0.08 ms)
[ RUN      ] TrackEvent:track_event_simple_state
[       OK ] TrackEvent:track_event_simple_state (ingest: 156.35 ms query: 0.34 ms)
[ RUN      ] ProcessTracking:idle_thread_multi_machine
[       OK ] ProcessTracking:idle_thread_multi_machine (ingest: 2519.46 ms query: 0.97 ms)
[ RUN      ] TrackEvent:track_event_out_of_order_state_descriptors
[       OK ] TrackEvent:track_event_out_of_order_state_descriptors (ingest: 201.22 ms query: 0.26 ms)
[ RUN      ] TrackEvent:track_event_same_tids_threads
[       OK ] TrackEvent:track_event_same_tids_threads (ingest: 196.63 ms query: 0.19 ms)
[ RUN      ] TrackEvent:track_event_same_tids_slices
[       OK ] TrackEvent:track_event_same_tids_slices (ingest: 222.70 ms query: 0.28 ms)
[ RUN      ] TrackEvent:track_event_state_state
[       OK ] TrackEvent:track_event_state_state (ingest: 147.83 ms query: 0.30 ms)
[ RUN      ] TrackEvent:track_event_typed_args_slices
[       OK ] TrackEvent:track_event_typed_args_slices (ingest: 123.08 ms query: 0.30 ms)
[ RUN      ] TrackEvent:track_event_typed_args_args
[       OK ] TrackEvent:track_event_typed_args_args (ingest: 143.69 ms query: 0.23 ms)
[ RUN      ] TrackEvent:track_event_tracks_slices
[       OK ] TrackEvent:track_event_tracks_slices (ingest: 154.63 ms query: 0.39 ms)
[ RUN      ] TrackEvent:track_event_tracks
[       OK ] TrackEvent:track_event_tracks (ingest: 197.96 ms query: 2.04 ms)
[ RUN      ] TrackEvent:track_event_tracks_ordering
[       OK ] TrackEvent:track_event_tracks_ordering (ingest: 214.46 ms query: 0.20 ms)
[ RUN      ] TrackEvent:track_event_tracks_processes
[       OK ] TrackEvent:track_event_tracks_processes (ingest: 202.14 ms query: 0.12 ms)
[ RUN      ] TrackEvent:track_event_tracks_machine_id
[       OK ] TrackEvent:track_event_tracks_machine_id (ingest: 245.98 ms query: 0.90 ms)
[ RUN      ] TrackEvent:track_event_with_atrace
[       OK ] TrackEvent:track_event_with_atrace (ingest: 176.14 ms query: 0.28 ms)
[ RUN      ] TrackEvent:track_event_with_atrace_separate_tracks
[       OK ] TrackEvent:track_event_with_atrace_separate_tracks (ingest: 175.42 ms query: 0.64 ms)
[ RUN      ] TablesSched:sched_cpu_id
[       OK ] TablesSched:sched_cpu_id (ingest: 182.32 ms query: 0.21 ms)
[ RUN      ] TablesSched:sched_cpu_id_machine_id
[       OK ] TablesSched:sched_cpu_id_machine_id (ingest: 239.19 ms query: 0.27 ms)
[ RUN      ] TablesSched:ftrace_event_common_flags
[       OK ] TablesSched:ftrace_event_common_flags (ingest: 5050.57 ms query: 1.36 ms)
[ RUN      ] TablesSched:sched_waker_id
[       OK ] TablesSched:sched_waker_id (ingest: 5295.22 ms query: 0.47 ms)
[ RUN      ] TablesSched:sched_wakeup
[       OK ] TablesSched:sched_wakeup (ingest: 5269.99 ms query: 0.24 ms)
[ RUN      ] TablesSched:synth_1_filter_sched
[       OK ] TablesSched:synth_1_filter_sched (ingest: 110.39 ms query: 0.10 ms)
[ RUN      ] TablesSched:thread_executing_span_critical_path_by_intervals
[       OK ] TablesSched:thread_executing_span_critical_path_by_intervals (ingest: 117.72 ms query: 28.19 ms)
[ RUN      ] TablesSched:thread_executing_span_critical_path_by_roots
[       OK ] TablesSched:thread_executing_span_critical_path_by_roots (ingest: 134.91 ms query: 31.32 ms)
[ RUN      ] TablesSched:sched_with_thread_process
[       OK ] TablesSched:sched_with_thread_process (ingest: 5162.56 ms query: 95.12 ms)
[ RUN      ] TrackEvent:merging_regression
[       OK ] TrackEvent:merging_regression (ingest: 14312.61 ms query: 0.20 ms)
[ RUN      ] TablesSched:android_sched_and_ps_b119496959
[       OK ] TablesSched:android_sched_and_ps_b119496959 (ingest: 15092.21 ms query: 0.30 ms)
[ RUN      ] TablesSched:android_sched_and_ps_b119301023
[       OK ] TablesSched:android_sched_and_ps_b119301023 (ingest: 15199.20 ms query: 0.29 ms)
[ RUN      ] TablesSched:thread_executing_span_graph_accepts_null_irq_context
[       OK ] TablesSched:thread_executing_span_graph_accepts_null_irq_context (ingest: 136.19 ms query: 25.81 ms)
[ RUN      ] TablesSched:android_sched_and_ps_machine_id
[       OK ] TablesSched:android_sched_and_ps_machine_id (ingest: 15124.71 ms query: 0.34 ms)
[ RUN      ] TablesSched:ftrace_event_machine_id
[       OK ] TablesSched:ftrace_event_machine_id (ingest: 15099.44 ms query: 564.04 ms)
[ RUN      ] TablesSched:thread_executing_span_critical_path_utid
[       OK ] TablesSched:thread_executing_span_critical_path_utid (ingest: 5243.68 ms query: 716.09 ms)
[ RUN      ] TablesSched:thread_executing_span_graph
[       OK ] TablesSched:thread_executing_span_graph (ingest: 5320.90 ms query: 369.27 ms)
[ RUN      ] TablesSched:thread_executing_span_graph_has_no_null_dur
[       OK ] TablesSched:thread_executing_span_graph_has_no_null_dur (ingest: 4953.36 ms query: 318.50 ms)
[ RUN      ] TablesSched:thread_executing_span_intervals_to_roots
[       OK ] TablesSched:thread_executing_span_intervals_to_roots (ingest: 4812.35 ms query: 345.31 ms)
[ RUN      ] TablesSched:thread_executing_span_graph_contains_forked_states
[       OK ] TablesSched:thread_executing_span_graph_contains_forked_states (ingest: 5189.72 ms query: 283.91 ms)
[ RUN      ] TablesSched:thread_executing_span_intervals_to_roots_edge_case
[       OK ] TablesSched:thread_executing_span_intervals_to_roots_edge_case (ingest: 4629.39 ms query: 244.27 ms)
[ RUN      ] TablesSched:thread_executing_span_runnable_state_has_no_running
[       OK ] TablesSched:thread_executing_span_runnable_state_has_no_running (ingest: 4472.00 ms query: 212.90 ms)
[ RUN      ] TablesSched:thread_executing_span_critical_path_graph
[       OK ] TablesSched:thread_executing_span_critical_path_graph (ingest: 5229.94 ms query: 12732.25 ms)
[ RUN      ] TablesSched:thread_executing_span_critical_path_stack
[       OK ] TablesSched:thread_executing_span_critical_path_stack (ingest: 5114.83 ms query: 13235.36 ms)
[==========] Name filter selected 116 tests out of 1663.
[==========] 116 tests ran out of 116 total. (28718 ms total)
[  PASSED  ] 116 tests.
