[==========] Running 116 tests.
[ RUN      ] JsonParser:json_extreme_vals
[       OK ] JsonParser:json_extreme_vals (ingest: 51.18 ms query: 2.73 ms)
[ RUN      ] JsonParser:invalid_string_ts_and_dur
[       OK ] JsonParser:invalid_string_ts_and_dur (ingest: 87.59 ms query: 0.06 ms)
[ RUN      ] JsonParser:json_flow
[       OK ] JsonParser:json_flow (ingest: 52.62 ms query: 2.92 ms)
[ RUN      ] JsonParser:args_ordered
[       OK ] JsonParser:args_ordered (ingest: 71.51 ms query: 0.33 ms)
[ RUN      ] JsonParser:json_all_slice_types
[       OK ] JsonParser:json_all_slice_types (ingest: 64.18 ms query: 15.71 ms)
[ RUN      ] JsonParser:json_counter_args
[       OK ] JsonParser:json_counter_args (ingest: 71.40 ms query: 0.21 ms)
[ RUN      ] JsonParser:json_async
[       OK ] JsonParser:json_async (ingest: 78.63 ms query: 4.98 ms)
[ RUN      ] JsonParser:json_id2
[       OK ] JsonParser:json_id2 (ingest: 49.83 ms query: 6.36 ms)
[ RUN      ] JsonParser:json_id2_global_int_id
[       OK ] JsonParser:json_id2_global_int_id (ingest: 72.43 ms query: 0.32 ms)
[ RUN      ] JsonParser:json_id2_local_string_id
[       OK ] JsonParser:json_id2_local_string_id (ingest: 66.73 ms query: 0.13 ms)
[ RUN      ] JsonParser:json_id2_global_string_id
[       OK ] JsonParser:json_id2_global_string_id (ingest: 70.10 ms query: 0.13 ms)
[ RUN      ] JsonParser:json_id2_local_int_id
[       OK ] JsonParser:json_id2_local_int_id (ingest: 67.50 ms query: 0.13 ms)
[ RUN      ] JsonParser:json_metadata
[       OK ] JsonParser:json_metadata (ingest: 57.44 ms query: 7.40 ms)
[ RUN      ] JsonParser:json_metadata_missing_or_invalid_ts
[       OK ] JsonParser:json_metadata_missing_or_invalid_ts (ingest: 58.30 ms query: 0.09 ms)
[ RUN      ] JsonParser:json_incomplete
[       OK ] JsonParser:json_incomplete (ingest: 80.24 ms query: 0.06 ms)
[ RUN      ] JsonParser:json_trace_metadata
[       OK ] JsonParser:json_trace_metadata (ingest: 38.46 ms query: 0.12 ms)
[ RUN      ] JsonParser:json_pid_tid_zero
[       OK ] JsonParser:json_pid_tid_zero (ingest: 119.85 ms query: 0.07 ms)
[ RUN      ] JsonParser:json_thread_state
[       OK ] JsonParser:json_thread_state (ingest: 78.55 ms query: 0.76 ms)
[ RUN      ] JsonParser:json_thread_state_sched
[       OK ] JsonParser:json_thread_state_sched (ingest: 85.85 ms query: 0.24 ms)
[ RUN      ] JsonParser:overlapping_complete_event_import_log
[       OK ] JsonParser:overlapping_complete_event_import_log (ingest: 41.50 ms query: 0.29 ms)
[ RUN      ] JsonParser:json_sort_index_hints
[       OK ] JsonParser:json_sort_index_hints (ingest: 67.15 ms query: 0.22 ms)
[ RUN      ] JsonParser:json_trailing_comma
[       OK ] JsonParser:json_trailing_comma (ingest: 55.31 ms query: 0.18 ms)
[ RUN      ] JsonParser:json_sort_index_ordering
[       OK ] JsonParser:json_sort_index_ordering (ingest: 101.00 ms query: 0.29 ms)
[ RUN      ] JsonParser:trailing_empty_event
[       OK ] JsonParser:trailing_empty_event (ingest: 48.19 ms query: 0.11 ms)
[ RUN      ] JsonParser:x_event_order
[       OK ] JsonParser:x_event_order (ingest: 48.79 ms query: 0.20 ms)
[ RUN      ] JsonParser:overlapping_complete_event_recovered
[       OK ] JsonParser:overlapping_complete_event_recovered (ingest: 69.81 ms query: 0.14 ms)
[ RUN      ] JsonParser:string_pid_tid
[       OK ] JsonParser:string_pid_tid (ingest: 75.70 ms query: 0.17 ms)
[ RUN      ] JsonParser:string_tts_and_tdur
[       OK ] JsonParser:string_tts_and_tdur (ingest: 64.15 ms query: 0.08 ms)
[ RUN      ] JsonParser:string_ts_trailing_chars
[       OK ] JsonParser:string_ts_trailing_chars (ingest: 61.54 ms query: 0.06 ms)
[ RUN      ] JsonParser:string_ts_and_dur
[       OK ] JsonParser:string_ts_and_dur (ingest: 92.78 ms query: 3.87 ms)
[ RUN      ] ProcessTracking:cmdline_is_comm_for_kthreads
[       OK ] ProcessTracking:cmdline_is_comm_for_kthreads (ingest: 238.23 ms query: 0.51 ms)
[ RUN      ] ProcessTracking:kworker_main_thread_name_redacted
[       OK ] ProcessTracking:kworker_main_thread_name_redacted (ingest: 119.89 ms query: 0.14 ms)
[ RUN      ] ProcessTracking:process_age_optionality
[       OK ] ProcessTracking:process_age_optionality (ingest: 155.80 ms query: 0.13 ms)
[ RUN      ] ProcessTracking:process_is_kthread_from_procfs
[       OK ] ProcessTracking:process_is_kthread_from_procfs (ingest: 148.55 ms query: 0.17 ms)
[ RUN      ] ProcessTracking:main_thread_comm_from_process_tree
[       OK ] ProcessTracking:main_thread_comm_from_process_tree (ingest: 146.70 ms query: 0.16 ms)
[ RUN      ] ProcessTracking:process_parent_pid_process_parent_pid_tracking_1
[       OK ] ProcessTracking:process_parent_pid_process_parent_pid_tracking_1 (ingest: 193.75 ms query: 0.15 ms)
[ RUN      ] ProcessTracking:idle_thread_single_machine
[       OK ] ProcessTracking:idle_thread_single_machine (ingest: 292.83 ms query: 0.15 ms)
[ RUN      ] ProcessTracking:process_stats_process_runtime
[       OK ] ProcessTracking:process_stats_process_runtime (ingest: 174.80 ms query: 0.22 ms)
[ RUN      ] ProcessTracking:process_parent_pid_process_parent_pid_tracking_2
[       OK ] ProcessTracking:process_parent_pid_process_parent_pid_tracking_2 (ingest: 190.56 ms query: 0.13 ms)
[ RUN      ] ProcessTracking:process_tracking
[       OK ] ProcessTracking:process_tracking (ingest: 136.56 ms query: 0.80 ms)
[ RUN      ] ProcessTracking:process_reparent_and_reuse
[       OK ] ProcessTracking:process_reparent_and_reuse (ingest: 186.50 ms query: 0.58 ms)
[ RUN      ] ProcessTracking:process_tracking_machine_id
[       OK ] ProcessTracking:process_tracking_machine_id (ingest: 120.11 ms query: 0.58 ms)
[ RUN      ] ProcessTracking:process_tracking_process_tracking_exec
[       OK ] ProcessTracking:process_tracking_process_tracking_exec (ingest: 200.94 ms query: 0.32 ms)
[ RUN      ] ProcessTracking:process_tracking_process_tracking_short_lived_1
[       OK ] ProcessTracking:process_tracking_process_tracking_short_lived_1 (ingest: 189.26 ms query: 0.14 ms)
[ RUN      ] ProcessTracking:process_tracking_process_tracking_short_lived_2
[       OK ] ProcessTracking:process_tracking_process_tracking_short_lived_2 (ingest: 132.93 ms query: 0.32 ms)
[ RUN      ] ProcessTracking:process_tracking_uid
[       OK ] ProcessTracking:process_tracking_uid (ingest: 128.18 ms query: 0.09 ms)
[ RUN      ] ProcessTracking:process_tracking_reused_thread_print
[       OK ] ProcessTracking:process_tracking_reused_thread_print (ingest: 112.56 ms query: 0.33 ms)
[ RUN      ] ProcessTracking:track_event_process_rename
[       OK ] ProcessTracking:track_event_process_rename (ingest: 186.92 ms query: 0.34 ms)
[ RUN      ] ProcessTracking:unknown_thread_name_tracking
[       OK ] ProcessTracking:unknown_thread_name_tracking (ingest: 54.04 ms query: 0.43 ms)
[ RUN      ] ProcessTracking:slice_with_pid_sde_tracing_mark_write
[       OK ] ProcessTracking:slice_with_pid_sde_tracing_mark_write (ingest: 215.59 ms query: 0.19 ms)
[ RUN      ] TrackEvent:flow_events_track_event
[       OK ] TrackEvent:flow_events_track_event (ingest: 178.51 ms query: 0.18 ms)
[ RUN      ] TrackEvent:flow_events_proto_v1
[       OK ] TrackEvent:flow_events_proto_v1 (ingest: 182.13 ms query: 0.39 ms)
[ RUN      ] TrackEvent:incremental_counter_sequences
[       OK ] TrackEvent:incremental_counter_sequences (ingest: 149.27 ms query: 0.13 ms)
[ RUN      ] TrackEvent:flow_events_proto_v2
[       OK ] TrackEvent:flow_events_proto_v2 (ingest: 159.21 ms query: 0.39 ms)
[ RUN      ] TrackEvent:legacy_async_event
[       OK ] TrackEvent:legacy_async_event (ingest: 112.58 ms query: 0.44 ms)
[ RUN      ] TrackEvent:experimental_slice_layout_depth
[       OK ] TrackEvent:experimental_slice_layout_depth (ingest: 198.01 ms query: 1.31 ms)
[ RUN      ] TrackEvent:track_descriptor_process_thread_sort_index
[       OK ] TrackEvent:track_descriptor_process_thread_sort_index (ingest: 129.66 ms query: 0.15 ms)
[ RUN      ] TrackEvent:track_descriptor_process_thread_sort_index_default_ignored
[       OK ] TrackEvent:track_descriptor_process_thread_sort_index_default_ignored (ingest: 139.57 ms query: 0.30 ms)
[ RUN      ] TrackEvent:track_event_absolute_timestamp_us_overflow
[       OK ] TrackEvent:track_event_absolute_timestamp_us_overflow (ingest: 144.90 ms query: 0.34 ms)
[ RUN      ] TrackEvent:range_of_interest
[       OK ] TrackEvent:range_of_interest (ingest: 157.16 ms query: 0.07 ms)
[ RUN      ] TrackEvent:streaming_profile_timestamp_delta_overflow
[       OK ] TrackEvent:streaming_profile_timestamp_delta_overflow (ingest: 182.25 ms query: 0.19 ms)
[ RUN      ] TrackEvent:state_track_legacy_fallback_error
[       OK ] TrackEvent:state_track_legacy_fallback_error (ingest: 160.21 ms query: 0.08 ms)
[ RUN      ] TrackEvent:track_event_counters_slices
[       OK ] TrackEvent:track_event_counters_slices (ingest: 112.34 ms query: 0.31 ms)
[ RUN      ] TrackEvent:track_event_counters_counters
[       OK ] TrackEvent:track_event_counters_counters (ingest: 126.66 ms query: 0.41 ms)
[ RUN      ] TrackEvent:track_event_counters_counters_machine_id
[       OK ] TrackEvent:track_event_counters_counters_machine_id (ingest: 112.33 ms query: 0.06 ms)
[ RUN      ] TrackEvent:track_event_callstack_weights
[       OK ] TrackEvent:track_event_callstack_weights (ingest: 201.89 ms query: 0.18 ms)
[ RUN      ] TrackEvent:track_event_callstacks
[       OK ] TrackEvent:track_event_callstacks (ingest: 191.00 ms query: 0.91 ms)
[ RUN      ] TrackEvent:track_event_chrome_histogram_sample_args
[       OK ] TrackEvent:track_event_chrome_histogram_sample_args (ingest: 210.11 ms query: 0.20 ms)
[ RUN      ] TrackEvent:track_event_name_resolution
[       OK ] TrackEvent:track_event_name_resolution (ingest: 103.88 ms query: 0.09 ms)
[ RUN      ] TrackEvent:track_event_merged_debug_annotations_args
[       OK ] TrackEvent:track_event_merged_debug_annotations_args (ingest: 110.80 ms query: 0.20 ms)
[ RUN      ] TrackEvent:track_event_instant_slices
[       OK ] TrackEvent:track_event_instant_slices (ingest: 134.62 ms query: 0.27 ms)
[ RUN      ] TrackEvent:track_event_monotonic_trace_clock_slices
[       OK ] TrackEvent:track_event_monotonic_trace_clock_slices (ingest: 116.47 ms query: 0.27 ms)
[ RUN      ] TrackEvent:track_event_descriptions
[       OK ] TrackEvent:track_event_descriptions (ingest: 187.35 ms query: 0.36 ms)
[ RUN      ] TrackEvent:track_event_delta_timestamp_addition_overflow
[       OK ] TrackEvent:track_event_delta_timestamp_addition_overflow (ingest: 210.71 ms query: 0.36 ms)
[ RUN      ] TrackEvent:track_event_name_resolution_null_override
[       OK ] TrackEvent:track_event_name_resolution_null_override (ingest: 144.08 ms query: 0.14 ms)
[ RUN      ] TrackEvent:track_event_same_tids_slices
[       OK ] TrackEvent:track_event_same_tids_slices (ingest: 132.55 ms query: 0.26 ms)
[ RUN      ] TrackEvent:track_event_same_tids_threads
[       OK ] TrackEvent:track_event_same_tids_threads (ingest: 110.73 ms query: 0.16 ms)
[ RUN      ] TrackEvent:track_event_simple_state
[       OK ] TrackEvent:track_event_simple_state (ingest: 113.29 ms query: 0.12 ms)
[ RUN      ] TrackEvent:track_event_name_resolution_extended
[       OK ] TrackEvent:track_event_name_resolution_extended (ingest: 168.83 ms query: 0.24 ms)
[ RUN      ] TrackEvent:track_event_out_of_order_state_descriptors
[       OK ] TrackEvent:track_event_out_of_order_state_descriptors (ingest: 184.49 ms query: 0.14 ms)
[ RUN      ] TrackEvent:track_event_tracks_machine_id
[       OK ] TrackEvent:track_event_tracks_machine_id (ingest: 106.32 ms query: 0.35 ms)
[ RUN      ] TrackEvent:track_event_tracks_ordering
[       OK ] TrackEvent:track_event_tracks_ordering (ingest: 119.04 ms query: 0.19 ms)
[ RUN      ] TrackEvent:track_event_tracks_processes
[       OK ] TrackEvent:track_event_tracks_processes (ingest: 106.14 ms query: 0.11 ms)
[ RUN      ] TrackEvent:track_event_tracks
[       OK ] TrackEvent:track_event_tracks (ingest: 158.61 ms query: 0.37 ms)
[ RUN      ] TrackEvent:track_event_state_state
[       OK ] TrackEvent:track_event_state_state (ingest: 164.39 ms query: 0.30 ms)
[ RUN      ] TrackEvent:track_event_state_on_non_state_track
[       OK ] TrackEvent:track_event_state_on_non_state_track (ingest: 190.18 ms query: 0.08 ms)
[ RUN      ] ProcessTracking:idle_thread_multi_machine
[       OK ] ProcessTracking:idle_thread_multi_machine (ingest: 2598.74 ms query: 2.90 ms)
[ RUN      ] TrackEvent:track_event_with_atrace_separate_tracks
[       OK ] TrackEvent:track_event_with_atrace_separate_tracks (ingest: 125.48 ms query: 0.28 ms)
[ RUN      ] TrackEvent:track_event_typed_args_slices
[       OK ] TrackEvent:track_event_typed_args_slices (ingest: 175.13 ms query: 0.30 ms)
[ RUN      ] TrackEvent:track_event_with_atrace
[       OK ] TrackEvent:track_event_with_atrace (ingest: 172.57 ms query: 0.28 ms)
[ RUN      ] TrackEvent:track_event_tracks_slices
[       OK ] TrackEvent:track_event_tracks_slices (ingest: 193.08 ms query: 0.90 ms)
[ RUN      ] TrackEvent:track_event_typed_args_args
[       OK ] TrackEvent:track_event_typed_args_args (ingest: 260.55 ms query: 0.22 ms)
[ RUN      ] TablesSched:sched_cpu_id
[       OK ] TablesSched:sched_cpu_id (ingest: 170.07 ms query: 0.10 ms)
[ RUN      ] TablesSched:sched_cpu_id_machine_id
[       OK ] TablesSched:sched_cpu_id_machine_id (ingest: 236.04 ms query: 0.29 ms)
[ RUN      ] TablesSched:ftrace_event_common_flags
[       OK ] TablesSched:ftrace_event_common_flags (ingest: 5225.30 ms query: 0.68 ms)
[ RUN      ] TablesSched:sched_wakeup
[       OK ] TablesSched:sched_wakeup (ingest: 5169.55 ms query: 0.12 ms)
[ RUN      ] TablesSched:sched_waker_id
[       OK ] TablesSched:sched_waker_id (ingest: 5453.38 ms query: 0.26 ms)
[ RUN      ] TablesSched:synth_1_filter_sched
[       OK ] TablesSched:synth_1_filter_sched (ingest: 110.99 ms query: 0.10 ms)
[ RUN      ] TablesSched:thread_executing_span_critical_path_by_intervals
[       OK ] TablesSched:thread_executing_span_critical_path_by_intervals (ingest: 117.93 ms query: 28.02 ms)
[ RUN      ] TablesSched:thread_executing_span_critical_path_by_roots
[       OK ] TablesSched:thread_executing_span_critical_path_by_roots (ingest: 118.61 ms query: 23.62 ms)
[ RUN      ] TablesSched:sched_with_thread_process
[       OK ] TablesSched:sched_with_thread_process (ingest: 5393.69 ms query: 102.19 ms)
[ RUN      ] TrackEvent:merging_regression
[       OK ] TrackEvent:merging_regression (ingest: 14572.67 ms query: 0.22 ms)
[ RUN      ] TablesSched:android_sched_and_ps_b119496959
[       OK ] TablesSched:android_sched_and_ps_b119496959 (ingest: 14935.24 ms query: 0.29 ms)
[ RUN      ] TablesSched:thread_executing_span_graph_accepts_null_irq_context
[       OK ] TablesSched:thread_executing_span_graph_accepts_null_irq_context (ingest: 136.06 ms query: 20.35 ms)
[ RUN      ] TablesSched:android_sched_and_ps_b119301023
[       OK ] TablesSched:android_sched_and_ps_b119301023 (ingest: 15341.14 ms query: 0.71 ms)
[ RUN      ] TablesSched:android_sched_and_ps_machine_id
[       OK ] TablesSched:android_sched_and_ps_machine_id (ingest: 15187.62 ms query: 0.35 ms)
[ RUN      ] TablesSched:ftrace_event_machine_id
[       OK ] TablesSched:ftrace_event_machine_id (ingest: 15475.27 ms query: 511.07 ms)
[ RUN      ] TablesSched:thread_executing_span_critical_path_utid
[       OK ] TablesSched:thread_executing_span_critical_path_utid (ingest: 5256.15 ms query: 673.48 ms)
[ RUN      ] TablesSched:thread_executing_span_graph
[       OK ] TablesSched:thread_executing_span_graph (ingest: 5239.69 ms query: 322.89 ms)
[ RUN      ] TablesSched:thread_executing_span_graph_has_no_null_dur
[       OK ] TablesSched:thread_executing_span_graph_has_no_null_dur (ingest: 4815.07 ms query: 309.03 ms)
[ RUN      ] TablesSched:thread_executing_span_graph_contains_forked_states
[       OK ] TablesSched:thread_executing_span_graph_contains_forked_states (ingest: 4956.41 ms query: 285.17 ms)
[ RUN      ] TablesSched:thread_executing_span_intervals_to_roots
[       OK ] TablesSched:thread_executing_span_intervals_to_roots (ingest: 4757.81 ms query: 267.36 ms)
[ RUN      ] TablesSched:thread_executing_span_intervals_to_roots_edge_case
[       OK ] TablesSched:thread_executing_span_intervals_to_roots_edge_case (ingest: 4581.94 ms query: 226.58 ms)
[ RUN      ] TablesSched:thread_executing_span_runnable_state_has_no_running
[       OK ] TablesSched:thread_executing_span_runnable_state_has_no_running (ingest: 4313.83 ms query: 217.06 ms)
[ RUN      ] TablesSched:thread_executing_span_critical_path_graph
[       OK ] TablesSched:thread_executing_span_critical_path_graph (ingest: 5290.19 ms query: 12575.80 ms)
[ RUN      ] TablesSched:thread_executing_span_critical_path_stack
[       OK ] TablesSched:thread_executing_span_critical_path_stack (ingest: 5336.91 ms query: 13046.06 ms)
[==========] Name filter selected 116 tests out of 1663.
[==========] 116 tests ran out of 116 total. (28616 ms total)
[  PASSED  ] 116 tests.
